Archive member included to satisfy reference by file (symbol)

c:/siliconlabs/simplicitystudio/v5/developer/toolchains/gnu_arm/12.2.rel1_2023.7/bin/../lib/gcc/arm-none-eabi/12.2.1/thumb/v7e-m+fp/softfp\libgcc.a(_arm_addsubdf3.o)
                              ./wiseconnect3_sdk_3.1.4/components/device/silabs/si91x/mcu/drivers/peripheral_drivers/src/clock_update.o (__aeabi_dadd)
c:/siliconlabs/simplicitystudio/v5/developer/toolchains/gnu_arm/12.2.rel1_2023.7/bin/../lib/gcc/arm-none-eabi/12.2.1/thumb/v7e-m+fp/softfp\libgcc.a(_arm_muldivdf3.o)
                              ./wiseconnect3_sdk_3.1.4/components/device/silabs/si91x/mcu/drivers/peripheral_drivers/src/clock_update.o (__aeabi_ddiv)
c:/siliconlabs/simplicitystudio/v5/developer/toolchains/gnu_arm/12.2.rel1_2023.7/bin/../lib/gcc/arm-none-eabi/12.2.1/thumb/v7e-m+fp/softfp\libgcc.a(_arm_fixunsdfsi.o)
                              ./wiseconnect3_sdk_3.1.4/components/device/silabs/si91x/mcu/drivers/peripheral_drivers/src/clock_update.o (__aeabi_d2uiz)
c:/siliconlabs/simplicitystudio/v5/developer/toolchains/gnu_arm/12.2.rel1_2023.7/bin/../lib/gcc/arm-none-eabi/12.2.1/thumb/v7e-m+fp/softfp\libc_nano.a(libc_a-exit.o)
                              c:/siliconlabs/simplicitystudio/v5/developer/toolchains/gnu_arm/12.2.rel1_2023.7/bin/../lib/gcc/arm-none-eabi/12.2.1/thumb/v7e-m+fp/softfp/crt0.o (exit)
c:/siliconlabs/simplicitystudio/v5/developer/toolchains/gnu_arm/12.2.rel1_2023.7/bin/../lib/gcc/arm-none-eabi/12.2.1/thumb/v7e-m+fp/softfp\libc_nano.a(libc_a-malloc.o)
                              ./wiseconnect3_sdk_3.1.4/components/device/silabs/si91x/wireless/memory/mem_pool_buffers.o (malloc)
c:/siliconlabs/simplicitystudio/v5/developer/toolchains/gnu_arm/12.2.rel1_2023.7/bin/../lib/gcc/arm-none-eabi/12.2.1/thumb/v7e-m+fp/softfp\libc_nano.a(libc_a-mallocr.o)
                              c:/siliconlabs/simplicitystudio/v5/developer/toolchains/gnu_arm/12.2.rel1_2023.7/bin/../lib/gcc/arm-none-eabi/12.2.1/thumb/v7e-m+fp/softfp\libc_nano.a(libc_a-malloc.o) (_malloc_r)
c:/siliconlabs/simplicitystudio/v5/developer/toolchains/gnu_arm/12.2.rel1_2023.7/bin/../lib/gcc/arm-none-eabi/12.2.1/thumb/v7e-m+fp/softfp\libc_nano.a(libc_a-mlock.o)
                              c:/siliconlabs/simplicitystudio/v5/developer/toolchains/gnu_arm/12.2.rel1_2023.7/bin/../lib/gcc/arm-none-eabi/12.2.1/thumb/v7e-m+fp/softfp\libc_nano.a(libc_a-mallocr.o) (__malloc_lock)
c:/siliconlabs/simplicitystudio/v5/developer/toolchains/gnu_arm/12.2.rel1_2023.7/bin/../lib/gcc/arm-none-eabi/12.2.1/thumb/v7e-m+fp/softfp\libc_nano.a(libc_a-strtoul.o)
                              ./wiseconnect3_sdk_3.1.4/components/common/src/sl_utility.o (strtoul)
c:/siliconlabs/simplicitystudio/v5/developer/toolchains/gnu_arm/12.2.rel1_2023.7/bin/../lib/gcc/arm-none-eabi/12.2.1/thumb/v7e-m+fp/softfp\libc_nano.a(libc_a-ctype_.o)
                              ./gecko_sdk_4.4.1/platform/common/src/sl_string.o (_ctype_)
c:/siliconlabs/simplicitystudio/v5/developer/toolchains/gnu_arm/12.2.rel1_2023.7/bin/../lib/gcc/arm-none-eabi/12.2.1/thumb/v7e-m+fp/softfp\libc_nano.a(libc_a-nano-vfprintf_float.o)
                              (_printf_float)
c:/siliconlabs/simplicitystudio/v5/developer/toolchains/gnu_arm/12.2.rel1_2023.7/bin/../lib/gcc/arm-none-eabi/12.2.1/thumb/v7e-m+fp/softfp\libc_nano.a(libc_a-nano-vfprintf_i.o)
                              c:/siliconlabs/simplicitystudio/v5/developer/toolchains/gnu_arm/12.2.rel1_2023.7/bin/../lib/gcc/arm-none-eabi/12.2.1/thumb/v7e-m+fp/softfp\libc_nano.a(libc_a-nano-vfprintf_float.o) (_printf_common)
c:/siliconlabs/simplicitystudio/v5/developer/toolchains/gnu_arm/12.2.rel1_2023.7/bin/../lib/gcc/arm-none-eabi/12.2.1/thumb/v7e-m+fp/softfp\libc_nano.a(libc_a-findfp.o)
                              c:/siliconlabs/simplicitystudio/v5/developer/toolchains/gnu_arm/12.2.rel1_2023.7/bin/../lib/gcc/arm-none-eabi/12.2.1/thumb/v7e-m+fp/softfp\libc_nano.a(libc_a-exit.o) (__stdio_exit_handler)
c:/siliconlabs/simplicitystudio/v5/developer/toolchains/gnu_arm/12.2.rel1_2023.7/bin/../lib/gcc/arm-none-eabi/12.2.1/thumb/v7e-m+fp/softfp\libc_nano.a(libc_a-fwalk.o)
                              c:/siliconlabs/simplicitystudio/v5/developer/toolchains/gnu_arm/12.2.rel1_2023.7/bin/../lib/gcc/arm-none-eabi/12.2.1/thumb/v7e-m+fp/softfp\libc_nano.a(libc_a-findfp.o) (_fwalk_sglue)
c:/siliconlabs/simplicitystudio/v5/developer/toolchains/gnu_arm/12.2.rel1_2023.7/bin/../lib/gcc/arm-none-eabi/12.2.1/thumb/v7e-m+fp/softfp\libc_nano.a(libc_a-printf.o)
                              ./ampak_wl72917/os_log_task.o (printf)
c:/siliconlabs/simplicitystudio/v5/developer/toolchains/gnu_arm/12.2.rel1_2023.7/bin/../lib/gcc/arm-none-eabi/12.2.1/thumb/v7e-m+fp/softfp\libc_nano.a(libc_a-puts.o)
                              ./ampak_wl72917/os_log_task.o (puts)
c:/siliconlabs/simplicitystudio/v5/developer/toolchains/gnu_arm/12.2.rel1_2023.7/bin/../lib/gcc/arm-none-eabi/12.2.1/thumb/v7e-m+fp/softfp\libc_nano.a(libc_a-sprintf.o)
[...]
Memory Configuration

Name             Origin             Length             Attributes
rom              0x08202000         0x001fe000         xr
ram              0x00000400         0x0002fc00         xrw
udma0            0x0002fc00         0x00000400         xrw
udma1            0x24061c00         0x00000400         xrw
*default*        0x00000000         0xffffffff

Linker script and memory map

LOAD c:/siliconlabs/simplicitystudio/v5/developer/toolchains/gnu_arm/12.2.rel1_2023.7/bin/../lib/gcc/arm-none-eabi/12.2.1/thumb/v7e-m+fp/softfp/crti.o
LOAD c:/siliconlabs/simplicitystudio/v5/developer/toolchains/gnu_arm/12.2.rel1_2023.7/bin/../lib/gcc/arm-none-eabi/12.2.1/thumb/v7e-m+fp/softfp/crtbegin.o
LOAD c:/siliconlabs/simplicitystudio/v5/developer/toolchains/gnu_arm/12.2.rel1_2023.7/bin/../lib/gcc/arm-none-eabi/12.2.1/thumb/v7e-m+fp/softfp/crt0.o
START GROUP
LOAD ./ampak_wl72917/os_log_task.o
LOAD ./ampak_wl72917/power_save_manager.o
LOAD ./app.o
LOAD ./main.o
LOAD ./autogen/sl_event_handler.o
LOAD ./gecko_sdk_4.4.1/platform/CMSIS/RTOS2/Source/os_systick.o
LOAD ./gecko_sdk_4.4.1/platform/common/src/sl_assert.o
LOAD ./gecko_sdk_4.4.1/platform/common/src/sl_slist.o
LOAD ./gecko_sdk_4.4.1/platform/common/src/sl_string.o
LOAD ./gecko_sdk_4.4.1/platform/common/src/sli_cmsis_os2_ext_task_register.o
LOAD ./gecko_sdk_4.4.1/platform/emlib/src/em_core.o
LOAD ./gecko_sdk_4.4.1/platform/service/mem_pool/src/sl_mem_pool.o
LOAD ./gecko_sdk_4.4.1/platform/service/system/src/sl_system_init.o
LOAD ./gecko_sdk_4.4.1/platform/service/system/src/sl_system_kernel.o
LOAD ./gecko_sdk_4.4.1/util/third_party/freertos/cmsis/Source/cmsis_os2.o
LOAD ./gecko_sdk_4.4.1/util/third_party/freertos/kernel/croutine.o
LOAD ./gecko_sdk_4.4.1/util/third_party/freertos/kernel/event_groups.o
LOAD ./gecko_sdk_4.4.1/util/third_party/freertos/kernel/list.o
LOAD ./gecko_sdk_4.4.1/util/third_party/freertos/kernel/queue.o
LOAD ./gecko_sdk_4.4.1/util/third_party/freertos/kernel/stream_buffer.o
LOAD ./gecko_sdk_4.4.1/util/third_party/freertos/kernel/tasks.o
LOAD ./gecko_sdk_4.4.1/util/third_party/freertos/kernel/timers.o
LOAD ./gecko_sdk_4.4.1/util/third_party/freertos/kernel/portable/GCC/ARM_CM4F/port.o
LOAD ./gecko_sdk_4.4.1/util/third_party/freertos/kernel/portable/MemMang/heap_4.o
LOAD ./wiseconnect3_sdk_3.1.4/components/board/silabs/src/rsi_board.o
LOAD ./wiseconnect3_sdk_3.1.4/components/common/src/sl_utility.o
LOAD ./wiseconnect3_sdk_3.1.4/components/device/silabs/si91x/mcu/core/chip/src/iPMU_prog/iPMU_dotc/ipmu_apis.o
LOAD ./wiseconnect3_sdk_3.1.4/components/device/silabs/si91x/mcu/core/chip/src/iPMU_prog/iPMU_dotc/rsi_system_config_917.o
LOAD ./wiseconnect3_sdk_3.1.4/components/device/silabs/si91x/mcu/core/chip/src/rsi_deepsleep_soc.o
LOAD ./wiseconnect3_sdk_3.1.4/components/device/silabs/si91x/mcu/core/chip/src/rsi_ps_ram_func.o
LOAD ./wiseconnect3_sdk_3.1.4/components/device/silabs/si91x/mcu/core/chip/src/startup_si91x.o
LOAD ./wiseconnect3_sdk_3.1.4/components/device/silabs/si91x/mcu/core/chip/src/system_si91x.o
LOAD ./wiseconnect3_sdk_3.1.4/components/device/silabs/si91x/mcu/core/common/src/rsi_debug.o
LOAD ./wiseconnect3_sdk_3.1.4/components/device/silabs/si91x/mcu/core/common/src/sl_si91x_stack_object_declare.o
LOAD ./wiseconnect3_sdk_3.1.4/components/device/silabs/si91x/mcu/core/common/src/syscalls.o
LOAD ./wiseconnect3_sdk_3.1.4/components/device/silabs/si91x/mcu/core/config/src/rsi_nvic_priorities_config.o
LOAD ./wiseconnect3_sdk_3.1.4/components/device/silabs/si91x/mcu/drivers/cmsis_driver/UDMA.o
LOAD ./wiseconnect3_sdk_3.1.4/components/device/silabs/si91x/mcu/drivers/cmsis_driver/USART.o
LOAD ./wiseconnect3_sdk_3.1.4/components/device/silabs/si91x/mcu/drivers/peripheral_drivers/src/clock_update.o
LOAD ./wiseconnect3_sdk_3.1.4/components/device/silabs/si91x/mcu/drivers/peripheral_drivers/src/rsi_crc.o
LOAD ./wiseconnect3_sdk_3.1.4/components/device/silabs/si91x/mcu/drivers/peripheral_drivers/src/rsi_egpio.o
LOAD ./wiseconnect3_sdk_3.1.4/components/device/silabs/si91x/mcu/drivers/peripheral_drivers/src/rsi_timers.o
LOAD ./wiseconnect3_sdk_3.1.4/components/device/silabs/si91x/mcu/drivers/peripheral_drivers/src/rsi_udma.o
LOAD ./wiseconnect3_sdk_3.1.4/components/device/silabs/si91x/mcu/drivers/peripheral_drivers/src/rsi_udma_wrapper.o
LOAD ./wiseconnect3_sdk_3.1.4/components/device/silabs/si91x/mcu/drivers/peripheral_drivers/src/rsi_usart.o
LOAD ./wiseconnect3_sdk_3.1.4/components/device/silabs/si91x/mcu/drivers/peripheral_drivers/src/sl_si91x_m4_ps.o
LOAD ./wiseconnect3_sdk_3.1.4/components/device/silabs/si91x/mcu/drivers/systemlevel/src/rsi_ipmu.o
LOAD ./wiseconnect3_sdk_3.1.4/components/device/silabs/si91x/mcu/drivers/systemlevel/src/rsi_pll.o
LOAD ./wiseconnect3_sdk_3.1.4/components/device/silabs/si91x/mcu/drivers/systemlevel/src/rsi_power_save.o
LOAD ./wiseconnect3_sdk_3.1.4/components/device/silabs/si91x/mcu/drivers/systemlevel/src/rsi_rtc.o
LOAD ./wiseconnect3_sdk_3.1.4/components/device/silabs/si91x/mcu/drivers/systemlevel/src/rsi_temp_sensor.o
LOAD ./wiseconnect3_sdk_3.1.4/components/device/silabs/si91x/mcu/drivers/systemlevel/src/rsi_time_period.o
LOAD ./wiseconnect3_sdk_3.1.4/components/device/silabs/si91x/mcu/drivers/systemlevel/src/rsi_ulpss_clk.o
LOAD ./wiseconnect3_sdk_3.1.4/components/device/silabs/si91x/mcu/drivers/systemlevel/src/rsi_wwdt.o
LOAD ./wiseconnect3_sdk_3.1.4/components/device/silabs/si91x/wireless/ahb_interface/src/rsi_hal_mcu_m4_ram.o
LOAD ./wiseconnect3_sdk_3.1.4/components/device/silabs/si91x/wireless/ahb_interface/src/rsi_hal_mcu_m4_rom.o
LOAD ./wiseconnect3_sdk_3.1.4/components/device/silabs/si91x/wireless/ahb_interface/src/sl_platform.o
LOAD ./wiseconnect3_sdk_3.1.4/components/device/silabs/si91x/wireless/ahb_interface/src/sl_platform_wireless.o
LOAD ./wiseconnect3_sdk_3.1.4/components/device/silabs/si91x/wireless/ahb_interface/src/sl_si91x_bus.o
LOAD ./wiseconnect3_sdk_3.1.4/components/device/silabs/si91x/wireless/ahb_interface/src/sl_si91x_timer.o
LOAD ./wiseconnect3_sdk_3.1.4/components/device/silabs/si91x/wireless/ahb_interface/src/sli_siwx917_soc.o
LOAD ./wiseconnect3_sdk_3.1.4/components/device/silabs/si91x/wireless/ble/src/rsi_ble_gap_apis.o
LOAD ./wiseconnect3_sdk_3.1.4/components/device/silabs/si91x/wireless/ble/src/rsi_ble_gatt_apis.o
LOAD ./wiseconnect3_sdk_3.1.4/components/device/silabs/si91x/wireless/ble/src/rsi_bt_ble.o
LOAD ./wiseconnect3_sdk_3.1.4/components/device/silabs/si91x/wireless/ble/src/rsi_bt_common_apis.o
LOAD ./wiseconnect3_sdk_3.1.4/components/device/silabs/si91x/wireless/ble/src/rsi_common_apis.o
LOAD ./wiseconnect3_sdk_3.1.4/components/device/silabs/si91x/wireless/ble/src/rsi_utils.o
LOAD ./wiseconnect3_sdk_3.1.4/components/device/silabs/si91x/wireless/ble/src/sl_si91x_ble.o
LOAD ./wiseconnect3_sdk_3.1.4/components/device/silabs/si91x/wireless/errno/src/sl_si91x_errno.o
LOAD ./wiseconnect3_sdk_3.1.4/components/device/silabs/si91x/wireless/firmware_upgrade/firmware_upgradation.o
LOAD ./wiseconnect3_sdk_3.1.4/components/device/silabs/si91x/wireless/host_mcu/si91x/siwx917_soc_ncp_host.o
LOAD ./wiseconnect3_sdk_3.1.4/components/device/silabs/si91x/wireless/icmp/sl_net_ping.o
LOAD ./wiseconnect3_sdk_3.1.4/components/device/silabs/si91x/wireless/memory/mem_pool_buffers.o
LOAD ./wiseconnect3_sdk_3.1.4/components/device/silabs/si91x/wireless/sl_net/src/sl_net_rsi_utility.o
LOAD ./wiseconnect3_sdk_3.1.4/components/device/silabs/si91x/wireless/sl_net/src/sl_net_si91x_integration_handler.o
LOAD ./wiseconnect3_sdk_3.1.4/components/device/silabs/si91x/wireless/sl_net/src/sl_si91x_net_credentials.o
LOAD ./wiseconnect3_sdk_3.1.4/components/device/silabs/si91x/wireless/sl_net/src/sl_si91x_net_internal_stack.o
LOAD ./wiseconnect3_sdk_3.1.4/components/device/silabs/si91x/wireless/socket/src/sl_si91x_socket_utility.o
LOAD ./wiseconnect3_sdk_3.1.4/components/device/silabs/si91x/wireless/src/sl_rsi_utility.o
LOAD ./wiseconnect3_sdk_3.1.4/components/device/silabs/si91x/wireless/src/sl_si91x_callback_framework.o
LOAD ./wiseconnect3_sdk_3.1.4/components/device/silabs/si91x/wireless/src/sl_si91x_driver.o
LOAD ./wiseconnect3_sdk_3.1.4/components/device/silabs/si91x/wireless/threading/sli_si91x_multithreaded.o
LOAD ./wiseconnect3_sdk_3.1.4/components/protocol/wifi/si91x/sl_wifi.o
LOAD ./wiseconnect3_sdk_3.1.4/components/protocol/wifi/src/sl_wifi_callback_framework.o
LOAD ./wiseconnect3_sdk_3.1.4/components/service/bsd_socket/si91x_socket/sl_si91x_bsd_socket.o
LOAD ./wiseconnect3_sdk_3.1.4/components/service/network_manager/si91x/sl_net_si91x.o
LOAD ./wiseconnect3_sdk_3.1.4/components/service/network_manager/src/sl_net.o
LOAD ./wiseconnect3_sdk_3.1.4/components/service/network_manager/src/sl_net_basic_certificate_store.o
LOAD ./wiseconnect3_sdk_3.1.4/components/service/network_manager/src/sl_net_basic_credentials.o
LOAD ./wiseconnect3_sdk_3.1.4/components/service/network_manager/src/sl_net_basic_profiles.o
LOAD c:/siliconlabs/simplicitystudio/v5/developer/toolchains/gnu_arm/12.2.rel1_2023.7/bin/../lib/gcc/arm-none-eabi/12.2.1/thumb/v7e-m+fp/softfp\libgcc.a
LOAD c:/siliconlabs/simplicitystudio/v5/developer/toolchains/gnu_arm/12.2.rel1_2023.7/bin/../lib/gcc/arm-none-eabi/12.2.1/thumb/v7e-m+fp/softfp\libnosys.a
LOAD c:/siliconlabs/simplicitystudio/v5/developer/toolchains/gnu_arm/12.2.rel1_2023.7/bin/../lib/gcc/arm-none-eabi/12.2.1/thumb/v7e-m+fp/softfp\libc_nano.a
LOAD c:/siliconlabs/simplicitystudio/v5/developer/toolchains/gnu_arm/12.2.rel1_2023.7/bin/../lib/gcc/arm-none-eabi/12.2.1/thumb/v7e-m+fp/softfp\libm.a
END GROUP
START GROUP
LOAD c:/siliconlabs/simplicitystudio/v5/developer/toolchains/gnu_arm/12.2.rel1_2023.7/bin/../lib/gcc/arm-none-eabi/12.2.1/thumb/v7e-m+fp/softfp\libgcc.a
LOAD c:/siliconlabs/simplicitystudio/v5/developer/toolchains/gnu_arm/12.2.rel1_2023.7/bin/../lib/gcc/arm-none-eabi/12.2.1/thumb/v7e-m+fp/softfp\libc_nano.a
LOAD c:/siliconlabs/simplicitystudio/v5/developer/toolchains/gnu_arm/12.2.rel1_2023.7/bin/../lib/gcc/arm-none-eabi/12.2.1/thumb/v7e-m+fp/softfp\libnosys.a
END GROUP
START GROUP
LOAD c:/siliconlabs/simplicitystudio/v5/developer/toolchains/gnu_arm/12.2.rel1_2023.7/bin/../lib/gcc/arm-none-eabi/12.2.1/thumb/v7e-m+fp/softfp\libgcc.a
LOAD c:/siliconlabs/simplicitystudio/v5/developer/toolchains/gnu_arm/12.2.rel1_2023.7/bin/../lib/gcc/arm-none-eabi/12.2.1/thumb/v7e-m+fp/softfp\libg_nano.a
LOAD c:/siliconlabs/simplicitystudio/v5/developer/toolchains/gnu_arm/12.2.rel1_2023.7/bin/../lib/gcc/arm-none-eabi/12.2.1/thumb/v7e-m+fp/softfp\libc_nano.a
END GROUP
START GROUP
LOAD c:/siliconlabs/simplicitystudio/v5/developer/toolchains/gnu_arm/12.2.rel1_2023.7/bin/../lib/gcc/arm-none-eabi/12.2.1/thumb/v7e-m+fp/softfp\libgcc.a
LOAD c:/siliconlabs/simplicitystudio/v5/developer/toolchains/gnu_arm/12.2.rel1_2023.7/bin/../lib/gcc/arm-none-eabi/12.2.1/thumb/v7e-m+fp/softfp\libc_nano.a
END GROUP
LOAD c:/siliconlabs/simplicitystudio/v5/developer/toolchains/gnu_arm/12.2.rel1_2023.7/bin/../lib/gcc/arm-none-eabi/12.2.1/thumb/v7e-m+fp/softfp/crtend.o
LOAD c:/siliconlabs/simplicitystudio/v5/developer/toolchains/gnu_arm/12.2.rel1_2023.7/bin/../lib/gcc/arm-none-eabi/12.2.1/thumb/v7e-m+fp/softfp/crtn.o

.text           0x08202000     0xa8d7
 *(.isr_vector)
 .isr_vector    0x08202000      0x16c ./wiseconnect3_sdk_3.1.4/components/device/silabs/si91x/mcu/core/chip/src/startup_si91x.o
                0x08202000                __Vectors
 *(.reset_handler)
 .reset_handler
                0x0820216c       0x30 ./wiseconnect3_sdk_3.1.4/components/device/silabs/si91x/mcu/core/chip/src/startup_si91x.o
                0x0820216c                RSI_Default_Reset_Handler
 *(EXCLUDE_FILE(*heap_*.o *port.o *sl_rsi_utility.o *malloc_buffers.o *freertos_umm_malloc_host.o *cmsis_os2.o *timers.o *tasks.o *stream_buffer.o *queue.o *list.o *event_groups.o *croutine.o *rsi_hal_mcu_m4_rom.o *rsi_hal_mcu_m4_ram.o *rsi_deepsleep_soc.o *sli_si91x_multithreaded.o *sl_si91x_driver.o *sl_si91x_bus.o) .text*)
 .text.deregister_tm_clones
                0x0820219c       0x1c c:/siliconlabs/simplicitystudio/v5/developer/toolchains/gnu_arm/12.2.rel1_2023.7/bin/../lib/gcc/arm-none-eabi/12.2.1/thumb/v7e-m+fp/softfp/crtbegin.o
 .text.register_tm_clones
                0x082021b8       0x24 c:/siliconlabs/simplicitystudio/v5/developer/toolchains/gnu_arm/12.2.rel1_2023.7/bin/../lib/gcc/arm-none-eabi/12.2.1/thumb/v7e-m+fp/softfp/crtbegin.o
 .text.__do_global_dtors_aux
                0x082021dc       0x28 c:/siliconlabs/simplicitystudio/v5/developer/toolchains/gnu_arm/12.2.rel1_2023.7/bin/../lib/gcc/arm-none-eabi/12.2.1/thumb/v7e-m+fp/softfp/crtbegin.o
 .text.frame_dummy
                0x08202204       0x24 c:/siliconlabs/simplicitystudio/v5/developer/toolchains/gnu_arm/12.2.rel1_2023.7/bin/../lib/gcc/arm-none-eabi/12.2.1/thumb/v7e-m+fp/softfp/crtbegin.o
 .text.ampak_m4_sleep_wakeup
                0x08202228      0x138 ./ampak_wl72917/power_save_manager.o
                0x08202228                ampak_m4_sleep_wakeup
 .text.application_start
                0x08202360       0xf8 ./app.o
 .text.app_init
                0x08202458       0x14 ./app.o
                0x08202458                app_init
 .text.startup.main
                0x0820246c       0x12 ./main.o
                0x0820246c                main
 .text.sl_platform_init
                0x0820247e       0x22 ./autogen/sl_event_handler.o
                0x0820247e                sl_platform_init
 .text.sl_kernel_start
                0x082024a0        0x4 ./autogen/sl_event_handler.o
                0x082024a0                sl_kernel_start
 .text.sl_driver_init
                0x082024a4        0x2 ./autogen/sl_event_handler.o
                0x082024a4                sl_driver_init
 .text.sl_service_init
                0x082024a6        0x2 ./autogen/sl_event_handler.o
                0x082024a6                sl_service_init
 .text.sl_stack_init
                0x082024a8        0x2 ./autogen/sl_event_handler.o
                0x082024a8                sl_stack_init
 .text.sl_internal_app_init
                0x082024aa        0x2 ./autogen/sl_event_handler.o
                0x082024aa                sl_internal_app_init
 .text.sli_osTaskRegisterSetValue
                0x082024ac        0xa ./gecko_sdk_4.4.1/platform/common/src/sli_cmsis_os2_ext_task_register.o
                0x082024ac                sli_osTaskRegisterSetValue
 .text.CORE_ExitCritical
                0x082024b6        0x6 ./gecko_sdk_4.4.1/platform/emlib/src/em_core.o
                0x082024b6                CORE_ExitCritical
 .text.CORE_EnterAtomic
                0x082024bc        0x8 ./gecko_sdk_4.4.1/platform/emlib/src/em_core.o
                0x082024bc                CORE_EnterAtomic
 .text.CORE_ExitAtomic
                0x082024c4        0x4 ./gecko_sdk_4.4.1/platform/emlib/src/em_core.o
                0x082024c4                CORE_ExitAtomic
 .text.sli_mem_pool_create
                0x082024c8       0x3c ./gecko_sdk_4.4.1/platform/service/mem_pool/src/sl_mem_pool.o
                0x082024c8                sli_mem_pool_create
 .text.sli_mem_pool_alloc
                0x08202504       0x24 ./gecko_sdk_4.4.1/platform/service/mem_pool/src/sl_mem_pool.o
                0x08202504                sli_mem_pool_alloc
 .text.sli_mem_pool_free
                0x08202528       0x18 ./gecko_sdk_4.4.1/platform/service/mem_pool/src/sl_mem_pool.o
                0x08202528                sli_mem_pool_free
 .text.sl_system_init
                0x08202540       0x1a ./gecko_sdk_4.4.1/platform/service/system/src/sl_system_init.o
                0x08202540                sl_system_init
 .text.sl_system_kernel_start
                0x0820255a        0x4 ./gecko_sdk_4.4.1/platform/service/system/src/sl_system_kernel.o
                0x0820255a                sl_system_kernel_start
 *fill*         0x0820255e        0x2 
 .text.RSI_Board_Init
                0x08202560       0x5c ./wiseconnect3_sdk_3.1.4/components/board/silabs/src/rsi_board.o
                0x08202560                RSI_Board_Init
 .text.print_sl_ipv4_address
                0x082025bc       0x1c ./wiseconnect3_sdk_3.1.4/components/common/src/sl_utility.o
                0x082025bc                print_sl_ipv4_address
 .text.little_to_big_endian
                0x082025d8       0x2e ./wiseconnect3_sdk_3.1.4/components/common/src/sl_utility.o
                0x082025d8                little_to_big_endian
 *fill*         0x08202606        0x2 
 .text.sl_inet_ntop6
                0x08202608      0x144 ./wiseconnect3_sdk_3.1.4/components/common/src/sl_utility.o
                0x08202608                sl_inet_ntop6
 .text.print_sl_ipv6_address
                0x0820274c       0x2c ./wiseconnect3_sdk_3.1.4/components/common/src/sl_utility.o
                0x0820274c                print_sl_ipv6_address
 .text.print_sl_ip_address
                0x08202778       0x16 ./wiseconnect3_sdk_3.1.4/components/common/src/sl_utility.o
                0x08202778                print_sl_ip_address
 *fill*         0x0820278e        0x2 
 .text.print_firmware_version
                0x08202790       0x2c ./wiseconnect3_sdk_3.1.4/components/common/src/sl_utility.o
                0x08202790                print_firmware_version
 .text.sl_debug_log
                0x082027bc        0x6 ./wiseconnect3_sdk_3.1.4/components/common/src/sl_utility.o
                0x082027bc                sl_debug_log
 *fill*         0x082027c2        0x2 
 .text.set_scdc
                0x082027c4       0x28 ./wiseconnect3_sdk_3.1.4/components/device/silabs/si91x/mcu/core/chip/src/iPMU_prog/iPMU_dotc/ipmu_apis.o
                0x082027c4                set_scdc
 .text.init_ipmu_calib_data
                0x082027ec       0x54 ./wiseconnect3_sdk_3.1.4/components/device/silabs/si91x/mcu/core/chip/src/iPMU_prog/iPMU_dotc/ipmu_apis.o
                0x082027ec                init_ipmu_calib_data
 .text.program_ipmu_data
                0x08202840       0x54 ./wiseconnect3_sdk_3.1.4/components/device/silabs/si91x/mcu/core/chip/src/iPMU_prog/iPMU_dotc/ipmu_apis.o
                0x08202840                program_ipmu_data
 .text.ipmu_init_mcu
                0x08202894       0x94 ./wiseconnect3_sdk_3.1.4/components/device/silabs/si91x/mcu/core/chip/src/iPMU_prog/iPMU_dotc/ipmu_apis.o
                0x08202894                ipmu_init_mcu
 .text.ipmu_init
                0x08202928       0xa8 ./wiseconnect3_sdk_3.1.4/components/device/silabs/si91x/mcu/core/chip/src/iPMU_prog/iPMU_dotc/ipmu_apis.o
                0x08202928                ipmu_init
 .text.configure_ipmu_mode
                0x082029d0       0x38 ./wiseconnect3_sdk_3.1.4/components/device/silabs/si91x/mcu/core/chip/src/iPMU_prog/iPMU_dotc/ipmu_apis.o
                0x082029d0                configure_ipmu_mode
 .text.Default_Handler
                0x08202a08        0x2 ./wiseconnect3_sdk_3.1.4/components/device/silabs/si91x/mcu/core/chip/src/startup_si91x.o
                0x08202a08                DebugMon_Handler
                0x08202a08                IRQ031_Handler
                0x08202a08                HardFault_Handler
                0x08202a08                IRQ058_Handler
                0x08202a08                IRQ095_Handler
                0x08202a08                IRQ065_Handler
                0x08202a08                IRQ019_Handler
                0x08202a08                IRQ056_Handler
                0x08202a08                IRQ093_Handler
                0x08202a08                NMI_Handler
                0x08202a08                IRQ011_Handler
                0x08202a08                IRQ014_Handler
                0x08202a08                IRQ051_Handler
                0x08202a08                IRQ027_Handler
                0x08202a08                IRQ062_Handler
                0x08202a08                IRQ097_Handler
                0x08202a08                IRQ088_Handler
                0x08202a08                IRQ034_Handler
                0x08202a08                IRQ071_Handler
                0x08202a08                IRQ067_Handler
                0x08202a08                IRQ070_Handler
                0x08202a08                IRQ077_Handler
                0x08202a08                IRQ028_Handler
                0x08202a08                IRQ063_Handler
                0x08202a08                IRQ076_Handler
                0x08202a08                UsageFault_Handler
                0x08202a08                IRQ023_Handler
                0x08202a08                IRQ009_Handler
                0x08202a08                IRQ048_Handler
                0x08202a08                IRQ083_Handler
                0x08202a08                IRQ089_Handler
                0x08202a08                HIF1_IRQHandler
                0x08202a08                IRQ037_Handler
                0x08202a08                IRQ072_Handler
                0x08202a08                IRQ021_Handler
                0x08202a08                IRQ008_Handler
                0x08202a08                IRQ047_Handler
                0x08202a08                IRQ082_Handler
                0x08202a08                IRQ022_Handler
                0x08202a08                IRQ007_Handler
                0x08202a08                IRQ046_Handler
                0x08202a08                IRQ081_Handler
                0x08202a08                IRQ004_Handler
                0x08202a08                IRQ043_Handler
                0x08202a08                IRQ002_Handler
                0x08202a08                IRQ041_Handler
                0x08202a08                IRQ098_Handler
                0x08202a08                IRQ000_Handler
                0x08202a08                IRQ005_Handler
                0x08202a08                IRQ044_Handler
                0x08202a08                IRQ049_Handler
                0x08202a08                IRQ084_Handler
                0x08202a08                IRQ006_Handler
                0x08202a08                IRQ045_Handler
                0x08202a08                IRQ080_Handler
                0x08202a08                IRQ015_Handler
                0x08202a08                IRQ052_Handler
                0x08202a08                MemManage_Handler
                0x08202a08                HIF2_IRQHandler
                0x08202a08                IRQ001_Handler
                0x08202a08                IRQ040_Handler
                0x08202a08                IRQ068_Handler
                0x08202a08                IRQ059_Handler
                0x08202a08                IRQ096_Handler
                0x08202a08                IRQ003_Handler
                0x08202a08                IRQ042_Handler
                0x08202a08                IRQ024_Handler
                0x08202a08                IRQ016_Handler
                0x08202a08                IRQ053_Handler
                0x08202a08                IRQ090_Handler
                0x08202a08                IRQ078_Handler
                0x08202a08                IRQ032_Handler
                0x08202a08                IRQ020_Handler
                0x08202a08                IRQ073_Handler
                0x08202a08                IRQ018_Handler
                0x08202a08                IRQ055_Handler
                0x08202a08                IRQ092_Handler
                0x08202a08                IRQ087_Handler
                0x08202a08                IRQ026_Handler
                0x08202a08                IRQ061_Handler
                0x08202a08                IRQ025_Handler
                0x08202a08                IRQ060_Handler
                0x08202a08                IRQ085_Handler
                0x08202a08                IRQ013_Handler
                0x08202a08                IRQ050_Handler
                0x08202a08                IRQ030_Handler
                0x08202a08                IRQ029_Handler
                0x08202a08                IRQ064_Handler
                0x08202a08                IRQ066_Handler
                0x08202a08                IRQ017_Handler
                0x08202a08                IRQ054_Handler
                0x08202a08                IRQ091_Handler
                0x08202a08                BusFault_Handler
                0x08202a08                IRQ069_Handler
                0x08202a08                IRQ075_Handler
                0x08202a08                IRQ086_Handler
                0x08202a08                IRQ057_Handler
                0x08202a08                IRQ094_Handler
                0x08202a08                IRQ079_Handler
 .text.Default_Reset_Handler
                0x08202a0a        0x2 ./wiseconnect3_sdk_3.1.4/components/device/silabs/si91x/mcu/core/chip/src/startup_si91x.o
                0x08202a0a                Default_Reset_Handler
                0x08202a0a                Reset_Handler
 .text.Copy_Table
                0x08202a0c       0x24 ./wiseconnect3_sdk_3.1.4/components/device/silabs/si91x/mcu/core/chip/src/startup_si91x.o
                0x08202a0c                Copy_Table
 .text.Zero_Table
                0x08202a30       0x24 ./wiseconnect3_sdk_3.1.4/components/device/silabs/si91x/mcu/core/chip/src/startup_si91x.o
                0x08202a30                Zero_Table
 .text.SystemCoreClockUpdate
                0x08202a54      0x104 ./wiseconnect3_sdk_3.1.4/components/device/silabs/si91x/mcu/core/chip/src/system_si91x.o
                0x08202a54                SystemCoreClockUpdate
 .text.fpuInit  0x08202b58       0x44 ./wiseconnect3_sdk_3.1.4/components/device/silabs/si91x/mcu/core/chip/src/system_si91x.o
                0x08202b58                fpuInit
 .text.SystemInit
                0x08202b9c       0xe4 ./wiseconnect3_sdk_3.1.4/components/device/silabs/si91x/mcu/core/chip/src/system_si91x.o
                0x08202b9c                SystemInit
 .text.ARM_UART_SignalEvent
                0x08202c80       0x24 ./wiseconnect3_sdk_3.1.4/components/device/silabs/si91x/mcu/core/common/src/rsi_debug.o
                0x08202c80                ARM_UART_SignalEvent
 .text.Board_Debug_Init
                0x08202ca4       0x4c ./wiseconnect3_sdk_3.1.4/components/device/silabs/si91x/mcu/core/common/src/rsi_debug.o
                0x08202ca4                Board_Debug_Init
 .text.Board_UARTGetChar
                0x08202cf0       0x30 ./wiseconnect3_sdk_3.1.4/components/device/silabs/si91x/mcu/core/common/src/rsi_debug.o
                0x08202cf0                Board_UARTGetChar
 .text.Board_UARTPutChar
                0x08202d20       0x30 ./wiseconnect3_sdk_3.1.4/components/device/silabs/si91x/mcu/core/common/src/rsi_debug.o
                0x08202d20                Board_UARTPutChar
 .text.read_exclude_space
                0x08202d50       0x20 ./wiseconnect3_sdk_3.1.4/components/device/silabs/si91x/mcu/core/common/src/syscalls.o
 .text._getpid  0x08202d70        0x4 ./wiseconnect3_sdk_3.1.4/components/device/silabs/si91x/mcu/core/common/src/syscalls.o
                0x08202d70                _getpid
 .text._kill    0x08202d74       0x10 ./wiseconnect3_sdk_3.1.4/components/device/silabs/si91x/mcu/core/common/src/syscalls.o
                0x08202d74                _kill
 .text._exit    0x08202d84        0xc ./wiseconnect3_sdk_3.1.4/components/device/silabs/si91x/mcu/core/common/src/syscalls.o
                0x08202d84                _exit
 .text._write   0x08202d90       0x1c ./wiseconnect3_sdk_3.1.4/components/device/silabs/si91x/mcu/core/common/src/syscalls.o
                0x08202d90                _write
 .text._close   0x08202dac        0x6 ./wiseconnect3_sdk_3.1.4/components/device/silabs/si91x/mcu/core/common/src/syscalls.o
                0x08202dac                _close
 .text._fstat   0x08202db2        0xa ./wiseconnect3_sdk_3.1.4/components/device/silabs/si91x/mcu/core/common/src/syscalls.o
                0x08202db2                _fstat
 .text._isatty  0x08202dbc        0x4 ./wiseconnect3_sdk_3.1.4/components/device/silabs/si91x/mcu/core/common/src/syscalls.o
                0x08202dbc                _isatty
 .text._lseek   0x08202dc0        0x4 ./wiseconnect3_sdk_3.1.4/components/device/silabs/si91x/mcu/core/common/src/syscalls.o
                0x08202dc0                _lseek
 .text._read    0x08202dc4      0x30c ./wiseconnect3_sdk_3.1.4/components/device/silabs/si91x/mcu/core/common/src/syscalls.o
                0x08202dc4                _read
 .text.sl_si91x_device_init_nvic
                0x082030d0       0x18 ./wiseconnect3_sdk_3.1.4/components/device/silabs/si91x/mcu/core/config/src/rsi_nvic_priorities_config.o
                0x082030d0                sl_si91x_device_init_nvic
 .text.IRQ033_Handler
                0x082030e8       0x20 ./wiseconnect3_sdk_3.1.4/components/device/silabs/si91x/mcu/drivers/cmsis_driver/UDMA.o
                0x082030e8                IRQ033_Handler
 .text.IRQ010_Handler
                0x08203108       0x20 ./wiseconnect3_sdk_3.1.4/components/device/silabs/si91x/mcu/drivers/cmsis_driver/UDMA.o
                0x08203108                IRQ010_Handler
 .text.ARM_USARTx_GetVersion
                0x08203128       0x20 ./wiseconnect3_sdk_3.1.4/components/device/silabs/si91x/mcu/drivers/cmsis_driver/USART.o
                0x08203128                ARM_USARTx_GetVersion
 .text.ARM_ULP_UART_GetCapabilities
                0x08203148        0xc ./wiseconnect3_sdk_3.1.4/components/device/silabs/si91x/mcu/drivers/cmsis_driver/USART.o
 .text.ARM_ULP_UART_GetModemStatus
                0x08203154        0xc ./wiseconnect3_sdk_3.1.4/components/device/silabs/si91x/mcu/drivers/cmsis_driver/USART.o
 .text.ARM_ULP_UART_SetModemControl
                0x08203160        0xc ./wiseconnect3_sdk_3.1.4/components/device/silabs/si91x/mcu/drivers/cmsis_driver/USART.o
 .text.ARM_ULP_UART_GetStatus
                0x0820316c        0xc ./wiseconnect3_sdk_3.1.4/components/device/silabs/si91x/mcu/drivers/cmsis_driver/USART.o
 .text.ARM_ULP_UART_Control
                0x08203178       0x34 ./wiseconnect3_sdk_3.1.4/components/device/silabs/si91x/mcu/drivers/cmsis_driver/USART.o
 .text.ARM_ULP_UART_GetRxCount
                0x082031ac        0xc ./wiseconnect3_sdk_3.1.4/components/device/silabs/si91x/mcu/drivers/cmsis_driver/USART.o
 .text.ARM_ULP_UART_GetTxCount
                0x082031b8        0xc ./wiseconnect3_sdk_3.1.4/components/device/silabs/si91x/mcu/drivers/cmsis_driver/USART.o
 .text.ARM_ULP_UART_Transfer
                0x082031c4       0x54 ./wiseconnect3_sdk_3.1.4/components/device/silabs/si91x/mcu/drivers/cmsis_driver/USART.o
 .text.ARM_ULP_UART_Receive
                0x08203218       0x48 ./wiseconnect3_sdk_3.1.4/components/device/silabs/si91x/mcu/drivers/cmsis_driver/USART.o
 .text.ARM_ULP_UART_Send
                0x08203260       0x48 ./wiseconnect3_sdk_3.1.4/components/device/silabs/si91x/mcu/drivers/cmsis_driver/USART.o
 .text.ARM_ULP_UART_PowerControl
                0x082032a8       0x18 ./wiseconnect3_sdk_3.1.4/components/device/silabs/si91x/mcu/drivers/cmsis_driver/USART.o
 .text.ARM_ULP_UART_Uninitialize
                0x082032c0       0x1c ./wiseconnect3_sdk_3.1.4/components/device/silabs/si91x/mcu/drivers/cmsis_driver/USART.o
 .text.ARM_ULP_UART_Initialize
                0x082032dc       0x30 ./wiseconnect3_sdk_3.1.4/components/device/silabs/si91x/mcu/drivers/cmsis_driver/USART.o
 .text.IRQ038_Handler
                0x0820330c        0xc ./wiseconnect3_sdk_3.1.4/components/device/silabs/si91x/mcu/drivers/cmsis_driver/USART.o
                0x0820330c                IRQ038_Handler
 .text.IRQ039_Handler
                0x08203318        0xc ./wiseconnect3_sdk_3.1.4/components/device/silabs/si91x/mcu/drivers/cmsis_driver/USART.o
                0x08203318                IRQ039_Handler
 .text.IRQ012_Handler
                0x08203324        0xc ./wiseconnect3_sdk_3.1.4/components/device/silabs/si91x/mcu/drivers/cmsis_driver/USART.o
                0x08203324                IRQ012_Handler
 .text.RSI_ULPUartHandler
                0x08203330        0x4 ./wiseconnect3_sdk_3.1.4/components/device/silabs/si91x/mcu/drivers/cmsis_driver/USART.o
                0x08203330                RSI_ULPUartHandler
 .text.RSI_CLK_GetBaseClock
                0x08203334      0x50c ./wiseconnect3_sdk_3.1.4/components/device/silabs/si91x/mcu/drivers/peripheral_drivers/src/clock_update.o
                0x08203334                RSI_CLK_GetBaseClock
 .text.RSI_EGPIO_SetPinMux
                0x08203840       0x14 ./wiseconnect3_sdk_3.1.4/components/device/silabs/si91x/mcu/drivers/peripheral_drivers/src/rsi_usart.o
 .text.RSI_EGPIO_HostPadsGpioModeEnable
                0x08203854       0x10 ./wiseconnect3_sdk_3.1.4/components/device/silabs/si91x/mcu/drivers/peripheral_drivers/src/rsi_usart.o
 .text.RSI_EGPIO_PadSelectionEnable
                0x08203864       0x10 ./wiseconnect3_sdk_3.1.4/components/device/silabs/si91x/mcu/drivers/peripheral_drivers/src/rsi_usart.o
 .text.RSI_EGPIO_PadReceiverEnable
                0x08203874       0x10 ./wiseconnect3_sdk_3.1.4/components/device/silabs/si91x/mcu/drivers/peripheral_drivers/src/rsi_usart.o
 .text.RSI_EGPIO_UlpPadReceiverEnable
                0x08203884       0x10 ./wiseconnect3_sdk_3.1.4/components/device/silabs/si91x/mcu/drivers/peripheral_drivers/src/rsi_usart.o
 .text.UDMAx_ChannelDisable.isra.0
                0x08203894        0xc ./wiseconnect3_sdk_3.1.4/components/device/silabs/si91x/mcu/drivers/peripheral_drivers/src/rsi_usart.o
 .text.UartIrqHandler
                0x082038a0      0x1f0 ./wiseconnect3_sdk_3.1.4/components/device/silabs/si91x/mcu/drivers/peripheral_drivers/src/rsi_usart.o
                0x082038a0                UartIrqHandler
 .text.USART_SetBaudrate
                0x08203a90       0x50 ./wiseconnect3_sdk_3.1.4/components/device/silabs/si91x/mcu/drivers/peripheral_drivers/src/rsi_usart.o
                0x08203a90                USART_SetBaudrate
 .text.USART_Initialize
                0x08203ae0      0x120 ./wiseconnect3_sdk_3.1.4/components/device/silabs/si91x/mcu/drivers/peripheral_drivers/src/rsi_usart.o
                0x08203ae0                USART_Initialize
 .text.USART_Uninitialize
                0x08203c00       0xa0 ./wiseconnect3_sdk_3.1.4/components/device/silabs/si91x/mcu/drivers/peripheral_drivers/src/rsi_usart.o
                0x08203c00                USART_Uninitialize
 .text.USART_PowerControl
                0x08203ca0      0x150 ./wiseconnect3_sdk_3.1.4/components/device/silabs/si91x/mcu/drivers/peripheral_drivers/src/rsi_usart.o
                0x08203ca0                USART_PowerControl
 .text.USART_Send_Data
                0x08203df0      0x15c ./wiseconnect3_sdk_3.1.4/components/device/silabs/si91x/mcu/drivers/peripheral_drivers/src/rsi_usart.o
                0x08203df0                USART_Send_Data
 .text.USART_Receive_Data
                0x08203f4c      0x13c ./wiseconnect3_sdk_3.1.4/components/device/silabs/si91x/mcu/drivers/peripheral_drivers/src/rsi_usart.o
                0x08203f4c                USART_Receive_Data
 .text.USART_Transfer
                0x08204088       0x72 ./wiseconnect3_sdk_3.1.4/components/device/silabs/si91x/mcu/drivers/peripheral_drivers/src/rsi_usart.o
                0x08204088                USART_Transfer
 .text.USART_GetTxCount
                0x082040fa        0x6 ./wiseconnect3_sdk_3.1.4/components/device/silabs/si91x/mcu/drivers/peripheral_drivers/src/rsi_usart.o
                0x082040fa                USART_GetTxCount
 .text.USART_GetRxCount
                0x08204100        0x6 ./wiseconnect3_sdk_3.1.4/components/device/silabs/si91x/mcu/drivers/peripheral_drivers/src/rsi_usart.o
                0x08204100                USART_GetRxCount
 *fill*         0x08204106        0x2 
 .text.USART_Control
                0x08204108      0x8e8 ./wiseconnect3_sdk_3.1.4/components/device/silabs/si91x/mcu/drivers/peripheral_drivers/src/rsi_usart.o
                0x08204108                USART_Control
 .text.USART_GetStatus
                0x082049f0       0x42 ./wiseconnect3_sdk_3.1.4/components/device/silabs/si91x/mcu/drivers/peripheral_drivers/src/rsi_usart.o
                0x082049f0                USART_GetStatus
 *fill*         0x08204a32        0x2 
 .text.USART_SetModemControl
                0x08204a34       0x84 ./wiseconnect3_sdk_3.1.4/components/device/silabs/si91x/mcu/drivers/peripheral_drivers/src/rsi_usart.o
                0x08204a34                USART_SetModemControl
 .text.USART_GetModemStatus
                0x08204ab8       0x5c ./wiseconnect3_sdk_3.1.4/components/device/silabs/si91x/mcu/drivers/peripheral_drivers/src/rsi_usart.o
                0x08204ab8                USART_GetModemStatus
 .text.RSI_IPMU_UpdateIpmuCalibData_efuse
                0x08204b14      0x2ec ./wiseconnect3_sdk_3.1.4/components/device/silabs/si91x/mcu/drivers/systemlevel/src/rsi_ipmu.o
                0x08204b14                RSI_IPMU_UpdateIpmuCalibData_efuse
 .text.RSI_Ipmu_Init
                0x08204e00        0x4 ./wiseconnect3_sdk_3.1.4/components/device/silabs/si91x/mcu/drivers/systemlevel/src/rsi_ipmu.o
                0x08204e00                RSI_Ipmu_Init
 .text.RSI_Configure_Ipmu_Mode
                0x08204e04        0x6 ./wiseconnect3_sdk_3.1.4/components/device/silabs/si91x/mcu/drivers/systemlevel/src/rsi_ipmu.o
                0x08204e04                RSI_Configure_Ipmu_Mode
 *fill*         0x08204e0a        0x2 
 .text.RSI_IPMU_PowerGateClr
                0x08204e0c       0x4c ./wiseconnect3_sdk_3.1.4/components/device/silabs/si91x/mcu/drivers/systemlevel/src/rsi_ipmu.o
                0x08204e0c                RSI_IPMU_PowerGateClr
 .text.RSI_IPMU_ClockMuxSel
                0x08204e58       0x40 ./wiseconnect3_sdk_3.1.4/components/device/silabs/si91x/mcu/drivers/systemlevel/src/rsi_ipmu.o
                0x08204e58                RSI_IPMU_ClockMuxSel
 .text.RSI_IPMU_ProgramConfigData
                0x08204e98       0xea ./wiseconnect3_sdk_3.1.4/components/device/silabs/si91x/mcu/drivers/systemlevel/src/rsi_ipmu.o
                0x08204e98                RSI_IPMU_ProgramConfigData
 .text.RSI_APB_ProgramConfigData
                0x08204f82       0xc8 ./wiseconnect3_sdk_3.1.4/components/device/silabs/si91x/mcu/drivers/systemlevel/src/rsi_ipmu.o
                0x08204f82                RSI_APB_ProgramConfigData
 *fill*         0x0820504a        0x2 
 .text.RSI_IPMU_PocbiasCurrent
                0x0820504c        0xc ./wiseconnect3_sdk_3.1.4/components/device/silabs/si91x/mcu/drivers/systemlevel/src/rsi_ipmu.o
                0x0820504c                RSI_IPMU_PocbiasCurrent
 .text.RSI_IPMU_PocbiasCurrent11
                0x08205058        0xc ./wiseconnect3_sdk_3.1.4/components/device/silabs/si91x/mcu/drivers/systemlevel/src/rsi_ipmu.o
                0x08205058                RSI_IPMU_PocbiasCurrent11
 .text.RSI_IPMU_RO32khzTrim00Efuse
                0x08205064        0xc ./wiseconnect3_sdk_3.1.4/components/device/silabs/si91x/mcu/drivers/systemlevel/src/rsi_ipmu.o
                0x08205064                RSI_IPMU_RO32khzTrim00Efuse
 .text.RSI_IPMU_RetnLdoVoltsel
                0x08205070        0xc ./wiseconnect3_sdk_3.1.4/components/device/silabs/si91x/mcu/drivers/systemlevel/src/rsi_ipmu.o
                0x08205070                RSI_IPMU_RetnLdoVoltsel
 .text.RSI_IPMU_RetnLdoLpmode
                0x0820507c       0x1c ./wiseconnect3_sdk_3.1.4/components/device/silabs/si91x/mcu/drivers/systemlevel/src/rsi_ipmu.o
                0x0820507c                RSI_IPMU_RetnLdoLpmode
 .text.RSI_IPMU_RetnLdoHpmode
                0x08205098       0x1c ./wiseconnect3_sdk_3.1.4/components/device/silabs/si91x/mcu/drivers/systemlevel/src/rsi_ipmu.o
                0x08205098                RSI_IPMU_RetnLdoHpmode
 .text.RSI_IPMU_M32rc_OscTrimEfuse
                0x082050b4       0x28 ./wiseconnect3_sdk_3.1.4/components/device/silabs/si91x/mcu/drivers/systemlevel/src/rsi_ipmu.o
                0x082050b4                RSI_IPMU_M32rc_OscTrimEfuse
 .text.RSI_IPMU_DBLR32M_TrimEfuse
                0x082050dc       0x18 ./wiseconnect3_sdk_3.1.4/components/device/silabs/si91x/mcu/drivers/systemlevel/src/rsi_ipmu.o
                0x082050dc                RSI_IPMU_DBLR32M_TrimEfuse
 .text.RSI_IPMU_M20roOsc_TrimEfuse
                0x082050f4       0x28 ./wiseconnect3_sdk_3.1.4/components/device/silabs/si91x/mcu/drivers/systemlevel/src/rsi_ipmu.o
                0x082050f4                RSI_IPMU_M20roOsc_TrimEfuse
 .text.RSI_IPMU_RO32khz_TrimEfuse
                0x0820511c       0x18 ./wiseconnect3_sdk_3.1.4/components/device/silabs/si91x/mcu/drivers/systemlevel/src/rsi_ipmu.o
                0x0820511c                RSI_IPMU_RO32khz_TrimEfuse
 .text.RSI_IPMU_RC32khz_TrimEfuse
                0x08205134       0x18 ./wiseconnect3_sdk_3.1.4/components/device/silabs/si91x/mcu/drivers/systemlevel/src/rsi_ipmu.o
                0x08205134                RSI_IPMU_RC32khz_TrimEfuse
 .text.RSI_IPMU_RO_TsEfuse
                0x0820514c        0xc ./wiseconnect3_sdk_3.1.4/components/device/silabs/si91x/mcu/drivers/systemlevel/src/rsi_ipmu.o
                0x0820514c                RSI_IPMU_RO_TsEfuse
 .text.RSI_IPMU_RO_TsConfig
                0x08205158        0xc ./wiseconnect3_sdk_3.1.4/components/device/silabs/si91x/mcu/drivers/systemlevel/src/rsi_ipmu.o
                0x08205158                RSI_IPMU_RO_TsConfig
 .text._usdelay
                0x08205164        0x6 ./wiseconnect3_sdk_3.1.4/components/device/silabs/si91x/mcu/drivers/systemlevel/src/rsi_pll.o
 *fill*         0x0820516a        0x2 
 .text.clk_m4_soc_clk_config
                0x0820516c       0xc8 ./wiseconnect3_sdk_3.1.4/components/device/silabs/si91x/mcu/drivers/systemlevel/src/rsi_pll.o
                0x0820516c                clk_m4_soc_clk_config
 .text.ulpss_enable_ref_clks
                0x08205234       0xf8 ./wiseconnect3_sdk_3.1.4/components/device/silabs/si91x/mcu/drivers/systemlevel/src/rsi_pll.o
                0x08205234                ulpss_enable_ref_clks
 .text.clk_m4ss_ref_clk_config
                0x0820532c       0xcc ./wiseconnect3_sdk_3.1.4/components/device/silabs/si91x/mcu/drivers/systemlevel/src/rsi_pll.o
                0x0820532c                clk_m4ss_ref_clk_config
 .text.RSI_TS_Enable
                0x082053f8        0xa ./wiseconnect3_sdk_3.1.4/components/device/silabs/si91x/mcu/drivers/systemlevel/src/rsi_temp_sensor.o
                0x082053f8                RSI_TS_Enable
 .text.RSI_TS_Config
                0x08205402       0x36 ./wiseconnect3_sdk_3.1.4/components/device/silabs/si91x/mcu/drivers/systemlevel/src/rsi_temp_sensor.o
                0x08205402                RSI_TS_Config
 .text.RSI_TS_ReadTemp
                0x08205438        0xe ./wiseconnect3_sdk_3.1.4/components/device/silabs/si91x/mcu/drivers/systemlevel/src/rsi_temp_sensor.o
                0x08205438                RSI_TS_ReadTemp
 .text.RSI_TS_RoBjtEnable
                0x08205446       0x26 ./wiseconnect3_sdk_3.1.4/components/device/silabs/si91x/mcu/drivers/systemlevel/src/rsi_temp_sensor.o
                0x08205446                RSI_TS_RoBjtEnable
 .text.RSI_Periodic_TempUpdate
                0x0820546c       0x12 ./wiseconnect3_sdk_3.1.4/components/device/silabs/si91x/mcu/drivers/systemlevel/src/rsi_temp_sensor.o
                0x0820546c                RSI_Periodic_TempUpdate
 .text.ulpss_time_clk_disable
                0x0820547e       0x34 ./wiseconnect3_sdk_3.1.4/components/device/silabs/si91x/mcu/drivers/systemlevel/src/rsi_ulpss_clk.o
                0x0820547e                ulpss_time_clk_disable
 *fill*         0x082054b2        0x2 
 .text.ulpss_ref_clk_config
                0x082054b4       0xbc ./wiseconnect3_sdk_3.1.4/components/device/silabs/si91x/mcu/drivers/systemlevel/src/rsi_ulpss_clk.o
                0x082054b4                ulpss_ref_clk_config
 .text.sli_si91x_platform_init
                0x08205570       0x5c ./wiseconnect3_sdk_3.1.4/components/device/silabs/si91x/wireless/ahb_interface/src/sl_platform.o
                0x08205570                sli_si91x_platform_init
 .text.si91x_bootup_firmware
                0x082055cc       0x94 ./wiseconnect3_sdk_3.1.4/components/device/silabs/si91x/wireless/ahb_interface/src/sl_platform.o
                0x082055cc                si91x_bootup_firmware
 .text.sl_si91x_hardware_setup
                0x08205660       0xcc ./wiseconnect3_sdk_3.1.4/components/device/silabs/si91x/wireless/ahb_interface/src/sl_platform_wireless.o
                0x08205660                sl_si91x_hardware_setup
 .text.sli_si91x_configure_wireless_frontend_controls
                0x0820572c       0x44 ./wiseconnect3_sdk_3.1.4/components/device/silabs/si91x/wireless/ahb_interface/src/sl_platform_wireless.o
                0x0820572c                sli_si91x_configure_wireless_frontend_controls
 .text.sl_si91x_trigger_sleep
                0x08205770      0x230 ./wiseconnect3_sdk_3.1.4/components/device/silabs/si91x/wireless/ahb_interface/src/sl_platform_wireless.o
                0x08205770                sl_si91x_trigger_sleep
 .text.sl_si91x_configure_ram_retention
                0x082059a0       0x48 ./wiseconnect3_sdk_3.1.4/components/device/silabs/si91x/wireless/ahb_interface/src/sl_platform_wireless.o
                0x082059a0                sl_si91x_configure_ram_retention
 .text.rsi_waitfor_boardready
                0x082059e8       0x44 ./wiseconnect3_sdk_3.1.4/components/device/silabs/si91x/wireless/ahb_interface/src/sli_siwx917_soc.o
                0x082059e8                rsi_waitfor_boardready
 .text.rsi_select_option
                0x08205a2c       0x80 ./wiseconnect3_sdk_3.1.4/components/device/silabs/si91x/wireless/ahb_interface/src/sli_siwx917_soc.o
                0x08205a2c                rsi_select_option
 .text.unmask_ta_interrupt
                0x08205aac        0xc ./wiseconnect3_sdk_3.1.4/components/device/silabs/si91x/wireless/ahb_interface/src/sli_siwx917_soc.o
                0x08205aac                unmask_ta_interrupt
 .text.sli_m4_ta_interrupt_init
                0x08205ab8       0x2c ./wiseconnect3_sdk_3.1.4/components/device/silabs/si91x/wireless/ahb_interface/src/sli_siwx917_soc.o
                0x08205ab8                sli_m4_ta_interrupt_init
 .text.rsi_bt_clear_wait_bitmap.part.0
                0x08205ae4       0x3c ./wiseconnect3_sdk_3.1.4/components/device/silabs/si91x/wireless/ble/src/rsi_bt_ble.o
 .text.rsi_bt_set_wait_bitmap.part.0
                0x08205b20       0x3c ./wiseconnect3_sdk_3.1.4/components/device/silabs/si91x/wireless/ble/src/rsi_bt_ble.o
 .text.rsi_bt_clear_wait_bitmap
                0x08205b5c       0x40 ./wiseconnect3_sdk_3.1.4/components/device/silabs/si91x/wireless/ble/src/rsi_bt_ble.o
                0x08205b5c                rsi_bt_clear_wait_bitmap
 .text.rsi_bt_set_wait_bitmap
                0x08205b9c       0x40 ./wiseconnect3_sdk_3.1.4/components/device/silabs/si91x/wireless/ble/src/rsi_bt_ble.o
                0x08205b9c                rsi_bt_set_wait_bitmap
 .text.rsi_bt_get_proto_type
                0x08205bdc      0x10c ./wiseconnect3_sdk_3.1.4/components/device/silabs/si91x/wireless/ble/src/rsi_bt_ble.o
                0x08205bdc                rsi_bt_get_proto_type
 .text.rsi_bt_common_tx_done
                0x08205ce8       0x36 ./wiseconnect3_sdk_3.1.4/components/device/silabs/si91x/wireless/ble/src/rsi_bt_ble.o
                0x08205ce8                rsi_bt_common_tx_done
 *fill*         0x08205d1e        0x2 
 .text.rsi_ble_update_le_dev_buf
                0x08205d20       0x5c ./wiseconnect3_sdk_3.1.4/components/device/silabs/si91x/wireless/ble/src/rsi_bt_ble.o
                0x08205d20                rsi_ble_update_le_dev_buf
 .text.rsi_add_remote_ble_dev_info
                0x08205d7c       0x50 ./wiseconnect3_sdk_3.1.4/components/device/silabs/si91x/wireless/ble/src/rsi_bt_ble.o
                0x08205d7c                rsi_add_remote_ble_dev_info
 .text.rsi_remove_remote_ble_dev_info
                0x08205dcc       0x58 ./wiseconnect3_sdk_3.1.4/components/device/silabs/si91x/wireless/ble/src/rsi_bt_ble.o
                0x08205dcc                rsi_remove_remote_ble_dev_info
 .text.rsi_ble_callbacks_handler
                0x08205e24      0x3e0 ./wiseconnect3_sdk_3.1.4/components/device/silabs/si91x/wireless/ble/src/rsi_bt_ble.o
                0x08205e24                rsi_ble_callbacks_handler
 .text.rsi_driver_process_bt_resp
                0x08206204       0xe0 ./wiseconnect3_sdk_3.1.4/components/device/silabs/si91x/wireless/ble/src/rsi_bt_ble.o
                0x08206204                rsi_driver_process_bt_resp
 .text.rsi_driver_process_bt_resp_handler
                0x082062e4       0x58 ./wiseconnect3_sdk_3.1.4/components/device/silabs/si91x/wireless/ble/src/rsi_bt_ble.o
                0x082062e4                rsi_driver_process_bt_resp_handler
 .text.rsi_bt_cb_init
                0x0820633c       0x5e ./wiseconnect3_sdk_3.1.4/components/device/silabs/si91x/wireless/ble/src/rsi_bt_ble.o
                0x0820633c                rsi_bt_cb_init
 .text.rsi_bt_global_cb_init
                0x0820639a        0xc ./wiseconnect3_sdk_3.1.4/components/device/silabs/si91x/wireless/ble/src/rsi_bt_ble.o
                0x0820639a                rsi_bt_global_cb_init
 *fill*         0x082063a6        0x2 
 .text.rsi_bt_common_init
                0x082063a8       0x30 ./wiseconnect3_sdk_3.1.4/components/device/silabs/si91x/wireless/ble/src/rsi_bt_ble.o
                0x082063a8                rsi_bt_common_init
 .text.rsi_bt_power_save_profile
                0x082063d8       0x70 ./wiseconnect3_sdk_3.1.4/components/device/silabs/si91x/wireless/ble/src/rsi_bt_common_apis.o
                0x082063d8                rsi_bt_power_save_profile
 .text.rsi_ble_driver_init
                0x08206448       0xb4 ./wiseconnect3_sdk_3.1.4/components/device/silabs/si91x/wireless/ble/src/rsi_common_apis.o
                0x08206448                rsi_ble_driver_init
 .text.rsi_bytes2R_to_uint16
                0x082064fc       0x14 ./wiseconnect3_sdk_3.1.4/components/device/silabs/si91x/wireless/ble/src/rsi_utils.o
                0x082064fc                rsi_bytes2R_to_uint16
 .text.sl_si91x_bt_set_performance_profile
                0x08206510       0x74 ./wiseconnect3_sdk_3.1.4/components/device/silabs/si91x/wireless/ble/src/sl_si91x_ble.o
                0x08206510                sl_si91x_bt_set_performance_profile
 .text.sl_si91x_errno
                0x08206584       0x1c ./wiseconnect3_sdk_3.1.4/components/device/silabs/si91x/wireless/errno/src/sl_si91x_errno.o
                0x08206584                sl_si91x_errno
 .text.sl_si91x_bus_rx_irq_handler
                0x082065a0        0x4 ./wiseconnect3_sdk_3.1.4/components/device/silabs/si91x/wireless/host_mcu/si91x/siwx917_soc_ncp_host.o
                0x082065a0                sl_si91x_bus_rx_irq_handler
 .text.sl_si91x_bus_rx_done_handler
                0x082065a4        0x2 ./wiseconnect3_sdk_3.1.4/components/device/silabs/si91x/wireless/host_mcu/si91x/siwx917_soc_ncp_host.o
                0x082065a4                sl_si91x_bus_rx_done_handler
 .text.sl_si91x_bus_init
                0x082065a6        0x4 ./wiseconnect3_sdk_3.1.4/components/device/silabs/si91x/wireless/host_mcu/si91x/siwx917_soc_ncp_host.o
                0x082065a6                sl_si91x_bus_init
 .text.sl_si91x_host_init
                0x082065aa        0xa ./wiseconnect3_sdk_3.1.4/components/device/silabs/si91x/wireless/host_mcu/si91x/siwx917_soc_ncp_host.o
                0x082065aa                sl_si91x_host_init
 .text.sl_si91x_host_hold_in_reset
                0x082065b4        0x2 ./wiseconnect3_sdk_3.1.4/components/device/silabs/si91x/wireless/host_mcu/si91x/siwx917_soc_ncp_host.o
                0x082065b4                sl_si91x_host_hold_in_reset
 .text.sl_si91x_host_release_from_reset
                0x082065b6        0x2 ./wiseconnect3_sdk_3.1.4/components/device/silabs/si91x/wireless/host_mcu/si91x/siwx917_soc_ncp_host.o
                0x082065b6                sl_si91x_host_release_from_reset
 .text.sl_si91x_host_enable_bus_interrupt
                0x082065b8        0x2 ./wiseconnect3_sdk_3.1.4/components/device/silabs/si91x/wireless/host_mcu/si91x/siwx917_soc_ncp_host.o
                0x082065b8                sl_si91x_host_enable_bus_interrupt
 *fill*         0x082065ba        0x2 
 .text.sl_si91x_host_is_in_irq_context
                0x082065bc       0x14 ./wiseconnect3_sdk_3.1.4/components/device/silabs/si91x/wireless/host_mcu/si91x/siwx917_soc_ncp_host.o
                0x082065bc                sl_si91x_host_is_in_irq_context
 .text.sl_si91x_host_init_buffer_manager
                0x082065d0       0x38 ./wiseconnect3_sdk_3.1.4/components/device/silabs/si91x/wireless/memory/mem_pool_buffers.o
                0x082065d0                sl_si91x_host_init_buffer_manager
 .text.sl_si91x_host_allocate_buffer
                0x08206608       0x4c ./wiseconnect3_sdk_3.1.4/components/device/silabs/si91x/wireless/memory/mem_pool_buffers.o
                0x08206608                sl_si91x_host_allocate_buffer
 .text.sl_si91x_host_get_buffer_data
                0x08206654       0x18 ./wiseconnect3_sdk_3.1.4/components/device/silabs/si91x/wireless/memory/mem_pool_buffers.o
                0x08206654                sl_si91x_host_get_buffer_data
 .text.sl_si91x_host_free_buffer
                0x0820666c       0x18 ./wiseconnect3_sdk_3.1.4/components/device/silabs/si91x/wireless/memory/mem_pool_buffers.o
                0x0820666c                sl_si91x_host_free_buffer
 .text.convert_si91x_dns_response
                0x08206684       0x2a ./wiseconnect3_sdk_3.1.4/components/device/silabs/si91x/wireless/sl_net/src/sl_net_rsi_utility.o
                0x08206684                convert_si91x_dns_response
 .text.convert_si91x_event_to_sl_net_event
                0x082066ae       0x2a ./wiseconnect3_sdk_3.1.4/components/device/silabs/si91x/wireless/sl_net/src/sl_net_rsi_utility.o
                0x082066ae                convert_si91x_event_to_sl_net_event
 .text.si91x_node_free_function
                0x082066d8        0x6 ./wiseconnect3_sdk_3.1.4/components/device/silabs/si91x/wireless/sl_net/src/sl_net_si91x_integration_handler.o
 *fill*         0x082066de        0x2 
 .text.sl_net_si91x_event_dispatch_handler
                0x082066e0       0xa0 ./wiseconnect3_sdk_3.1.4/components/device/silabs/si91x/wireless/sl_net/src/sl_net_si91x_integration_handler.o
                0x082066e0                sl_net_si91x_event_dispatch_handler
 .text.sl_si91x_host_get_credentials
                0x08206780       0x4a ./wiseconnect3_sdk_3.1.4/components/device/silabs/si91x/wireless/sl_net/src/sl_si91x_net_credentials.o
                0x08206780                sl_si91x_host_get_credentials
 *fill*         0x082067ca        0x2 
 .text.sl_si91x_configure_ip_address
                0x082067cc      0x1a4 ./wiseconnect3_sdk_3.1.4/components/device/silabs/si91x/wireless/sl_net/src/sl_si91x_net_internal_stack.o
                0x082067cc                sl_si91x_configure_ip_address
 .text.si91x_socket_node_free_function
                0x08206970        0x6 ./wiseconnect3_sdk_3.1.4/components/device/silabs/si91x/wireless/socket/src/sl_si91x_socket_utility.o
 *fill*         0x08206976        0x2 
 .text.si91x_socket_identification_function
                0x08206978       0xac ./wiseconnect3_sdk_3.1.4/components/device/silabs/si91x/wireless/socket/src/sl_si91x_socket_utility.o
 .text.reset_socket_state
                0x08206a24       0x14 ./wiseconnect3_sdk_3.1.4/components/device/silabs/si91x/wireless/socket/src/sl_si91x_socket_utility.o
                0x08206a24                reset_socket_state
 .text.sl_si91x_vap_shutdown
                0x08206a38       0x34 ./wiseconnect3_sdk_3.1.4/components/device/silabs/si91x/wireless/socket/src/sl_si91x_socket_utility.o
                0x08206a38                sl_si91x_vap_shutdown
 .text.get_si91x_socket
                0x08206a6c       0x24 ./wiseconnect3_sdk_3.1.4/components/device/silabs/si91x/wireless/socket/src/sl_si91x_socket_utility.o
                0x08206a6c                get_si91x_socket
 .text.handle_accept_response
                0x08206a90       0x46 ./wiseconnect3_sdk_3.1.4/components/device/silabs/si91x/wireless/socket/src/sl_si91x_socket_utility.o
                0x08206a90                handle_accept_response
 .text.handle_select_response
                0x08206ad6       0x6a ./wiseconnect3_sdk_3.1.4/components/device/silabs/si91x/wireless/socket/src/sl_si91x_socket_utility.o
                0x08206ad6                handle_select_response
 .text.si91x_socket_event_handler
                0x08206b40      0x15c ./wiseconnect3_sdk_3.1.4/components/device/silabs/si91x/wireless/socket/src/sl_si91x_socket_utility.o
                0x08206b40                si91x_socket_event_handler
 .text.sl_si91x_register_event_handler
                0x08206c9c        0xc ./wiseconnect3_sdk_3.1.4/components/device/silabs/si91x/wireless/src/sl_si91x_callback_framework.o
                0x08206c9c                sl_si91x_register_event_handler
 .text.sl_si91x_default_handler
                0x08206ca8       0x68 ./wiseconnect3_sdk_3.1.4/components/device/silabs/si91x/wireless/src/sl_si91x_callback_framework.o
                0x08206ca8                sl_si91x_default_handler
 .text.get_configured_join_request
                0x08206d10      0x106 ./wiseconnect3_sdk_3.1.4/components/protocol/wifi/si91x/sl_wifi.o
 .text.sl_wifi_init
                0x08206e16        0x6 ./wiseconnect3_sdk_3.1.4/components/protocol/wifi/si91x/sl_wifi.o
                0x08206e16                sl_wifi_init
 .text.sl_wifi_set_mac_address
                0x08206e1c       0x34 ./wiseconnect3_sdk_3.1.4/components/protocol/wifi/si91x/sl_wifi.o
                0x08206e1c                sl_wifi_set_mac_address
 .text.sl_wifi_start_ap
                0x08206e50      0x1c4 ./wiseconnect3_sdk_3.1.4/components/protocol/wifi/si91x/sl_wifi.o
                0x08206e50                sl_wifi_start_ap
 .text.sl_wifi_get_firmware_version
                0x08207014       0x88 ./wiseconnect3_sdk_3.1.4/components/protocol/wifi/si91x/sl_wifi.o
                0x08207014                sl_wifi_get_firmware_version
 .text.sl_wifi_set_performance_profile
                0x0820709c       0x8c ./wiseconnect3_sdk_3.1.4/components/protocol/wifi/si91x/sl_wifi.o
                0x0820709c                sl_wifi_set_performance_profile
 .text.sl_wifi_is_interface_up
                0x08207128       0x70 ./wiseconnect3_sdk_3.1.4/components/protocol/wifi/si91x/sl_wifi.o
                0x08207128                sl_wifi_is_interface_up
 .text.sl_wifi_connect
                0x08207198      0x320 ./wiseconnect3_sdk_3.1.4/components/protocol/wifi/si91x/sl_wifi.o
                0x08207198                sl_wifi_connect
 .text.sl_wifi_get_mac_address
                0x082074b8       0x74 ./wiseconnect3_sdk_3.1.4/components/protocol/wifi/si91x/sl_wifi.o
                0x082074b8                sl_wifi_get_mac_address
 .text.sl_wifi_filter_broadcast
                0x0820752c       0x2c ./wiseconnect3_sdk_3.1.4/components/protocol/wifi/si91x/sl_wifi.o
                0x0820752c                sl_wifi_filter_broadcast
 .text.sl_wifi_btr_set_channel
                0x08207558       0x80 ./wiseconnect3_sdk_3.1.4/components/protocol/wifi/si91x/sl_wifi.o
                0x08207558                sl_wifi_btr_set_channel
 .text.sl_wifi_btr_config_params
                0x082075d8       0xdc ./wiseconnect3_sdk_3.1.4/components/protocol/wifi/si91x/sl_wifi.o
                0x082075d8                sl_wifi_btr_config_params
 .text.sl_wifi_btr_up
                0x082076b4      0x18c ./wiseconnect3_sdk_3.1.4/components/protocol/wifi/si91x/sl_wifi.o
                0x082076b4                sl_wifi_btr_up
 .text.get_event_group_from_event
                0x08207840       0xbc ./wiseconnect3_sdk_3.1.4/components/protocol/wifi/src/sl_wifi_callback_framework.o
 .text.sl_wifi_default_event_handler
                0x082078fc      0x118 ./wiseconnect3_sdk_3.1.4/components/protocol/wifi/src/sl_wifi_callback_framework.o
                0x082078fc                sl_wifi_default_event_handler
 .text.sl_net_wifi_client_init
                0x08207a14       0x1c ./wiseconnect3_sdk_3.1.4/components/service/network_manager/si91x/sl_net_si91x.o
                0x08207a14                sl_net_wifi_client_init
 .text.sl_net_wifi_client_up
                0x08207a30       0x36 ./wiseconnect3_sdk_3.1.4/components/service/network_manager/si91x/sl_net_si91x.o
                0x08207a30                sl_net_wifi_client_up
 .text.sl_net_wifi_ap_init
                0x08207a66        0x4 ./wiseconnect3_sdk_3.1.4/components/service/network_manager/si91x/sl_net_si91x.o
                0x08207a66                sl_net_wifi_ap_init
 .text.sl_net_wifi_ap_up
                0x08207a6a       0x30 ./wiseconnect3_sdk_3.1.4/components/service/network_manager/si91x/sl_net_si91x.o
                0x08207a6a                sl_net_wifi_ap_up
 .text.sl_net_wifi_btr_init
                0x08207a9a        0x4 ./wiseconnect3_sdk_3.1.4/components/service/network_manager/si91x/sl_net_si91x.o
                0x08207a9a                sl_net_wifi_btr_init
 .text.sl_net_wifi_btr_up
                0x08207a9e       0x28 ./wiseconnect3_sdk_3.1.4/components/service/network_manager/si91x/sl_net_si91x.o
                0x08207a9e                sl_net_wifi_btr_up
 *fill*         0x08207ac6        0x2 
 .text.sl_net_init
                0x08207ac8      0x174 ./wiseconnect3_sdk_3.1.4/components/service/network_manager/src/sl_net.o
                0x08207ac8                sl_net_init
 .text.sl_net_up
                0x08207c3c       0x20 ./wiseconnect3_sdk_3.1.4/components/service/network_manager/src/sl_net.o
                0x08207c3c                sl_net_up
 .text.sl_net_get_credential
                0x08207c5c       0x74 ./wiseconnect3_sdk_3.1.4/components/service/network_manager/src/sl_net_basic_credentials.o
                0x08207c5c                sl_net_get_credential
 .text.sl_net_set_profile
                0x08207cd0       0x60 ./wiseconnect3_sdk_3.1.4/components/service/network_manager/src/sl_net_basic_profiles.o
                0x08207cd0                sl_net_set_profile
 .text.sl_net_get_profile
                0x08207d30       0x68 ./wiseconnect3_sdk_3.1.4/components/service/network_manager/src/sl_net_basic_profiles.o
                0x08207d30                sl_net_get_profile
 .text          0x08207d98      0x378 c:/siliconlabs/simplicitystudio/v5/developer/toolchains/gnu_arm/12.2.rel1_2023.7/bin/../lib/gcc/arm-none-eabi/12.2.1/thumb/v7e-m+fp/softfp\libgcc.a(_arm_addsubdf3.o)
                0x08207d98                __aeabi_drsub
                0x08207da0                __aeabi_dsub
                0x08207da0                __subdf3
                0x08207da4                __aeabi_dadd
                0x08207da4                __adddf3
                0x0820801c                __floatunsidf
                0x0820801c                __aeabi_ui2d
                0x0820803c                __floatsidf
                0x0820803c                __aeabi_i2d
                0x08208060                __aeabi_f2d
                0x08208060                __extendsfdf2
                0x082080a4                __floatundidf
                0x082080a4                __aeabi_ul2d
                0x082080b4                __floatdidf
                0x082080b4                __aeabi_l2d
 .text          0x08208110      0x424 c:/siliconlabs/simplicitystudio/v5/developer/toolchains/gnu_arm/12.2.rel1_2023.7/bin/../lib/gcc/arm-none-eabi/12.2.1/thumb/v7e-m+fp/softfp\libgcc.a(_arm_muldivdf3.o)
                0x08208110                __aeabi_dmul
                0x08208110                __muldf3
                0x08208364                __divdf3
                0x08208364                __aeabi_ddiv
 .text          0x08208534       0x40 c:/siliconlabs/simplicitystudio/v5/developer/toolchains/gnu_arm/12.2.rel1_2023.7/bin/../lib/gcc/arm-none-eabi/12.2.1/thumb/v7e-m+fp/softfp\libgcc.a(_arm_fixunsdfsi.o)
                0x08208534                __aeabi_d2uiz
                0x08208534                __fixunsdfsi
 .text.malloc   0x08208574       0x10 c:/siliconlabs/simplicitystudio/v5/developer/toolchains/gnu_arm/12.2.rel1_2023.7/bin/../lib/gcc/arm-none-eabi/12.2.1/thumb/v7e-m+fp/softfp\libc_nano.a(libc_a-malloc.o)
                0x08208574                malloc
 .text.free     0x08208584       0x10 c:/siliconlabs/simplicitystudio/v5/developer/toolchains/gnu_arm/12.2.rel1_2023.7/bin/../lib/gcc/arm-none-eabi/12.2.1/thumb/v7e-m+fp/softfp\libc_nano.a(libc_a-malloc.o)
                0x08208584                free
 .text.sbrk_aligned
                0x08208594       0x44 c:/siliconlabs/simplicitystudio/v5/developer/toolchains/gnu_arm/12.2.rel1_2023.7/bin/../lib/gcc/arm-none-eabi/12.2.1/thumb/v7e-m+fp/softfp\libc_nano.a(libc_a-mallocr.o)
 .text._malloc_r
                0x082085d8       0xf0 c:/siliconlabs/simplicitystudio/v5/developer/toolchains/gnu_arm/12.2.rel1_2023.7/bin/../lib/gcc/arm-none-eabi/12.2.1/thumb/v7e-m+fp/softfp\libc_nano.a(libc_a-mallocr.o)
                0x082085d8                _malloc_r
 .text.__malloc_lock
                0x082086c8        0xc c:/siliconlabs/simplicitystudio/v5/developer/toolchains/gnu_arm/12.2.rel1_2023.7/bin/../lib/gcc/arm-none-eabi/12.2.1/thumb/v7e-m+fp/softfp\libc_nano.a(libc_a-mlock.o)
                0x082086c8                __malloc_lock
 .text.__malloc_unlock
                0x082086d4        0xc c:/siliconlabs/simplicitystudio/v5/developer/toolchains/gnu_arm/12.2.rel1_2023.7/bin/../lib/gcc/arm-none-eabi/12.2.1/thumb/v7e-m+fp/softfp\libc_nano.a(libc_a-mlock.o)
                0x082086d4                __malloc_unlock
 .text.__cvt    0x082086e0       0xce c:/siliconlabs/simplicitystudio/v5/developer/toolchains/gnu_arm/12.2.rel1_2023.7/bin/../lib/gcc/arm-none-eabi/12.2.1/thumb/v7e-m+fp/softfp\libc_nano.a(libc_a-nano-vfprintf_float.o)
                0x082086e0                __cvt
 .text.__exponent
                0x082087ae       0x74 c:/siliconlabs/simplicitystudio/v5/developer/toolchains/gnu_arm/12.2.rel1_2023.7/bin/../lib/gcc/arm-none-eabi/12.2.1/thumb/v7e-m+fp/softfp\libc_nano.a(libc_a-nano-vfprintf_float.o)
                0x082087ae                __exponent
 *fill*         0x08208822        0x2 
 .text._printf_float
                0x08208824      0x46c c:/siliconlabs/simplicitystudio/v5/developer/toolchains/gnu_arm/12.2.rel1_2023.7/bin/../lib/gcc/arm-none-eabi/12.2.1/thumb/v7e-m+fp/softfp\libc_nano.a(libc_a-nano-vfprintf_float.o)
                0x08208824                _printf_float
 .text._printf_common
                0x08208c90       0xda c:/siliconlabs/simplicitystudio/v5/developer/toolchains/gnu_arm/12.2.rel1_2023.7/bin/../lib/gcc/arm-none-eabi/12.2.1/thumb/v7e-m+fp/softfp\libc_nano.a(libc_a-nano-vfprintf_i.o)
                0x08208c90                _printf_common
 *fill*         0x08208d6a        0x2 
 .text._printf_i
                0x08208d6c      0x258 c:/siliconlabs/simplicitystudio/v5/developer/toolchains/gnu_arm/12.2.rel1_2023.7/bin/../lib/gcc/arm-none-eabi/12.2.1/thumb/v7e-m+fp/softfp\libc_nano.a(libc_a-nano-vfprintf_i.o)
                0x08208d6c                _printf_i
 .text.std      0x08208fc4       0x6c c:/siliconlabs/simplicitystudio/v5/developer/toolchains/gnu_arm/12.2.rel1_2023.7/bin/../lib/gcc/arm-none-eabi/12.2.1/thumb/v7e-m+fp/softfp\libc_nano.a(libc_a-findfp.o)
 .text.stdio_exit_handler
                0x08209030       0x18 c:/siliconlabs/simplicitystudio/v5/developer/toolchains/gnu_arm/12.2.rel1_2023.7/bin/../lib/gcc/arm-none-eabi/12.2.1/thumb/v7e-m+fp/softfp\libc_nano.a(libc_a-findfp.o)
 .text.cleanup_stdio
                0x08209048       0x40 c:/siliconlabs/simplicitystudio/v5/developer/toolchains/gnu_arm/12.2.rel1_2023.7/bin/../lib/gcc/arm-none-eabi/12.2.1/thumb/v7e-m+fp/softfp\libc_nano.a(libc_a-findfp.o)
 .text.global_stdio_init.part.0
                0x08209088       0x3c c:/siliconlabs/simplicitystudio/v5/developer/toolchains/gnu_arm/12.2.rel1_2023.7/bin/../lib/gcc/arm-none-eabi/12.2.1/thumb/v7e-m+fp/softfp\libc_nano.a(libc_a-findfp.o)
 .text.__sfp_lock_acquire
                0x082090c4        0xc c:/siliconlabs/simplicitystudio/v5/developer/toolchains/gnu_arm/12.2.rel1_2023.7/bin/../lib/gcc/arm-none-eabi/12.2.1/thumb/v7e-m+fp/softfp\libc_nano.a(libc_a-findfp.o)
                0x082090c4                __sfp_lock_acquire
 .text.__sfp_lock_release
                0x082090d0        0xc c:/siliconlabs/simplicitystudio/v5/developer/toolchains/gnu_arm/12.2.rel1_2023.7/bin/../lib/gcc/arm-none-eabi/12.2.1/thumb/v7e-m+fp/softfp\libc_nano.a(libc_a-findfp.o)
                0x082090d0                __sfp_lock_release
 .text.__sinit  0x082090dc       0x30 c:/siliconlabs/simplicitystudio/v5/developer/toolchains/gnu_arm/12.2.rel1_2023.7/bin/../lib/gcc/arm-none-eabi/12.2.1/thumb/v7e-m+fp/softfp\libc_nano.a(libc_a-findfp.o)
                0x082090dc                __sinit
 .text._fwalk_sglue
                0x0820910c       0x3c c:/siliconlabs/simplicitystudio/v5/developer/toolchains/gnu_arm/12.2.rel1_2023.7/bin/../lib/gcc/arm-none-eabi/12.2.1/thumb/v7e-m+fp/softfp\libc_nano.a(libc_a-fwalk.o)
                0x0820910c                _fwalk_sglue
 .text.printf   0x08209148       0x24 c:/siliconlabs/simplicitystudio/v5/developer/toolchains/gnu_arm/12.2.rel1_2023.7/bin/../lib/gcc/arm-none-eabi/12.2.1/thumb/v7e-m+fp/softfp\libc_nano.a(libc_a-printf.o)
                0x08209148                iprintf
                0x08209148                printf
 .text._puts_r  0x0820916c       0xaa c:/siliconlabs/simplicitystudio/v5/developer/toolchains/gnu_arm/12.2.rel1_2023.7/bin/../lib/gcc/arm-none-eabi/12.2.1/thumb/v7e-m+fp/softfp\libc_nano.a(libc_a-puts.o)
                0x0820916c                _puts_r
 *fill*         0x08209216        0x2 
 .text.puts     0x08209218       0x10 c:/siliconlabs/simplicitystudio/v5/developer/toolchains/gnu_arm/12.2.rel1_2023.7/bin/../lib/gcc/arm-none-eabi/12.2.1/thumb/v7e-m+fp/softfp\libc_nano.a(libc_a-puts.o)
                0x08209218                puts
 .text.sprintf  0x08209228       0x40 c:/siliconlabs/simplicitystudio/v5/developer/toolchains/gnu_arm/12.2.rel1_2023.7/bin/../lib/gcc/arm-none-eabi/12.2.1/thumb/v7e-m+fp/softfp\libc_nano.a(libc_a-sprintf.o)
                0x08209228                siprintf
                0x08209228                sprintf
 .text.__sread  0x08209268       0x22 c:/siliconlabs/simplicitystudio/v5/developer/toolchains/gnu_arm/12.2.rel1_2023.7/bin/../lib/gcc/arm-none-eabi/12.2.1/thumb/v7e-m+fp/softfp\libc_nano.a(libc_a-stdio.o)
                0x08209268                __sread
 .text.__swrite
                0x0820928a       0x38 c:/siliconlabs/simplicitystudio/v5/developer/toolchains/gnu_arm/12.2.rel1_2023.7/bin/../lib/gcc/arm-none-eabi/12.2.1/thumb/v7e-m+fp/softfp\libc_nano.a(libc_a-stdio.o)
                0x0820928a                __swrite
 .text.__sseek  0x082092c2       0x24 c:/siliconlabs/simplicitystudio/v5/developer/toolchains/gnu_arm/12.2.rel1_2023.7/bin/../lib/gcc/arm-none-eabi/12.2.1/thumb/v7e-m+fp/softfp\libc_nano.a(libc_a-stdio.o)
                0x082092c2                __sseek
 .text.__sclose
                0x082092e6        0x8 c:/siliconlabs/simplicitystudio/v5/developer/toolchains/gnu_arm/12.2.rel1_2023.7/bin/../lib/gcc/arm-none-eabi/12.2.1/thumb/v7e-m+fp/softfp\libc_nano.a(libc_a-stdio.o)
                0x082092e6                __sclose
 .text.__swbuf_r
                0x082092ee       0x7c c:/siliconlabs/simplicitystudio/v5/developer/toolchains/gnu_arm/12.2.rel1_2023.7/bin/../lib/gcc/arm-none-eabi/12.2.1/thumb/v7e-m+fp/softfp\libc_nano.a(libc_a-wbuf.o)
                0x082092ee                __swbuf_r
 *fill*         0x0820936a        0x2 
 .text.__swsetup_r
                0x0820936c       0xac c:/siliconlabs/simplicitystudio/v5/developer/toolchains/gnu_arm/12.2.rel1_2023.7/bin/../lib/gcc/arm-none-eabi/12.2.1/thumb/v7e-m+fp/softfp\libc_nano.a(libc_a-wsetup.o)
                0x0820936c                __swsetup_r
 .text.memcmp   0x08209418       0x20 c:/siliconlabs/simplicitystudio/v5/developer/toolchains/gnu_arm/12.2.rel1_2023.7/bin/../lib/gcc/arm-none-eabi/12.2.1/thumb/v7e-m+fp/softfp\libc_nano.a(libc_a-memcmp.o)
                0x08209418                memcmp
 .text.memmove  0x08209438       0x34 c:/siliconlabs/simplicitystudio/v5/developer/toolchains/gnu_arm/12.2.rel1_2023.7/bin/../lib/gcc/arm-none-eabi/12.2.1/thumb/v7e-m+fp/softfp\libc_nano.a(libc_a-memmove.o)
                0x08209438                memmove
 .text.memset   0x0820946c       0x10 c:/siliconlabs/simplicitystudio/v5/developer/toolchains/gnu_arm/12.2.rel1_2023.7/bin/../lib/gcc/arm-none-eabi/12.2.1/thumb/v7e-m+fp/softfp\libc_nano.a(libc_a-memset.o)
                0x0820946c                memset
 .text._localeconv_r
                0x0820947c        0x8 c:/siliconlabs/simplicitystudio/v5/developer/toolchains/gnu_arm/12.2.rel1_2023.7/bin/../lib/gcc/arm-none-eabi/12.2.1/thumb/v7e-m+fp/softfp\libc_nano.a(libc_a-localeconv.o)
                0x0820947c                _localeconv_r
 .text._close_r
                0x08209484       0x20 c:/siliconlabs/simplicitystudio/v5/developer/toolchains/gnu_arm/12.2.rel1_2023.7/bin/../lib/gcc/arm-none-eabi/12.2.1/thumb/v7e-m+fp/softfp\libc_nano.a(libc_a-closer.o)
                0x08209484                _close_r
 .text._lseek_r
                0x082094a4       0x24 c:/siliconlabs/simplicitystudio/v5/developer/toolchains/gnu_arm/12.2.rel1_2023.7/bin/../lib/gcc/arm-none-eabi/12.2.1/thumb/v7e-m+fp/softfp\libc_nano.a(libc_a-lseekr.o)
                0x082094a4                _lseek_r
 .text._read_r  0x082094c8       0x24 c:/siliconlabs/simplicitystudio/v5/developer/toolchains/gnu_arm/12.2.rel1_2023.7/bin/../lib/gcc/arm-none-eabi/12.2.1/thumb/v7e-m+fp/softfp\libc_nano.a(libc_a-readr.o)
                0x082094c8                _read_r
 .text._sbrk_r  0x082094ec       0x20 c:/siliconlabs/simplicitystudio/v5/developer/toolchains/gnu_arm/12.2.rel1_2023.7/bin/../lib/gcc/arm-none-eabi/12.2.1/thumb/v7e-m+fp/softfp\libc_nano.a(libc_a-sbrkr.o)
                0x082094ec                _sbrk_r
 .text._write_r
                0x0820950c       0x24 c:/siliconlabs/simplicitystudio/v5/developer/toolchains/gnu_arm/12.2.rel1_2023.7/bin/../lib/gcc/arm-none-eabi/12.2.1/thumb/v7e-m+fp/softfp\libc_nano.a(libc_a-writer.o)
                0x0820950c                _write_r
 .text.__retarget_lock_init_recursive
                0x08209530        0x2 c:/siliconlabs/simplicitystudio/v5/developer/toolchains/gnu_arm/12.2.rel1_2023.7/bin/../lib/gcc/arm-none-eabi/12.2.1/thumb/v7e-m+fp/softfp\libc_nano.a(libc_a-lock.o)
                0x08209530                __retarget_lock_init_recursive
 .text.__retarget_lock_acquire_recursive
                0x08209532        0x2 c:/siliconlabs/simplicitystudio/v5/developer/toolchains/gnu_arm/12.2.rel1_2023.7/bin/../lib/gcc/arm-none-eabi/12.2.1/thumb/v7e-m+fp/softfp\libc_nano.a(libc_a-lock.o)
                0x08209532                __retarget_lock_acquire_recursive
 .text.__retarget_lock_release_recursive
                0x08209534        0x2 c:/siliconlabs/simplicitystudio/v5/developer/toolchains/gnu_arm/12.2.rel1_2023.7/bin/../lib/gcc/arm-none-eabi/12.2.1/thumb/v7e-m+fp/softfp\libc_nano.a(libc_a-lock.o)
                0x08209534                __retarget_lock_release_recursive
 .text.strcpy   0x08209536       0x10 c:/siliconlabs/simplicitystudio/v5/developer/toolchains/gnu_arm/12.2.rel1_2023.7/bin/../lib/gcc/arm-none-eabi/12.2.1/thumb/v7e-m+fp/softfp\libc_nano.a(libc_a-strcpy.o)
                0x08209536                strcpy
 *fill*         0x08209546        0xa 
 .text          0x08209550       0xa0 c:/siliconlabs/simplicitystudio/v5/developer/toolchains/gnu_arm/12.2.rel1_2023.7/bin/../lib/gcc/arm-none-eabi/12.2.1/thumb/v7e-m+fp/softfp\libc_nano.a(libc_a-memchr.o)
                0x08209550                memchr
 .text.memcpy   0x082095f0       0x1c c:/siliconlabs/simplicitystudio/v5/developer/toolchains/gnu_arm/12.2.rel1_2023.7/bin/../lib/gcc/arm-none-eabi/12.2.1/thumb/v7e-m+fp/softfp\libc_nano.a(libc_a-memcpy-stub.o)
                0x082095f0                memcpy
 .text          0x0820960c       0x10 c:/siliconlabs/simplicitystudio/v5/developer/toolchains/gnu_arm/12.2.rel1_2023.7/bin/../lib/gcc/arm-none-eabi/12.2.1/thumb/v7e-m+fp/softfp\libc_nano.a(libc_a-strlen.o)
                0x0820960c                strlen
 .text.quorem   0x0820961c      0x110 c:/siliconlabs/simplicitystudio/v5/developer/toolchains/gnu_arm/12.2.rel1_2023.7/bin/../lib/gcc/arm-none-eabi/12.2.1/thumb/v7e-m+fp/softfp\libc_nano.a(libc_a-dtoa.o)
 *fill*         0x0820972c        0x4 
 .text._dtoa_r  0x08209730      0xc54 c:/siliconlabs/simplicitystudio/v5/developer/toolchains/gnu_arm/12.2.rel1_2023.7/bin/../lib/gcc/arm-none-eabi/12.2.1/thumb/v7e-m+fp/softfp\libc_nano.a(libc_a-dtoa.o)
                0x08209730                _dtoa_r
 .text._free_r  0x0820a384       0x94 c:/siliconlabs/simplicitystudio/v5/developer/toolchains/gnu_arm/12.2.rel1_2023.7/bin/../lib/gcc/arm-none-eabi/12.2.1/thumb/v7e-m+fp/softfp\libc_nano.a(libc_a-freer.o)
                0x0820a384                _free_r
 .text._Balloc  0x0820a418       0x80 c:/siliconlabs/simplicitystudio/v5/developer/toolchains/gnu_arm/12.2.rel1_2023.7/bin/../lib/gcc/arm-none-eabi/12.2.1/thumb/v7e-m+fp/softfp\libc_nano.a(libc_a-mprec.o)
                0x0820a418                _Balloc
 .text._Bfree   0x0820a498       0x44 c:/siliconlabs/simplicitystudio/v5/developer/toolchains/gnu_arm/12.2.rel1_2023.7/bin/../lib/gcc/arm-none-eabi/12.2.1/thumb/v7e-m+fp/softfp\libc_nano.a(libc_a-mprec.o)
                0x0820a498                _Bfree
 .text.__multadd
                0x0820a4dc       0x8c c:/siliconlabs/simplicitystudio/v5/developer/toolchains/gnu_arm/12.2.rel1_2023.7/bin/../lib/gcc/arm-none-eabi/12.2.1/thumb/v7e-m+fp/softfp\libc_nano.a(libc_a-mprec.o)
                0x0820a4dc                __multadd
 .text.__hi0bits
                0x0820a568       0x44 c:/siliconlabs/simplicitystudio/v5/developer/toolchains/gnu_arm/12.2.rel1_2023.7/bin/../lib/gcc/arm-none-eabi/12.2.1/thumb/v7e-m+fp/softfp\libc_nano.a(libc_a-mprec.o)
                0x0820a568                __hi0bits
 .text.__lo0bits
                0x0820a5ac       0x5a c:/siliconlabs/simplicitystudio/v5/developer/toolchains/gnu_arm/12.2.rel1_2023.7/bin/../lib/gcc/arm-none-eabi/12.2.1/thumb/v7e-m+fp/softfp\libc_nano.a(libc_a-mprec.o)
                0x0820a5ac                __lo0bits
 *fill*         0x0820a606        0x2 
 .text.__i2b    0x0820a608       0x2c c:/siliconlabs/simplicitystudio/v5/developer/toolchains/gnu_arm/12.2.rel1_2023.7/bin/../lib/gcc/arm-none-eabi/12.2.1/thumb/v7e-m+fp/softfp\libc_nano.a(libc_a-mprec.o)
                0x0820a608                __i2b
 .text.__multiply
                0x0820a634      0x154 c:/siliconlabs/simplicitystudio/v5/developer/toolchains/gnu_arm/12.2.rel1_2023.7/bin/../lib/gcc/arm-none-eabi/12.2.1/thumb/v7e-m+fp/softfp\libc_nano.a(libc_a-mprec.o)
                0x0820a634                __multiply
 .text.__pow5mult
                0x0820a788       0xb4 c:/siliconlabs/simplicitystudio/v5/developer/toolchains/gnu_arm/12.2.rel1_2023.7/bin/../lib/gcc/arm-none-eabi/12.2.1/thumb/v7e-m+fp/softfp\libc_nano.a(libc_a-mprec.o)
                0x0820a788                __pow5mult
 .text.__lshift
                0x0820a83c       0xd8 c:/siliconlabs/simplicitystudio/v5/developer/toolchains/gnu_arm/12.2.rel1_2023.7/bin/../lib/gcc/arm-none-eabi/12.2.1/thumb/v7e-m+fp/softfp\libc_nano.a(libc_a-mprec.o)
                0x0820a83c                __lshift
 .text.__mcmp   0x0820a914       0x36 c:/siliconlabs/simplicitystudio/v5/developer/toolchains/gnu_arm/12.2.rel1_2023.7/bin/../lib/gcc/arm-none-eabi/12.2.1/thumb/v7e-m+fp/softfp\libc_nano.a(libc_a-mprec.o)
                0x0820a914                __mcmp
 *fill*         0x0820a94a        0x2 
 .text.__mdiff  0x0820a94c      0x128 c:/siliconlabs/simplicitystudio/v5/developer/toolchains/gnu_arm/12.2.rel1_2023.7/bin/../lib/gcc/arm-none-eabi/12.2.1/thumb/v7e-m+fp/softfp\libc_nano.a(libc_a-mprec.o)
                0x0820a94c                __mdiff
 .text.__d2b    0x0820aa74       0xb0 c:/siliconlabs/simplicitystudio/v5/developer/toolchains/gnu_arm/12.2.rel1_2023.7/bin/../lib/gcc/arm-none-eabi/12.2.1/thumb/v7e-m+fp/softfp\libc_nano.a(libc_a-mprec.o)
                0x0820aa74                __d2b
 .text.__ssputs_r
                0x0820ab24       0xb6 c:/siliconlabs/simplicitystudio/v5/developer/toolchains/gnu_arm/12.2.rel1_2023.7/bin/../lib/gcc/arm-none-eabi/12.2.1/thumb/v7e-m+fp/softfp\libc_nano.a(libc_a-nano-svfprintf.o)
                0x0820ab24                __ssputs_r
 *fill*         0x0820abda        0x2 
 .text._svfprintf_r
                0x0820abdc      0x1f8 c:/siliconlabs/simplicitystudio/v5/developer/toolchains/gnu_arm/12.2.rel1_2023.7/bin/../lib/gcc/arm-none-eabi/12.2.1/thumb/v7e-m+fp/softfp\libc_nano.a(libc_a-nano-svfprintf.o)
                0x0820abdc                _svfiprintf_r
                0x0820abdc                _svfprintf_r
 .text.__sfputc_r
                0x0820add4       0x2e c:/siliconlabs/simplicitystudio/v5/developer/toolchains/gnu_arm/12.2.rel1_2023.7/bin/../lib/gcc/arm-none-eabi/12.2.1/thumb/v7e-m+fp/softfp\libc_nano.a(libc_a-nano-vfprintf.o)
 .text.__sfputs_r
                0x0820ae02       0x24 c:/siliconlabs/simplicitystudio/v5/developer/toolchains/gnu_arm/12.2.rel1_2023.7/bin/../lib/gcc/arm-none-eabi/12.2.1/thumb/v7e-m+fp/softfp\libc_nano.a(libc_a-nano-vfprintf.o)
                0x0820ae02                __sfputs_r
 *fill*         0x0820ae26        0x2 
 .text._vfprintf_r
                0x0820ae28      0x230 c:/siliconlabs/simplicitystudio/v5/developer/toolchains/gnu_arm/12.2.rel1_2023.7/bin/../lib/gcc/arm-none-eabi/12.2.1/thumb/v7e-m+fp/softfp\libc_nano.a(libc_a-nano-vfprintf.o)
                0x0820ae28                _vfprintf_r
                0x0820ae28                _vfiprintf_r
 .text.__sflush_r
                0x0820b058      0x108 c:/siliconlabs/simplicitystudio/v5/developer/toolchains/gnu_arm/12.2.rel1_2023.7/bin/../lib/gcc/arm-none-eabi/12.2.1/thumb/v7e-m+fp/softfp\libc_nano.a(libc_a-fflush.o)
                0x0820b058                __sflush_r
 .text._fflush_r
                0x0820b160       0x50 c:/siliconlabs/simplicitystudio/v5/developer/toolchains/gnu_arm/12.2.rel1_2023.7/bin/../lib/gcc/arm-none-eabi/12.2.1/thumb/v7e-m+fp/softfp\libc_nano.a(libc_a-fflush.o)
                0x0820b160                _fflush_r
 .text.__swhatbuf_r
                0x0820b1b0       0x4c c:/siliconlabs/simplicitystudio/v5/developer/toolchains/gnu_arm/12.2.rel1_2023.7/bin/../lib/gcc/arm-none-eabi/12.2.1/thumb/v7e-m+fp/softfp\libc_nano.a(libc_a-makebuf.o)
                0x0820b1b0                __swhatbuf_r
 .text.__smakebuf_r
                0x0820b1fc       0x78 c:/siliconlabs/simplicitystudio/v5/developer/toolchains/gnu_arm/12.2.rel1_2023.7/bin/../lib/gcc/arm-none-eabi/12.2.1/thumb/v7e-m+fp/softfp\libc_nano.a(libc_a-makebuf.o)
                0x0820b1fc                __smakebuf_r
 .text._fstat_r
                0x0820b274       0x24 c:/siliconlabs/simplicitystudio/v5/developer/toolchains/gnu_arm/12.2.rel1_2023.7/bin/../lib/gcc/arm-none-eabi/12.2.1/thumb/v7e-m+fp/softfp\libc_nano.a(libc_a-fstatr.o)
                0x0820b274                _fstat_r
 .text._isatty_r
                0x0820b298       0x20 c:/siliconlabs/simplicitystudio/v5/developer/toolchains/gnu_arm/12.2.rel1_2023.7/bin/../lib/gcc/arm-none-eabi/12.2.1/thumb/v7e-m+fp/softfp\libc_nano.a(libc_a-isattyr.o)
                0x0820b298                _isatty_r
 .text.__assert_func
                0x0820b2b8       0x3c c:/siliconlabs/simplicitystudio/v5/developer/toolchains/gnu_arm/12.2.rel1_2023.7/bin/../lib/gcc/arm-none-eabi/12.2.1/thumb/v7e-m+fp/softfp\libc_nano.a(libc_a-assert.o)
                0x0820b2b8                __assert_func
 .text._calloc_r
                0x0820b2f4       0x28 c:/siliconlabs/simplicitystudio/v5/developer/toolchains/gnu_arm/12.2.rel1_2023.7/bin/../lib/gcc/arm-none-eabi/12.2.1/thumb/v7e-m+fp/softfp\libc_nano.a(libc_a-callocr.o)
                0x0820b2f4                _calloc_r
 .text.__ascii_mbtowc
                0x0820b31c       0x24 c:/siliconlabs/simplicitystudio/v5/developer/toolchains/gnu_arm/12.2.rel1_2023.7/bin/../lib/gcc/arm-none-eabi/12.2.1/thumb/v7e-m+fp/softfp\libc_nano.a(libc_a-mbtowc_r.o)
                0x0820b31c                __ascii_mbtowc
 .text._realloc_r
                0x0820b340       0x5c c:/siliconlabs/simplicitystudio/v5/developer/toolchains/gnu_arm/12.2.rel1_2023.7/bin/../lib/gcc/arm-none-eabi/12.2.1/thumb/v7e-m+fp/softfp\libc_nano.a(libc_a-reallocr.o)
                0x0820b340                _realloc_r
 .text.__ascii_wctomb
                0x0820b39c       0x1a c:/siliconlabs/simplicitystudio/v5/developer/toolchains/gnu_arm/12.2.rel1_2023.7/bin/../lib/gcc/arm-none-eabi/12.2.1/thumb/v7e-m+fp/softfp\libc_nano.a(libc_a-wctomb_r.o)
                0x0820b39c                __ascii_wctomb
 *fill*         0x0820b3b6        0x2 
 .text.fprintf  0x0820b3b8       0x24 c:/siliconlabs/simplicitystudio/v5/developer/toolchains/gnu_arm/12.2.rel1_2023.7/bin/../lib/gcc/arm-none-eabi/12.2.1/thumb/v7e-m+fp/softfp\libc_nano.a(libc_a-fprintf.o)
                0x0820b3b8                fiprintf
                0x0820b3b8                fprintf
 .text.abort    0x0820b3dc        0xe c:/siliconlabs/simplicitystudio/v5/developer/toolchains/gnu_arm/12.2.rel1_2023.7/bin/../lib/gcc/arm-none-eabi/12.2.1/thumb/v7e-m+fp/softfp\libc_nano.a(libc_a-abort.o)
                0x0820b3dc                abort
 .text._malloc_usable_size_r
                0x0820b3ea       0x10 c:/siliconlabs/simplicitystudio/v5/developer/toolchains/gnu_arm/12.2.rel1_2023.7/bin/../lib/gcc/arm-none-eabi/12.2.1/thumb/v7e-m+fp/softfp\libc_nano.a(libc_a-msizer.o)
                0x0820b3ea                _malloc_usable_size_r
 .text._raise_r
                0x0820b3fa       0x50 c:/siliconlabs/simplicitystudio/v5/developer/toolchains/gnu_arm/12.2.rel1_2023.7/bin/../lib/gcc/arm-none-eabi/12.2.1/thumb/v7e-m+fp/softfp\libc_nano.a(libc_a-signal.o)
                0x0820b3fa                _raise_r
 *fill*         0x0820b44a        0x2 
 .text.raise    0x0820b44c       0x10 c:/siliconlabs/simplicitystudio/v5/developer/toolchains/gnu_arm/12.2.rel1_2023.7/bin/../lib/gcc/arm-none-eabi/12.2.1/thumb/v7e-m+fp/softfp\libc_nano.a(libc_a-signal.o)
                0x0820b44c                raise
 .text._kill_r  0x0820b45c       0x24 c:/siliconlabs/simplicitystudio/v5/developer/toolchains/gnu_arm/12.2.rel1_2023.7/bin/../lib/gcc/arm-none-eabi/12.2.1/thumb/v7e-m+fp/softfp\libc_nano.a(libc_a-signalr.o)
                0x0820b45c                _kill_r
 .text._getpid_r
                0x0820b480        0x4 c:/siliconlabs/simplicitystudio/v5/developer/toolchains/gnu_arm/12.2.rel1_2023.7/bin/../lib/gcc/arm-none-eabi/12.2.1/thumb/v7e-m+fp/softfp\libc_nano.a(libc_a-signalr.o)
                0x0820b480                _getpid_r
 .text          0x0820b484      0x110 c:/siliconlabs/simplicitystudio/v5/developer/toolchains/gnu_arm/12.2.rel1_2023.7/bin/../lib/gcc/arm-none-eabi/12.2.1/thumb/v7e-m+fp/softfp\libgcc.a(_arm_cmpdf2.o)
                0x0820b484                __gtdf2
                0x0820b484                __gedf2
                0x0820b48c                __ltdf2
                0x0820b48c                __ledf2
                0x0820b494                __nedf2
                0x0820b494                __eqdf2
                0x0820b494                __cmpdf2
                0x0820b510                __aeabi_cdrcmple
                0x0820b520                __aeabi_cdcmpeq
                0x0820b520                __aeabi_cdcmple
                0x0820b530                __aeabi_dcmpeq
                0x0820b544                __aeabi_dcmplt
                0x0820b558                __aeabi_dcmple
                0x0820b56c                __aeabi_dcmpge
                0x0820b580                __aeabi_dcmpgt
 .text          0x0820b594       0x2c c:/siliconlabs/simplicitystudio/v5/developer/toolchains/gnu_arm/12.2.rel1_2023.7/bin/../lib/gcc/arm-none-eabi/12.2.1/thumb/v7e-m+fp/softfp\libgcc.a(_arm_unorddf2.o)
                0x0820b594                __unorddf2
                0x0820b594                __aeabi_dcmpun
 .text          0x0820b5c0       0x50 c:/siliconlabs/simplicitystudio/v5/developer/toolchains/gnu_arm/12.2.rel1_2023.7/bin/../lib/gcc/arm-none-eabi/12.2.1/thumb/v7e-m+fp/softfp\libgcc.a(_arm_fixdfsi.o)
                0x0820b5c0                __aeabi_d2iz
                0x0820b5c0                __fixdfsi
 .text._sbrk    0x0820b610       0x1c c:/siliconlabs/simplicitystudio/v5/developer/toolchains/gnu_arm/12.2.rel1_2023.7/bin/../lib/gcc/arm-none-eabi/12.2.1/thumb/v7e-m+fp/softfp\libnosys.a(sbrk.o)
                0x0820b610                _sbrk
 *fill*         0x0820b62c        0x4 
 .text._sbrk.__stub
                0x0820b630      0x160 linker stubs
 *crtbegin.o(.ctors)
 *crtbegin?.o(.ctors)
 *(EXCLUDE_FILE(*crtend.o *crtend?.o) .ctors)
 *(SORT_BY_NAME(.ctors.*))
 *(.ctors)
 *crtbegin.o(.dtors)
 *crtbegin?.o(.dtors)
 *(EXCLUDE_FILE(*crtend.o *crtend?.o) .dtors)
 *(SORT_BY_NAME(.dtors.*))
 *(.dtors)
 *(.rodata*)
 .rodata.ampak_m4_sleep_wakeup.str1.1
                0x0820b790       0xb9 ./ampak_wl72917/power_save_manager.o
 .rodata.application_start.str1.1
                0x0820b849      0x11a ./app.o
                                0x11c (size before relaxing)
 .rodata.str1.1
                0x0820b963        0x4 ./app.o
 *fill*         0x0820b967        0x1 
 .rodata.thread_attributes
                0x0820b968       0x24 ./app.o
                0x0820b968                thread_attributes
 .rodata.station_init_configuration
                0x0820b98c       0x38 ./app.o
 .rodata.vTaskStartScheduler.str1.1
                0x0820b9c4        0x5 ./gecko_sdk_4.4.1/util/third_party/freertos/kernel/tasks.o
 .rodata.prvCheckForValidListAndQueue.str1.1
                0x0820b9c9        0x5 ./gecko_sdk_4.4.1/util/third_party/freertos/kernel/timers.o
 .rodata.xTimerCreateTimerTask.str1.1
                0x0820b9ce        0x8 ./gecko_sdk_4.4.1/util/third_party/freertos/kernel/timers.o
 .rodata.print_sl_ipv4_address.str1.1
                0x0820b9d6        0xc ./wiseconnect3_sdk_3.1.4/components/common/src/sl_utility.o
 .rodata.sl_inet_ntop6.str1.1
                0x0820b9e2        0xe ./wiseconnect3_sdk_3.1.4/components/common/src/sl_utility.o
 .rodata.print_sl_ipv6_address.str1.1
                0x0820b9f0        0x5 ./wiseconnect3_sdk_3.1.4/components/common/src/sl_utility.o
 .rodata.print_firmware_version.str1.1
                0x0820b9f5       0x30 ./wiseconnect3_sdk_3.1.4/components/common/src/sl_utility.o
 *fill*         0x0820ba25        0x3 
 .rodata.Driver_ULP_UART
                0x0820ba28       0x38 ./wiseconnect3_sdk_3.1.4/components/device/silabs/si91x/mcu/drivers/cmsis_driver/USART.o
                0x0820ba28                Driver_ULP_UART
 .rodata.ulp_uart_rts
                0x0820ba60        0x4 ./wiseconnect3_sdk_3.1.4/components/device/silabs/si91x/mcu/drivers/cmsis_driver/USART.o
 .rodata.ulp_uart_cts
                0x0820ba64        0x4 ./wiseconnect3_sdk_3.1.4/components/device/silabs/si91x/mcu/drivers/cmsis_driver/USART.o
 .rodata.ulp_uart_rx
                0x0820ba68        0x4 ./wiseconnect3_sdk_3.1.4/components/device/silabs/si91x/mcu/drivers/cmsis_driver/USART.o
 .rodata.ulp_uart_tx
                0x0820ba6c        0x4 ./wiseconnect3_sdk_3.1.4/components/device/silabs/si91x/mcu/drivers/cmsis_driver/USART.o
 .rodata.uart1_rts
                0x0820ba70        0x4 ./wiseconnect3_sdk_3.1.4/components/device/silabs/si91x/mcu/drivers/cmsis_driver/USART.o
 .rodata.uart1_cts
                0x0820ba74        0x4 ./wiseconnect3_sdk_3.1.4/components/device/silabs/si91x/mcu/drivers/cmsis_driver/USART.o
 .rodata.uart1_rx
                0x0820ba78        0x4 ./wiseconnect3_sdk_3.1.4/components/device/silabs/si91x/mcu/drivers/cmsis_driver/USART.o
 .rodata.uart1_tx
                0x0820ba7c        0x4 ./wiseconnect3_sdk_3.1.4/components/device/silabs/si91x/mcu/drivers/cmsis_driver/USART.o
 .rodata.usart0_ir_rx
                0x0820ba80        0x4 ./wiseconnect3_sdk_3.1.4/components/device/silabs/si91x/mcu/drivers/cmsis_driver/USART.o
 .rodata.usart0_ir_tx
                0x0820ba84        0x4 ./wiseconnect3_sdk_3.1.4/components/device/silabs/si91x/mcu/drivers/cmsis_driver/USART.o
 .rodata.usart0_rts
                0x0820ba88        0x4 ./wiseconnect3_sdk_3.1.4/components/device/silabs/si91x/mcu/drivers/cmsis_driver/USART.o
 .rodata.usart0_cts
                0x0820ba8c        0x4 ./wiseconnect3_sdk_3.1.4/components/device/silabs/si91x/mcu/drivers/cmsis_driver/USART.o
 .rodata.usart0_rx
                0x0820ba90        0x4 ./wiseconnect3_sdk_3.1.4/components/device/silabs/si91x/mcu/drivers/cmsis_driver/USART.o
 .rodata.usart0_tx
                0x0820ba94        0x4 ./wiseconnect3_sdk_3.1.4/components/device/silabs/si91x/mcu/drivers/cmsis_driver/USART.o
 .rodata.usart0_clock
                0x0820ba98        0x4 ./wiseconnect3_sdk_3.1.4/components/device/silabs/si91x/mcu/drivers/cmsis_driver/USART.o
 .rodata.UsartDriverVersion
                0x0820ba9c        0x4 ./wiseconnect3_sdk_3.1.4/components/device/silabs/si91x/mcu/drivers/cmsis_driver/USART.o
 .rodata.sli_m4_interrupt_isr.str1.1
                0x0820baa0       0xbb ./wiseconnect3_sdk_3.1.4/components/device/silabs/si91x/wireless/ahb_interface/src/rsi_hal_mcu_m4_rom.o
 .rodata.__func__.0
                0x0820bb5b       0x15 ./wiseconnect3_sdk_3.1.4/components/device/silabs/si91x/wireless/ahb_interface/src/rsi_hal_mcu_m4_rom.o
 .rodata.CSWTCH.5
                0x0820bb70       0x1d ./wiseconnect3_sdk_3.1.4/components/device/silabs/si91x/wireless/ahb_interface/src/sl_platform.o
 .rodata.sl_si91x_trigger_sleep.str1.1
                0x0820bb8d       0x1e ./wiseconnect3_sdk_3.1.4/components/device/silabs/si91x/wireless/ahb_interface/src/sl_platform_wireless.o
 .rodata.sli_si91x_submit_rx_pkt.str1.1
                0x0820bbab       0xc4 ./wiseconnect3_sdk_3.1.4/components/device/silabs/si91x/wireless/ahb_interface/src/sl_si91x_bus.o
 .rodata.sli_si91x_config_m4_dma_desc_on_reset.str1.1
                0x0820bc6f       0x25 ./wiseconnect3_sdk_3.1.4/components/device/silabs/si91x/wireless/ahb_interface/src/sl_si91x_bus.o
 .rodata.__func__.0
                0x0820bc94       0x26 ./wiseconnect3_sdk_3.1.4/components/device/silabs/si91x/wireless/ahb_interface/src/sl_si91x_bus.o
 .rodata.__func__.1