Archive member included to satisfy reference by file (symbol)

c:/siliconlabs/simplicitystudio/v5/developer/toolchains/gnu_arm/12.2.rel1_2023.7/bin/../lib/gcc/arm-none-eabi/12.2.1/thumb/v7e-m+fp/softfp\libgcc.a(_arm_addsubdf3.o)
                              ./wiseconnect3_sdk_3.1.4/components/device/silabs/si91x/mcu/drivers/peripheral_drivers/src/clock_update.o (__aeabi_dadd)
c:/siliconlabs/simplicitystudio/v5/developer/toolchains/gnu_arm/12.2.rel1_2023.7/bin/../lib/gcc/arm-none-eabi/12.2.1/thumb/v7e-m+fp/softfp\libgcc.a(_arm_muldivdf3.o)
                              ./wiseconnect3_sdk_3.1.4/components/device/silabs/si91x/mcu/drivers/peripheral_drivers/src/clock_update.o (__aeabi_ddiv)
c:/siliconlabs/simplicitystudio/v5/developer/toolchains/gnu_arm/12.2.rel1_2023.7/bin/../lib/gcc/arm-none-eabi/12.2.1/thumb/v7e-m+fp/softfp\libgcc.a(_arm_fixunsdfsi.o)
                              ./wiseconnect3_sdk_3.1.4/components/device/silabs/si91x/mcu/drivers/peripheral_drivers/src/clock_update.o (__aeabi_d2uiz)
c:/siliconlabs/simplicitystudio/v5/developer/toolchains/gnu_arm/12.2.rel1_2023.7/bin/../lib/gcc/arm-none-eabi/12.2.1/thumb/v7e-m+fp/softfp\libc_nano.a(libc_a-exit.o)
                              c:/siliconlabs/simplicitystudio/v5/developer/toolchains/gnu_arm/12.2.rel1_2023.7/bin/../lib/gcc/arm-none-eabi/12.2.1/thumb/v7e-m+fp/softfp/crt0.o (exit)
c:/siliconlabs/simplicitystudio/v5/developer/toolchains/gnu_arm/12.2.rel1_2023.7/bin/../lib/gcc/arm-none-eabi/12.2.1/thumb/v7e-m+fp/softfp\libc_nano.a(libc_a-malloc.o)
                              ./wiseconnect3_sdk_3.1.4/components/device/silabs/si91x/wireless/memory/mem_pool_buffers.o (malloc)
c:/siliconlabs/simplicitystudio/v5/developer/toolchains/gnu_arm/12.2.rel1_2023.7/bin/../lib/gcc/arm-none-eabi/12.2.1/thumb/v7e-m+fp/softfp\libc_nano.a(libc_a-mallocr.o)
                              c:/siliconlabs/simplicitystudio/v5/developer/toolchains/gnu_arm/12.2.rel1_2023.7/bin/../lib/gcc/arm-none-eabi/12.2.1/thumb/v7e-m+fp/softfp\libc_nano.a(libc_a-malloc.o) (_malloc_r)
c:/siliconlabs/simplicitystudio/v5/developer/toolchains/gnu_arm/12.2.rel1_2023.7/bin/../lib/gcc/arm-none-eabi/12.2.1/thumb/v7e-m+fp/softfp\libc_nano.a(libc_a-mlock.o)
                              c:/siliconlabs/simplicitystudio/v5/developer/toolchains/gnu_arm/12.2.rel1_2023.7/bin/../lib/gcc/arm-none-eabi/12.2.1/thumb/v7e-m+fp/softfp\libc_nano.a(libc_a-mallocr.o) (__malloc_lock)
c:/siliconlabs/simplicitystudio/v5/developer/toolchains/gnu_arm/12.2.rel1_2023.7/bin/../lib/gcc/arm-none-eabi/12.2.1/thumb/v7e-m+fp/softfp\libc_nano.a(libc_a-strtoul.o)
                              ./wiseconnect3_sdk_3.1.4/components/common/src/sl_utility.o (strtoul)
c:/siliconlabs/simplicitystudio/v5/developer/toolchains/gnu_arm/12.2.rel1_2023.7/bin/../lib/gcc/arm-none-eabi/12.2.1/thumb/v7e-m+fp/softfp\libc_nano.a(libc_a-ctype_.o)
                              ./gecko_sdk_4.4.1/platform/common/src/sl_string.o (_ctype_)
c:/siliconlabs/simplicitystudio/v5/developer/toolchains/gnu_arm/12.2.rel1_2023.7/bin/../lib/gcc/arm-none-eabi/12.2.1/thumb/v7e-m+fp/softfp\libc_nano.a(libc_a-nano-vfprintf_float.o)
                              (_printf_float)
c:/siliconlabs/simplicitystudio/v5/developer/toolchains/gnu_arm/12.2.rel1_2023.7/bin/../lib/gcc/arm-none-eabi/12.2.1/thumb/v7e-m+fp/softfp\libc_nano.a(libc_a-nano-vfprintf_i.o)
                              c:/siliconlabs/simplicitystudio/v5/developer/toolchains/gnu_arm/12.2.rel1_2023.7/bin/../lib/gcc/arm-none-eabi/12.2.1/thumb/v7e-m+fp/softfp\libc_nano.a(libc_a-nano-vfprintf_float.o) (_printf_common)
c:/siliconlabs/simplicitystudio/v5/developer/toolchains/gnu_arm/12.2.rel1_2023.7/bin/../lib/gcc/arm-none-eabi/12.2.1/thumb/v7e-m+fp/softfp\libc_nano.a(libc_a-findfp.o)
                              c:/siliconlabs/simplicitystudio/v5/developer/toolchains/gnu_arm/12.2.rel1_2023.7/bin/../lib/gcc/arm-none-eabi/12.2.1/thumb/v7e-m+fp/softfp\libc_nano.a(libc_a-exit.o) (__stdio_exit_handler)
c:/siliconlabs/simplicitystudio/v5/developer/toolchains/gnu_arm/12.2.rel1_2023.7/bin/../lib/gcc/arm-none-eabi/12.2.1/thumb/v7e-m+fp/softfp\libc_nano.a(libc_a-fwalk.o)
                              c:/siliconlabs/simplicitystudio/v5/developer/toolchains/gnu_arm/12.2.rel1_2023.7/bin/../lib/gcc/arm-none-eabi/12.2.1/thumb/v7e-m+fp/softfp\libc_nano.a(libc_a-findfp.o) (_fwalk_sglue)
c:/siliconlabs/simplicitystudio/v5/developer/toolchains/gnu_arm/12.2.rel1_2023.7/bin/../lib/gcc/arm-none-eabi/12.2.1/thumb/v7e-m+fp/softfp\libc_nano.a(libc_a-printf.o)
                              ./ampak_wl72917/os_log_task.o (printf)
c:/siliconlabs/simplicitystudio/v5/developer/toolchains/gnu_arm/12.2.rel1_2023.7/bin/../lib/gcc/arm-none-eabi/12.2.1/thumb/v7e-m+fp/softfp\libc_nano.a(libc_a-puts.o)
                              ./ampak_wl72917/os_log_task.o (puts)
c:/siliconlabs/simplicitystudio/v5/developer/toolchains/gnu_arm/12.2.rel1_2023.7/bin/../lib/gcc/arm-none-eabi/12.2.1/thumb/v7e-m+fp/softfp\libc_nano.a(libc_a-sprintf.o)
[...]
Memory Configuration

Name             Origin             Length             Attributes
rom              0x08202000         0x001fe000         xr
ram              0x00000400         0x0002fc00         xrw
udma0            0x0002fc00         0x00000400         xrw
udma1            0x24061c00         0x00000400         xrw
*default*        0x00000000         0xffffffff

Linker script and memory map

LOAD c:/siliconlabs/simplicitystudio/v5/developer/toolchains/gnu_arm/12.2.rel1_2023.7/bin/../lib/gcc/arm-none-eabi/12.2.1/thumb/v7e-m+fp/softfp/crti.o
LOAD c:/siliconlabs/simplicitystudio/v5/developer/toolchains/gnu_arm/12.2.rel1_2023.7/bin/../lib/gcc/arm-none-eabi/12.2.1/thumb/v7e-m+fp/softfp/crtbegin.o
LOAD c:/siliconlabs/simplicitystudio/v5/developer/toolchains/gnu_arm/12.2.rel1_2023.7/bin/../lib/gcc/arm-none-eabi/12.2.1/thumb/v7e-m+fp/softfp/crt0.o
START GROUP
LOAD ./ampak_wl72917/os_log_task.o
LOAD ./ampak_wl72917/power_save_manager.o
LOAD ./app.o
LOAD ./main.o
LOAD ./autogen/sl_event_handler.o
LOAD ./gecko_sdk_4.4.1/platform/CMSIS/RTOS2/Source/os_systick.o
LOAD ./gecko_sdk_4.4.1/platform/common/src/sl_assert.o
LOAD ./gecko_sdk_4.4.1/platform/common/src/sl_slist.o
LOAD ./gecko_sdk_4.4.1/platform/common/src/sl_string.o
LOAD ./gecko_sdk_4.4.1/platform/common/src/sli_cmsis_os2_ext_task_register.o
LOAD ./gecko_sdk_4.4.1/platform/emlib/src/em_core.o
LOAD ./gecko_sdk_4.4.1/platform/service/mem_pool/src/sl_mem_pool.o
LOAD ./gecko_sdk_4.4.1/platform/service/system/src/sl_system_init.o
LOAD ./gecko_sdk_4.4.1/platform/service/system/src/sl_system_kernel.o
LOAD ./gecko_sdk_4.4.1/util/third_party/freertos/cmsis/Source/cmsis_os2.o
LOAD ./gecko_sdk_4.4.1/util/third_party/freertos/kernel/croutine.o
LOAD ./gecko_sdk_4.4.1/util/third_party/freertos/kernel/event_groups.o
LOAD ./gecko_sdk_4.4.1/util/third_party/freertos/kernel/list.o
LOAD ./gecko_sdk_4.4.1/util/third_party/freertos/kernel/queue.o
LOAD ./gecko_sdk_4.4.1/util/third_party/freertos/kernel/stream_buffer.o
LOAD ./gecko_sdk_4.4.1/util/third_party/freertos/kernel/tasks.o
LOAD ./gecko_sdk_4.4.1/util/third_party/freertos/kernel/timers.o
LOAD ./gecko_sdk_4.4.1/util/third_party/freertos/kernel/portable/GCC/ARM_CM4F/port.o
LOAD ./gecko_sdk_4.4.1/util/third_party/freertos/kernel/portable/MemMang/heap_4.o
LOAD ./wiseconnect3_sdk_3.1.4/components/board/silabs/src/rsi_board.o
LOAD ./wiseconnect3_sdk_3.1.4/components/common/src/sl_utility.o
LOAD ./wiseconnect3_sdk_3.1.4/components/device/silabs/si91x/mcu/core/chip/src/iPMU_prog/iPMU_dotc/ipmu_apis.o
LOAD ./wiseconnect3_sdk_3.1.4/components/device/silabs/si91x/mcu/core/chip/src/iPMU_prog/iPMU_dotc/rsi_system_config_917.o
LOAD ./wiseconnect3_sdk_3.1.4/components/device/silabs/si91x/mcu/core/chip/src/rsi_deepsleep_soc.o
LOAD ./wiseconnect3_sdk_3.1.4/components/device/silabs/si91x/mcu/core/chip/src/rsi_ps_ram_func.o
LOAD ./wiseconnect3_sdk_3.1.4/components/device/silabs/si91x/mcu/core/chip/src/startup_si91x.o
LOAD ./wiseconnect3_sdk_3.1.4/components/device/silabs/si91x/mcu/core/chip/src/system_si91x.o
LOAD ./wiseconnect3_sdk_3.1.4/components/device/silabs/si91x/mcu/core/common/src/rsi_debug.o
LOAD ./wiseconnect3_sdk_3.1.4/components/device/silabs/si91x/mcu/core/common/src/sl_si91x_stack_object_declare.o
LOAD ./wiseconnect3_sdk_3.1.4/components/device/silabs/si91x/mcu/core/common/src/syscalls.o
LOAD ./wiseconnect3_sdk_3.1.4/components/device/silabs/si91x/mcu/core/config/src/rsi_nvic_priorities_config.o
LOAD ./wiseconnect3_sdk_3.1.4/components/device/silabs/si91x/mcu/drivers/cmsis_driver/UDMA.o
LOAD ./wiseconnect3_sdk_3.1.4/components/device/silabs/si91x/mcu/drivers/cmsis_driver/USART.o
LOAD ./wiseconnect3_sdk_3.1.4/components/device/silabs/si91x/mcu/drivers/peripheral_drivers/src/clock_update.o
LOAD ./wiseconnect3_sdk_3.1.4/components/device/silabs/si91x/mcu/drivers/peripheral_drivers/src/rsi_crc.o
LOAD ./wiseconnect3_sdk_3.1.4/components/device/silabs/si91x/mcu/drivers/peripheral_drivers/src/rsi_egpio.o
LOAD ./wiseconnect3_sdk_3.1.4/components/device/silabs/si91x/mcu/drivers/peripheral_drivers/src/rsi_timers.o
LOAD ./wiseconnect3_sdk_3.1.4/components/device/silabs/si91x/mcu/drivers/peripheral_drivers/src/rsi_udma.o
LOAD ./wiseconnect3_sdk_3.1.4/components/device/silabs/si91x/mcu/drivers/peripheral_drivers/src/rsi_udma_wrapper.o
LOAD ./wiseconnect3_sdk_3.1.4/components/device/silabs/si91x/mcu/drivers/peripheral_drivers/src/rsi_usart.o
LOAD ./wiseconnect3_sdk_3.1.4/components/device/silabs/si91x/mcu/drivers/peripheral_drivers/src/sl_si91x_m4_ps.o
LOAD ./wiseconnect3_sdk_3.1.4/components/device/silabs/si91x/mcu/drivers/systemlevel/src/rsi_ipmu.o
LOAD ./wiseconnect3_sdk_3.1.4/components/device/silabs/si91x/mcu/drivers/systemlevel/src/rsi_pll.o
LOAD ./wiseconnect3_sdk_3.1.4/components/device/silabs/si91x/mcu/drivers/systemlevel/src/rsi_power_save.o
LOAD ./wiseconnect3_sdk_3.1.4/components/device/silabs/si91x/mcu/drivers/systemlevel/src/rsi_rtc.o
LOAD ./wiseconnect3_sdk_3.1.4/components/device/silabs/si91x/mcu/drivers/systemlevel/src/rsi_temp_sensor.o
LOAD ./wiseconnect3_sdk_3.1.4/components/device/silabs/si91x/mcu/drivers/systemlevel/src/rsi_time_period.o
LOAD ./wiseconnect3_sdk_3.1.4/components/device/silabs/si91x/mcu/drivers/systemlevel/src/rsi_ulpss_clk.o
LOAD ./wiseconnect3_sdk_3.1.4/components/device/silabs/si91x/mcu/drivers/systemlevel/src/rsi_wwdt.o
LOAD ./wiseconnect3_sdk_3.1.4/components/device/silabs/si91x/wireless/ahb_interface/src/rsi_hal_mcu_m4_ram.o
LOAD ./wiseconnect3_sdk_3.1.4/components/device/silabs/si91x/wireless/ahb_interface/src/rsi_hal_mcu_m4_rom.o
LOAD ./wiseconnect3_sdk_3.1.4/components/device/silabs/si91x/wireless/ahb_interface/src/sl_platform.o
LOAD ./wiseconnect3_sdk_3.1.4/components/device/silabs/si91x/wireless/ahb_interface/src/sl_platform_wireless.o
LOAD ./wiseconnect3_sdk_3.1.4/components/device/silabs/si91x/wireless/ahb_interface/src/sl_si91x_bus.o
LOAD ./wiseconnect3_sdk_3.1.4/components/device/silabs/si91x/wireless/ahb_interface/src/sl_si91x_timer.o
LOAD ./wiseconnect3_sdk_3.1.4/components/device/silabs/si91x/wireless/ahb_interface/src/sli_siwx917_soc.o
LOAD ./wiseconnect3_sdk_3.1.4/components/device/silabs/si91x/wireless/errno/src/sl_si91x_errno.o
LOAD ./wiseconnect3_sdk_3.1.4/components/device/silabs/si91x/wireless/firmware_upgrade/firmware_upgradation.o
LOAD ./wiseconnect3_sdk_3.1.4/components/device/silabs/si91x/wireless/host_mcu/si91x/siwx917_soc_ncp_host.o
LOAD ./wiseconnect3_sdk_3.1.4/components/device/silabs/si91x/wireless/icmp/sl_net_ping.o
LOAD ./wiseconnect3_sdk_3.1.4/components/device/silabs/si91x/wireless/memory/mem_pool_buffers.o
LOAD ./wiseconnect3_sdk_3.1.4/components/device/silabs/si91x/wireless/sl_net/src/sl_net_rsi_utility.o
LOAD ./wiseconnect3_sdk_3.1.4/components/device/silabs/si91x/wireless/sl_net/src/sl_net_si91x_integration_handler.o
LOAD ./wiseconnect3_sdk_3.1.4/components/device/silabs/si91x/wireless/sl_net/src/sl_si91x_net_credentials.o
LOAD ./wiseconnect3_sdk_3.1.4/components/device/silabs/si91x/wireless/sl_net/src/sl_si91x_net_internal_stack.o
LOAD ./wiseconnect3_sdk_3.1.4/components/device/silabs/si91x/wireless/socket/src/sl_si91x_socket_utility.o
LOAD ./wiseconnect3_sdk_3.1.4/components/device/silabs/si91x/wireless/src/sl_rsi_utility.o
LOAD ./wiseconnect3_sdk_3.1.4/components/device/silabs/si91x/wireless/src/sl_si91x_callback_framework.o
LOAD ./wiseconnect3_sdk_3.1.4/components/device/silabs/si91x/wireless/src/sl_si91x_driver.o
LOAD ./wiseconnect3_sdk_3.1.4/components/device/silabs/si91x/wireless/threading/sli_si91x_multithreaded.o
LOAD ./wiseconnect3_sdk_3.1.4/components/protocol/wifi/si91x/sl_wifi.o
LOAD ./wiseconnect3_sdk_3.1.4/components/protocol/wifi/src/sl_wifi_callback_framework.o
LOAD ./wiseconnect3_sdk_3.1.4/components/service/bsd_socket/si91x_socket/sl_si91x_bsd_socket.o
LOAD ./wiseconnect3_sdk_3.1.4/components/service/network_manager/si91x/sl_net_si91x.o
LOAD ./wiseconnect3_sdk_3.1.4/components/service/network_manager/src/sl_net.o
LOAD ./wiseconnect3_sdk_3.1.4/components/service/network_manager/src/sl_net_basic_certificate_store.o
LOAD ./wiseconnect3_sdk_3.1.4/components/service/network_manager/src/sl_net_basic_credentials.o
LOAD ./wiseconnect3_sdk_3.1.4/components/service/network_manager/src/sl_net_basic_profiles.o
LOAD c:/siliconlabs/simplicitystudio/v5/developer/toolchains/gnu_arm/12.2.rel1_2023.7/bin/../lib/gcc/arm-none-eabi/12.2.1/thumb/v7e-m+fp/softfp\libgcc.a
LOAD c:/siliconlabs/simplicitystudio/v5/developer/toolchains/gnu_arm/12.2.rel1_2023.7/bin/../lib/gcc/arm-none-eabi/12.2.1/thumb/v7e-m+fp/softfp\libnosys.a
LOAD c:/siliconlabs/simplicitystudio/v5/developer/toolchains/gnu_arm/12.2.rel1_2023.7/bin/../lib/gcc/arm-none-eabi/12.2.1/thumb/v7e-m+fp/softfp\libc_nano.a
LOAD c:/siliconlabs/simplicitystudio/v5/developer/toolchains/gnu_arm/12.2.rel1_2023.7/bin/../lib/gcc/arm-none-eabi/12.2.1/thumb/v7e-m+fp/softfp\libm.a
END GROUP
START GROUP
LOAD c:/siliconlabs/simplicitystudio/v5/developer/toolchains/gnu_arm/12.2.rel1_2023.7/bin/../lib/gcc/arm-none-eabi/12.2.1/thumb/v7e-m+fp/softfp\libgcc.a
LOAD c:/siliconlabs/simplicitystudio/v5/developer/toolchains/gnu_arm/12.2.rel1_2023.7/bin/../lib/gcc/arm-none-eabi/12.2.1/thumb/v7e-m+fp/softfp\libc_nano.a
LOAD c:/siliconlabs/simplicitystudio/v5/developer/toolchains/gnu_arm/12.2.rel1_2023.7/bin/../lib/gcc/arm-none-eabi/12.2.1/thumb/v7e-m+fp/softfp\libnosys.a
END GROUP
START GROUP
LOAD c:/siliconlabs/simplicitystudio/v5/developer/toolchains/gnu_arm/12.2.rel1_2023.7/bin/../lib/gcc/arm-none-eabi/12.2.1/thumb/v7e-m+fp/softfp\libgcc.a
LOAD c:/siliconlabs/simplicitystudio/v5/developer/toolchains/gnu_arm/12.2.rel1_2023.7/bin/../lib/gcc/arm-none-eabi/12.2.1/thumb/v7e-m+fp/softfp\libg_nano.a
LOAD c:/siliconlabs/simplicitystudio/v5/developer/toolchains/gnu_arm/12.2.rel1_2023.7/bin/../lib/gcc/arm-none-eabi/12.2.1/thumb/v7e-m+fp/softfp\libc_nano.a
END GROUP
START GROUP
LOAD c:/siliconlabs/simplicitystudio/v5/developer/toolchains/gnu_arm/12.2.rel1_2023.7/bin/../lib/gcc/arm-none-eabi/12.2.1/thumb/v7e-m+fp/softfp\libgcc.a
LOAD c:/siliconlabs/simplicitystudio/v5/developer/toolchains/gnu_arm/12.2.rel1_2023.7/bin/../lib/gcc/arm-none-eabi/12.2.1/thumb/v7e-m+fp/softfp\libc_nano.a
END GROUP
LOAD c:/siliconlabs/simplicitystudio/v5/developer/toolchains/gnu_arm/12.2.rel1_2023.7/bin/../lib/gcc/arm-none-eabi/12.2.1/thumb/v7e-m+fp/softfp/crtend.o
LOAD c:/siliconlabs/simplicitystudio/v5/developer/toolchains/gnu_arm/12.2.rel1_2023.7/bin/../lib/gcc/arm-none-eabi/12.2.1/thumb/v7e-m+fp/softfp/crtn.o

.text           0x08202000     0x9cff
 *(.isr_vector)
 .isr_vector    0x08202000      0x16c ./wiseconnect3_sdk_3.1.4/components/device/silabs/si91x/mcu/core/chip/src/startup_si91x.o
                0x08202000                __Vectors
 *(.reset_handler)
 .reset_handler
                0x0820216c       0x30 ./wiseconnect3_sdk_3.1.4/components/device/silabs/si91x/mcu/core/chip/src/startup_si91x.o
                0x0820216c                RSI_Default_Reset_Handler
 *(EXCLUDE_FILE(*heap_*.o *port.o *sl_rsi_utility.o *malloc_buffers.o *freertos_umm_malloc_host.o *cmsis_os2.o *timers.o *tasks.o *stream_buffer.o *queue.o *list.o *event_groups.o *croutine.o *rsi_hal_mcu_m4_rom.o *rsi_hal_mcu_m4_ram.o *rsi_deepsleep_soc.o *sli_si91x_multithreaded.o *sl_si91x_driver.o *sl_si91x_bus.o) .text*)
 .text.deregister_tm_clones
                0x0820219c       0x1c c:/siliconlabs/simplicitystudio/v5/developer/toolchains/gnu_arm/12.2.rel1_2023.7/bin/../lib/gcc/arm-none-eabi/12.2.1/thumb/v7e-m+fp/softfp/crtbegin.o
 .text.register_tm_clones
                0x082021b8       0x24 c:/siliconlabs/simplicitystudio/v5/developer/toolchains/gnu_arm/12.2.rel1_2023.7/bin/../lib/gcc/arm-none-eabi/12.2.1/thumb/v7e-m+fp/softfp/crtbegin.o
 .text.__do_global_dtors_aux
                0x082021dc       0x28 c:/siliconlabs/simplicitystudio/v5/developer/toolchains/gnu_arm/12.2.rel1_2023.7/bin/../lib/gcc/arm-none-eabi/12.2.1/thumb/v7e-m+fp/softfp/crtbegin.o
 .text.frame_dummy
                0x08202204       0x24 c:/siliconlabs/simplicitystudio/v5/developer/toolchains/gnu_arm/12.2.rel1_2023.7/bin/../lib/gcc/arm-none-eabi/12.2.1/thumb/v7e-m+fp/softfp/crtbegin.o
 .text.ampak_m4_sleep_wakeup
                0x08202228       0xb4 ./ampak_wl72917/power_save_manager.o
                0x08202228                ampak_m4_sleep_wakeup
 .text.application_start
                0x082022dc       0xf8 ./app.o
 .text.app_init
                0x082023d4       0x14 ./app.o
                0x082023d4                app_init
 .text.startup.main
                0x082023e8       0x12 ./main.o
                0x082023e8                main
 .text.sl_platform_init
                0x082023fa       0x22 ./autogen/sl_event_handler.o
                0x082023fa                sl_platform_init
 .text.sl_kernel_start
                0x0820241c        0x4 ./autogen/sl_event_handler.o
                0x0820241c                sl_kernel_start
 .text.sl_driver_init
                0x08202420        0x2 ./autogen/sl_event_handler.o
                0x08202420                sl_driver_init
 .text.sl_service_init
                0x08202422        0x2 ./autogen/sl_event_handler.o
                0x08202422                sl_service_init
 .text.sl_stack_init
                0x08202424        0x2 ./autogen/sl_event_handler.o
                0x08202424                sl_stack_init
 .text.sl_internal_app_init
                0x08202426        0x2 ./autogen/sl_event_handler.o
                0x08202426                sl_internal_app_init
 .text.sli_osTaskRegisterSetValue
                0x08202428        0xa ./gecko_sdk_4.4.1/platform/common/src/sli_cmsis_os2_ext_task_register.o
                0x08202428                sli_osTaskRegisterSetValue
 .text.CORE_ExitCritical
                0x08202432        0x6 ./gecko_sdk_4.4.1/platform/emlib/src/em_core.o
                0x08202432                CORE_ExitCritical
 .text.CORE_EnterAtomic
                0x08202438        0x8 ./gecko_sdk_4.4.1/platform/emlib/src/em_core.o
                0x08202438                CORE_EnterAtomic
 .text.CORE_ExitAtomic
                0x08202440        0x4 ./gecko_sdk_4.4.1/platform/emlib/src/em_core.o
                0x08202440                CORE_ExitAtomic
 .text.sli_mem_pool_create
                0x08202444       0x3c ./gecko_sdk_4.4.1/platform/service/mem_pool/src/sl_mem_pool.o
                0x08202444                sli_mem_pool_create
 .text.sli_mem_pool_alloc
                0x08202480       0x24 ./gecko_sdk_4.4.1/platform/service/mem_pool/src/sl_mem_pool.o
                0x08202480                sli_mem_pool_alloc
 .text.sli_mem_pool_free
                0x082024a4       0x18 ./gecko_sdk_4.4.1/platform/service/mem_pool/src/sl_mem_pool.o
                0x082024a4                sli_mem_pool_free
 .text.sl_system_init
                0x082024bc       0x1a ./gecko_sdk_4.4.1/platform/service/system/src/sl_system_init.o
                0x082024bc                sl_system_init
 .text.sl_system_kernel_start
                0x082024d6        0x4 ./gecko_sdk_4.4.1/platform/service/system/src/sl_system_kernel.o
                0x082024d6                sl_system_kernel_start
 *fill*         0x082024da        0x2 
 .text.RSI_Board_Init
                0x082024dc       0x5c ./wiseconnect3_sdk_3.1.4/components/board/silabs/src/rsi_board.o
                0x082024dc                RSI_Board_Init
 .text.print_sl_ipv4_address
                0x08202538       0x1c ./wiseconnect3_sdk_3.1.4/components/common/src/sl_utility.o
                0x08202538                print_sl_ipv4_address
 .text.little_to_big_endian
                0x08202554       0x2e ./wiseconnect3_sdk_3.1.4/components/common/src/sl_utility.o
                0x08202554                little_to_big_endian
 *fill*         0x08202582        0x2 
 .text.sl_inet_ntop6
                0x08202584      0x144 ./wiseconnect3_sdk_3.1.4/components/common/src/sl_utility.o
                0x08202584                sl_inet_ntop6
 .text.print_sl_ipv6_address
                0x082026c8       0x2c ./wiseconnect3_sdk_3.1.4/components/common/src/sl_utility.o
                0x082026c8                print_sl_ipv6_address
 .text.print_sl_ip_address
                0x082026f4       0x16 ./wiseconnect3_sdk_3.1.4/components/common/src/sl_utility.o
                0x082026f4                print_sl_ip_address
 *fill*         0x0820270a        0x2 
 .text.print_firmware_version
                0x0820270c       0x2c ./wiseconnect3_sdk_3.1.4/components/common/src/sl_utility.o
                0x0820270c                print_firmware_version
 .text.sl_debug_log
                0x08202738        0x6 ./wiseconnect3_sdk_3.1.4/components/common/src/sl_utility.o
                0x08202738                sl_debug_log
 *fill*         0x0820273e        0x2 
 .text.set_scdc
                0x08202740       0x28 ./wiseconnect3_sdk_3.1.4/components/device/silabs/si91x/mcu/core/chip/src/iPMU_prog/iPMU_dotc/ipmu_apis.o
                0x08202740                set_scdc
 .text.init_ipmu_calib_data
                0x08202768       0x54 ./wiseconnect3_sdk_3.1.4/components/device/silabs/si91x/mcu/core/chip/src/iPMU_prog/iPMU_dotc/ipmu_apis.o
                0x08202768                init_ipmu_calib_data
 .text.program_ipmu_data
                0x082027bc       0x54 ./wiseconnect3_sdk_3.1.4/components/device/silabs/si91x/mcu/core/chip/src/iPMU_prog/iPMU_dotc/ipmu_apis.o
                0x082027bc                program_ipmu_data
 .text.ipmu_init_mcu
                0x08202810       0x94 ./wiseconnect3_sdk_3.1.4/components/device/silabs/si91x/mcu/core/chip/src/iPMU_prog/iPMU_dotc/ipmu_apis.o
                0x08202810                ipmu_init_mcu
 .text.ipmu_init
                0x082028a4       0xa8 ./wiseconnect3_sdk_3.1.4/components/device/silabs/si91x/mcu/core/chip/src/iPMU_prog/iPMU_dotc/ipmu_apis.o
                0x082028a4                ipmu_init
 .text.configure_ipmu_mode
                0x0820294c       0x38 ./wiseconnect3_sdk_3.1.4/components/device/silabs/si91x/mcu/core/chip/src/iPMU_prog/iPMU_dotc/ipmu_apis.o
                0x0820294c                configure_ipmu_mode
 .text.Default_Handler
                0x08202984        0x2 ./wiseconnect3_sdk_3.1.4/components/device/silabs/si91x/mcu/core/chip/src/startup_si91x.o
                0x08202984                DebugMon_Handler
                0x08202984                IRQ031_Handler
                0x08202984                HardFault_Handler
                0x08202984                IRQ058_Handler
                0x08202984                IRQ095_Handler
                0x08202984                IRQ065_Handler
                0x08202984                IRQ019_Handler
                0x08202984                IRQ056_Handler
                0x08202984                IRQ093_Handler
                0x08202984                NMI_Handler
                0x08202984                IRQ011_Handler
                0x08202984                IRQ014_Handler
                0x08202984                IRQ051_Handler
                0x08202984                IRQ027_Handler
                0x08202984                IRQ062_Handler
                0x08202984                IRQ097_Handler
                0x08202984                IRQ088_Handler
                0x08202984                IRQ034_Handler
                0x08202984                IRQ071_Handler
                0x08202984                IRQ067_Handler
                0x08202984                IRQ070_Handler
                0x08202984                IRQ077_Handler
                0x08202984                IRQ028_Handler
                0x08202984                IRQ063_Handler
                0x08202984                IRQ076_Handler
                0x08202984                UsageFault_Handler
                0x08202984                IRQ023_Handler
                0x08202984                IRQ009_Handler
                0x08202984                IRQ048_Handler
                0x08202984                IRQ083_Handler
                0x08202984                IRQ089_Handler
                0x08202984                HIF1_IRQHandler
                0x08202984                IRQ037_Handler
                0x08202984                IRQ072_Handler
                0x08202984                IRQ021_Handler
                0x08202984                IRQ008_Handler
                0x08202984                IRQ047_Handler
                0x08202984                IRQ082_Handler
                0x08202984                IRQ022_Handler
                0x08202984                IRQ007_Handler
                0x08202984                IRQ046_Handler
                0x08202984                IRQ081_Handler
                0x08202984                IRQ004_Handler
                0x08202984                IRQ043_Handler
                0x08202984                IRQ002_Handler
                0x08202984                IRQ041_Handler
                0x08202984                IRQ098_Handler
                0x08202984                IRQ000_Handler
                0x08202984                IRQ005_Handler
                0x08202984                IRQ044_Handler
                0x08202984                IRQ049_Handler
                0x08202984                IRQ084_Handler
                0x08202984                IRQ006_Handler
                0x08202984                IRQ045_Handler
                0x08202984                IRQ080_Handler
                0x08202984                IRQ015_Handler
                0x08202984                IRQ052_Handler
                0x08202984                MemManage_Handler
                0x08202984                HIF2_IRQHandler
                0x08202984                IRQ001_Handler
                0x08202984                IRQ040_Handler
                0x08202984                IRQ068_Handler
                0x08202984                IRQ059_Handler
                0x08202984                IRQ096_Handler
                0x08202984                IRQ003_Handler
                0x08202984                IRQ042_Handler
                0x08202984                IRQ024_Handler
                0x08202984                IRQ016_Handler
                0x08202984                IRQ053_Handler
                0x08202984                IRQ090_Handler
                0x08202984                IRQ078_Handler
                0x08202984                IRQ032_Handler
                0x08202984                IRQ020_Handler
                0x08202984                IRQ073_Handler
                0x08202984                IRQ018_Handler
                0x08202984                IRQ055_Handler
                0x08202984                IRQ092_Handler
                0x08202984                IRQ087_Handler
                0x08202984                IRQ026_Handler
                0x08202984                IRQ061_Handler
                0x08202984                IRQ025_Handler
                0x08202984                IRQ060_Handler
                0x08202984                IRQ085_Handler
                0x08202984                IRQ013_Handler
                0x08202984                IRQ050_Handler
                0x08202984                IRQ030_Handler
                0x08202984                IRQ029_Handler
                0x08202984                IRQ064_Handler
                0x08202984                IRQ066_Handler
                0x08202984                IRQ017_Handler
                0x08202984                IRQ054_Handler
                0x08202984                IRQ091_Handler
                0x08202984                BusFault_Handler
                0x08202984                IRQ069_Handler
                0x08202984                IRQ075_Handler
                0x08202984                IRQ086_Handler
                0x08202984                IRQ057_Handler
                0x08202984                IRQ094_Handler
                0x08202984                IRQ079_Handler
 .text.Default_Reset_Handler
                0x08202986        0x2 ./wiseconnect3_sdk_3.1.4/components/device/silabs/si91x/mcu/core/chip/src/startup_si91x.o
                0x08202986                Default_Reset_Handler
                0x08202986                Reset_Handler
 .text.Copy_Table
                0x08202988       0x24 ./wiseconnect3_sdk_3.1.4/components/device/silabs/si91x/mcu/core/chip/src/startup_si91x.o
                0x08202988                Copy_Table
 .text.Zero_Table
                0x082029ac       0x24 ./wiseconnect3_sdk_3.1.4/components/device/silabs/si91x/mcu/core/chip/src/startup_si91x.o
                0x082029ac                Zero_Table
 .text.SystemCoreClockUpdate
                0x082029d0      0x104 ./wiseconnect3_sdk_3.1.4/components/device/silabs/si91x/mcu/core/chip/src/system_si91x.o
                0x082029d0                SystemCoreClockUpdate
 .text.fpuInit  0x08202ad4       0x44 ./wiseconnect3_sdk_3.1.4/components/device/silabs/si91x/mcu/core/chip/src/system_si91x.o
                0x08202ad4                fpuInit
 .text.SystemInit
                0x08202b18       0xe4 ./wiseconnect3_sdk_3.1.4/components/device/silabs/si91x/mcu/core/chip/src/system_si91x.o
                0x08202b18                SystemInit
 .text.ARM_UART_SignalEvent
                0x08202bfc       0x24 ./wiseconnect3_sdk_3.1.4/components/device/silabs/si91x/mcu/core/common/src/rsi_debug.o
                0x08202bfc                ARM_UART_SignalEvent
 .text.Board_Debug_Init
                0x08202c20       0x4c ./wiseconnect3_sdk_3.1.4/components/device/silabs/si91x/mcu/core/common/src/rsi_debug.o
                0x08202c20                Board_Debug_Init
 .text.Board_UARTGetChar
                0x08202c6c       0x30 ./wiseconnect3_sdk_3.1.4/components/device/silabs/si91x/mcu/core/common/src/rsi_debug.o
                0x08202c6c                Board_UARTGetChar
 .text.Board_UARTPutChar
                0x08202c9c       0x30 ./wiseconnect3_sdk_3.1.4/components/device/silabs/si91x/mcu/core/common/src/rsi_debug.o
                0x08202c9c                Board_UARTPutChar
 .text.read_exclude_space
                0x08202ccc       0x20 ./wiseconnect3_sdk_3.1.4/components/device/silabs/si91x/mcu/core/common/src/syscalls.o
 .text._getpid  0x08202cec        0x4 ./wiseconnect3_sdk_3.1.4/components/device/silabs/si91x/mcu/core/common/src/syscalls.o
                0x08202cec                _getpid
 .text._kill    0x08202cf0       0x10 ./wiseconnect3_sdk_3.1.4/components/device/silabs/si91x/mcu/core/common/src/syscalls.o
                0x08202cf0                _kill
 .text._exit    0x08202d00        0xc ./wiseconnect3_sdk_3.1.4/components/device/silabs/si91x/mcu/core/common/src/syscalls.o
                0x08202d00                _exit
 .text._write   0x08202d0c       0x1c ./wiseconnect3_sdk_3.1.4/components/device/silabs/si91x/mcu/core/common/src/syscalls.o
                0x08202d0c                _write
 .text._close   0x08202d28        0x6 ./wiseconnect3_sdk_3.1.4/components/device/silabs/si91x/mcu/core/common/src/syscalls.o
                0x08202d28                _close
 .text._fstat   0x08202d2e        0xa ./wiseconnect3_sdk_3.1.4/components/device/silabs/si91x/mcu/core/common/src/syscalls.o
                0x08202d2e                _fstat
 .text._isatty  0x08202d38        0x4 ./wiseconnect3_sdk_3.1.4/components/device/silabs/si91x/mcu/core/common/src/syscalls.o
                0x08202d38                _isatty
 .text._lseek   0x08202d3c        0x4 ./wiseconnect3_sdk_3.1.4/components/device/silabs/si91x/mcu/core/common/src/syscalls.o
                0x08202d3c                _lseek
 .text._read    0x08202d40      0x30c ./wiseconnect3_sdk_3.1.4/components/device/silabs/si91x/mcu/core/common/src/syscalls.o
                0x08202d40                _read
 .text.sl_si91x_device_init_nvic
                0x0820304c       0x18 ./wiseconnect3_sdk_3.1.4/components/device/silabs/si91x/mcu/core/config/src/rsi_nvic_priorities_config.o
                0x0820304c                sl_si91x_device_init_nvic
 .text.IRQ033_Handler
                0x08203064       0x20 ./wiseconnect3_sdk_3.1.4/components/device/silabs/si91x/mcu/drivers/cmsis_driver/UDMA.o
                0x08203064                IRQ033_Handler
 .text.IRQ010_Handler
                0x08203084       0x20 ./wiseconnect3_sdk_3.1.4/components/device/silabs/si91x/mcu/drivers/cmsis_driver/UDMA.o
                0x08203084                IRQ010_Handler
 .text.ARM_USARTx_GetVersion
                0x082030a4       0x20 ./wiseconnect3_sdk_3.1.4/components/device/silabs/si91x/mcu/drivers/cmsis_driver/USART.o
                0x082030a4                ARM_USARTx_GetVersion
 .text.ARM_ULP_UART_GetCapabilities
                0x082030c4        0xc ./wiseconnect3_sdk_3.1.4/components/device/silabs/si91x/mcu/drivers/cmsis_driver/USART.o
 .text.ARM_ULP_UART_GetModemStatus
                0x082030d0        0xc ./wiseconnect3_sdk_3.1.4/components/device/silabs/si91x/mcu/drivers/cmsis_driver/USART.o
 .text.ARM_ULP_UART_SetModemControl
                0x082030dc        0xc ./wiseconnect3_sdk_3.1.4/components/device/silabs/si91x/mcu/drivers/cmsis_driver/USART.o
 .text.ARM_ULP_UART_GetStatus
                0x082030e8        0xc ./wiseconnect3_sdk_3.1.4/components/device/silabs/si91x/mcu/drivers/cmsis_driver/USART.o
 .text.ARM_ULP_UART_Control
                0x082030f4       0x34 ./wiseconnect3_sdk_3.1.4/components/device/silabs/si91x/mcu/drivers/cmsis_driver/USART.o
 .text.ARM_ULP_UART_GetRxCount
                0x08203128        0xc ./wiseconnect3_sdk_3.1.4/components/device/silabs/si91x/mcu/drivers/cmsis_driver/USART.o
 .text.ARM_ULP_UART_GetTxCount
                0x08203134        0xc ./wiseconnect3_sdk_3.1.4/components/device/silabs/si91x/mcu/drivers/cmsis_driver/USART.o
 .text.ARM_ULP_UART_Transfer
                0x08203140       0x54 ./wiseconnect3_sdk_3.1.4/components/device/silabs/si91x/mcu/drivers/cmsis_driver/USART.o
 .text.ARM_ULP_UART_Receive
                0x08203194       0x48 ./wiseconnect3_sdk_3.1.4/components/device/silabs/si91x/mcu/drivers/cmsis_driver/USART.o
 .text.ARM_ULP_UART_Send
                0x082031dc       0x48 ./wiseconnect3_sdk_3.1.4/components/device/silabs/si91x/mcu/drivers/cmsis_driver/USART.o
 .text.ARM_ULP_UART_PowerControl
                0x08203224       0x18 ./wiseconnect3_sdk_3.1.4/components/device/silabs/si91x/mcu/drivers/cmsis_driver/USART.o
 .text.ARM_ULP_UART_Uninitialize
                0x0820323c       0x1c ./wiseconnect3_sdk_3.1.4/components/device/silabs/si91x/mcu/drivers/cmsis_driver/USART.o
 .text.ARM_ULP_UART_Initialize
                0x08203258       0x30 ./wiseconnect3_sdk_3.1.4/components/device/silabs/si91x/mcu/drivers/cmsis_driver/USART.o
 .text.IRQ038_Handler
                0x08203288        0xc ./wiseconnect3_sdk_3.1.4/components/device/silabs/si91x/mcu/drivers/cmsis_driver/USART.o
                0x08203288                IRQ038_Handler
 .text.IRQ039_Handler
                0x08203294        0xc ./wiseconnect3_sdk_3.1.4/components/device/silabs/si91x/mcu/drivers/cmsis_driver/USART.o
                0x08203294                IRQ039_Handler
 .text.IRQ012_Handler
                0x082032a0        0xc ./wiseconnect3_sdk_3.1.4/components/device/silabs/si91x/mcu/drivers/cmsis_driver/USART.o
                0x082032a0                IRQ012_Handler
 .text.RSI_ULPUartHandler
                0x082032ac        0x4 ./wiseconnect3_sdk_3.1.4/components/device/silabs/si91x/mcu/drivers/cmsis_driver/USART.o
                0x082032ac                RSI_ULPUartHandler
 .text.RSI_CLK_GetBaseClock
                0x082032b0      0x50c ./wiseconnect3_sdk_3.1.4/components/device/silabs/si91x/mcu/drivers/peripheral_drivers/src/clock_update.o
                0x082032b0                RSI_CLK_GetBaseClock
 .text.RSI_EGPIO_SetPinMux
                0x082037bc       0x14 ./wiseconnect3_sdk_3.1.4/components/device/silabs/si91x/mcu/drivers/peripheral_drivers/src/rsi_usart.o
 .text.RSI_EGPIO_HostPadsGpioModeEnable
                0x082037d0       0x10 ./wiseconnect3_sdk_3.1.4/components/device/silabs/si91x/mcu/drivers/peripheral_drivers/src/rsi_usart.o
 .text.RSI_EGPIO_PadSelectionEnable
                0x082037e0       0x10 ./wiseconnect3_sdk_3.1.4/components/device/silabs/si91x/mcu/drivers/peripheral_drivers/src/rsi_usart.o
 .text.RSI_EGPIO_PadReceiverEnable
                0x082037f0       0x10 ./wiseconnect3_sdk_3.1.4/components/device/silabs/si91x/mcu/drivers/peripheral_drivers/src/rsi_usart.o
 .text.RSI_EGPIO_UlpPadReceiverEnable
                0x08203800       0x10 ./wiseconnect3_sdk_3.1.4/components/device/silabs/si91x/mcu/drivers/peripheral_drivers/src/rsi_usart.o
 .text.UDMAx_ChannelDisable.isra.0
                0x08203810        0xc ./wiseconnect3_sdk_3.1.4/components/device/silabs/si91x/mcu/drivers/peripheral_drivers/src/rsi_usart.o
 .text.UartIrqHandler
                0x0820381c      0x1f0 ./wiseconnect3_sdk_3.1.4/components/device/silabs/si91x/mcu/drivers/peripheral_drivers/src/rsi_usart.o
                0x0820381c                UartIrqHandler
 .text.USART_SetBaudrate
                0x08203a0c       0x50 ./wiseconnect3_sdk_3.1.4/components/device/silabs/si91x/mcu/drivers/peripheral_drivers/src/rsi_usart.o
                0x08203a0c                USART_SetBaudrate
 .text.USART_Initialize
                0x08203a5c      0x120 ./wiseconnect3_sdk_3.1.4/components/device/silabs/si91x/mcu/drivers/peripheral_drivers/src/rsi_usart.o
                0x08203a5c                USART_Initialize
 .text.USART_Uninitialize
                0x08203b7c       0xa0 ./wiseconnect3_sdk_3.1.4/components/device/silabs/si91x/mcu/drivers/peripheral_drivers/src/rsi_usart.o
                0x08203b7c                USART_Uninitialize
 .text.USART_PowerControl
                0x08203c1c      0x150 ./wiseconnect3_sdk_3.1.4/components/device/silabs/si91x/mcu/drivers/peripheral_drivers/src/rsi_usart.o
                0x08203c1c                USART_PowerControl
 .text.USART_Send_Data
                0x08203d6c      0x15c ./wiseconnect3_sdk_3.1.4/components/device/silabs/si91x/mcu/drivers/peripheral_drivers/src/rsi_usart.o
                0x08203d6c                USART_Send_Data
 .text.USART_Receive_Data
                0x08203ec8      0x13c ./wiseconnect3_sdk_3.1.4/components/device/silabs/si91x/mcu/drivers/peripheral_drivers/src/rsi_usart.o
                0x08203ec8                USART_Receive_Data
 .text.USART_Transfer
                0x08204004       0x72 ./wiseconnect3_sdk_3.1.4/components/device/silabs/si91x/mcu/drivers/peripheral_drivers/src/rsi_usart.o
                0x08204004                USART_Transfer
 .text.USART_GetTxCount
                0x08204076        0x6 ./wiseconnect3_sdk_3.1.4/components/device/silabs/si91x/mcu/drivers/peripheral_drivers/src/rsi_usart.o
                0x08204076                USART_GetTxCount
 .text.USART_GetRxCount
                0x0820407c        0x6 ./wiseconnect3_sdk_3.1.4/components/device/silabs/si91x/mcu/drivers/peripheral_drivers/src/rsi_usart.o
                0x0820407c                USART_GetRxCount
 *fill*         0x08204082        0x2 
 .text.USART_Control
                0x08204084      0x8e8 ./wiseconnect3_sdk_3.1.4/components/device/silabs/si91x/mcu/drivers/peripheral_drivers/src/rsi_usart.o
                0x08204084                USART_Control
 .text.USART_GetStatus
                0x0820496c       0x42 ./wiseconnect3_sdk_3.1.4/components/device/silabs/si91x/mcu/drivers/peripheral_drivers/src/rsi_usart.o
                0x0820496c                USART_GetStatus
 *fill*         0x082049ae        0x2 
 .text.USART_SetModemControl
                0x082049b0       0x84 ./wiseconnect3_sdk_3.1.4/components/device/silabs/si91x/mcu/drivers/peripheral_drivers/src/rsi_usart.o
                0x082049b0                USART_SetModemControl
 .text.USART_GetModemStatus
                0x08204a34       0x5c ./wiseconnect3_sdk_3.1.4/components/device/silabs/si91x/mcu/drivers/peripheral_drivers/src/rsi_usart.o
                0x08204a34                USART_GetModemStatus
 .text.RSI_IPMU_UpdateIpmuCalibData_efuse
                0x08204a90      0x2ec ./wiseconnect3_sdk_3.1.4/components/device/silabs/si91x/mcu/drivers/systemlevel/src/rsi_ipmu.o
                0x08204a90                RSI_IPMU_UpdateIpmuCalibData_efuse
 .text.RSI_Ipmu_Init
                0x08204d7c        0x4 ./wiseconnect3_sdk_3.1.4/components/device/silabs/si91x/mcu/drivers/systemlevel/src/rsi_ipmu.o
                0x08204d7c                RSI_Ipmu_Init
 .text.RSI_Configure_Ipmu_Mode
                0x08204d80        0x6 ./wiseconnect3_sdk_3.1.4/components/device/silabs/si91x/mcu/drivers/systemlevel/src/rsi_ipmu.o
                0x08204d80                RSI_Configure_Ipmu_Mode
 *fill*         0x08204d86        0x2 
 .text.RSI_IPMU_PowerGateClr
                0x08204d88       0x4c ./wiseconnect3_sdk_3.1.4/components/device/silabs/si91x/mcu/drivers/systemlevel/src/rsi_ipmu.o
                0x08204d88                RSI_IPMU_PowerGateClr
 .text.RSI_IPMU_ClockMuxSel
                0x08204dd4       0x40 ./wiseconnect3_sdk_3.1.4/components/device/silabs/si91x/mcu/drivers/systemlevel/src/rsi_ipmu.o
                0x08204dd4                RSI_IPMU_ClockMuxSel
 .text.RSI_IPMU_ProgramConfigData
                0x08204e14       0xea ./wiseconnect3_sdk_3.1.4/components/device/silabs/si91x/mcu/drivers/systemlevel/src/rsi_ipmu.o
                0x08204e14                RSI_IPMU_ProgramConfigData
 .text.RSI_APB_ProgramConfigData
                0x08204efe       0xc8 ./wiseconnect3_sdk_3.1.4/components/device/silabs/si91x/mcu/drivers/systemlevel/src/rsi_ipmu.o
                0x08204efe                RSI_APB_ProgramConfigData
 *fill*         0x08204fc6        0x2 
 .text.RSI_IPMU_PocbiasCurrent
                0x08204fc8        0xc ./wiseconnect3_sdk_3.1.4/components/device/silabs/si91x/mcu/drivers/systemlevel/src/rsi_ipmu.o
                0x08204fc8                RSI_IPMU_PocbiasCurrent
 .text.RSI_IPMU_PocbiasCurrent11
                0x08204fd4        0xc ./wiseconnect3_sdk_3.1.4/components/device/silabs/si91x/mcu/drivers/systemlevel/src/rsi_ipmu.o
                0x08204fd4                RSI_IPMU_PocbiasCurrent11
 .text.RSI_IPMU_RO32khzTrim00Efuse
                0x08204fe0        0xc ./wiseconnect3_sdk_3.1.4/components/device/silabs/si91x/mcu/drivers/systemlevel/src/rsi_ipmu.o
                0x08204fe0                RSI_IPMU_RO32khzTrim00Efuse
 .text.RSI_IPMU_RetnLdoVoltsel
                0x08204fec        0xc ./wiseconnect3_sdk_3.1.4/components/device/silabs/si91x/mcu/drivers/systemlevel/src/rsi_ipmu.o
                0x08204fec                RSI_IPMU_RetnLdoVoltsel
 .text.RSI_IPMU_RetnLdoLpmode
                0x08204ff8       0x1c ./wiseconnect3_sdk_3.1.4/components/device/silabs/si91x/mcu/drivers/systemlevel/src/rsi_ipmu.o
                0x08204ff8                RSI_IPMU_RetnLdoLpmode
 .text.RSI_IPMU_RetnLdoHpmode
                0x08205014       0x1c ./wiseconnect3_sdk_3.1.4/components/device/silabs/si91x/mcu/drivers/systemlevel/src/rsi_ipmu.o
                0x08205014                RSI_IPMU_RetnLdoHpmode
 .text.RSI_IPMU_M32rc_OscTrimEfuse
                0x08205030       0x28 ./wiseconnect3_sdk_3.1.4/components/device/silabs/si91x/mcu/drivers/systemlevel/src/rsi_ipmu.o
                0x08205030                RSI_IPMU_M32rc_OscTrimEfuse
 .text.RSI_IPMU_DBLR32M_TrimEfuse
                0x08205058       0x18 ./wiseconnect3_sdk_3.1.4/components/device/silabs/si91x/mcu/drivers/systemlevel/src/rsi_ipmu.o
                0x08205058                RSI_IPMU_DBLR32M_TrimEfuse
 .text.RSI_IPMU_M20roOsc_TrimEfuse
                0x08205070       0x28 ./wiseconnect3_sdk_3.1.4/components/device/silabs/si91x/mcu/drivers/systemlevel/src/rsi_ipmu.o
                0x08205070                RSI_IPMU_M20roOsc_TrimEfuse
 .text.RSI_IPMU_RO32khz_TrimEfuse
                0x08205098       0x18 ./wiseconnect3_sdk_3.1.4/components/device/silabs/si91x/mcu/drivers/systemlevel/src/rsi_ipmu.o
                0x08205098                RSI_IPMU_RO32khz_TrimEfuse
 .text.RSI_IPMU_RC32khz_TrimEfuse
                0x082050b0       0x18 ./wiseconnect3_sdk_3.1.4/components/device/silabs/si91x/mcu/drivers/systemlevel/src/rsi_ipmu.o
                0x082050b0                RSI_IPMU_RC32khz_TrimEfuse
 .text.RSI_IPMU_RO_TsEfuse
                0x082050c8        0xc ./wiseconnect3_sdk_3.1.4/components/device/silabs/si91x/mcu/drivers/systemlevel/src/rsi_ipmu.o
                0x082050c8                RSI_IPMU_RO_TsEfuse
 .text.RSI_IPMU_RO_TsConfig
                0x082050d4        0xc ./wiseconnect3_sdk_3.1.4/components/device/silabs/si91x/mcu/drivers/systemlevel/src/rsi_ipmu.o
                0x082050d4                RSI_IPMU_RO_TsConfig
 .text._usdelay
                0x082050e0        0x6 ./wiseconnect3_sdk_3.1.4/components/device/silabs/si91x/mcu/drivers/systemlevel/src/rsi_pll.o
 *fill*         0x082050e6        0x2 
 .text.clk_m4_soc_clk_config
                0x082050e8       0xc8 ./wiseconnect3_sdk_3.1.4/components/device/silabs/si91x/mcu/drivers/systemlevel/src/rsi_pll.o
                0x082050e8                clk_m4_soc_clk_config
 .text.ulpss_enable_ref_clks
                0x082051b0       0xf8 ./wiseconnect3_sdk_3.1.4/components/device/silabs/si91x/mcu/drivers/systemlevel/src/rsi_pll.o
                0x082051b0                ulpss_enable_ref_clks
 .text.clk_m4ss_ref_clk_config
                0x082052a8       0xcc ./wiseconnect3_sdk_3.1.4/components/device/silabs/si91x/mcu/drivers/systemlevel/src/rsi_pll.o
                0x082052a8                clk_m4ss_ref_clk_config
 .text.RSI_TS_Enable
                0x08205374        0xa ./wiseconnect3_sdk_3.1.4/components/device/silabs/si91x/mcu/drivers/systemlevel/src/rsi_temp_sensor.o
                0x08205374                RSI_TS_Enable
 .text.RSI_TS_Config
                0x0820537e       0x36 ./wiseconnect3_sdk_3.1.4/components/device/silabs/si91x/mcu/drivers/systemlevel/src/rsi_temp_sensor.o
                0x0820537e                RSI_TS_Config
 .text.RSI_TS_ReadTemp
                0x082053b4        0xe ./wiseconnect3_sdk_3.1.4/components/device/silabs/si91x/mcu/drivers/systemlevel/src/rsi_temp_sensor.o
                0x082053b4                RSI_TS_ReadTemp
 .text.RSI_TS_RoBjtEnable
                0x082053c2       0x26 ./wiseconnect3_sdk_3.1.4/components/device/silabs/si91x/mcu/drivers/systemlevel/src/rsi_temp_sensor.o
                0x082053c2                RSI_TS_RoBjtEnable
 .text.RSI_Periodic_TempUpdate
                0x082053e8       0x12 ./wiseconnect3_sdk_3.1.4/components/device/silabs/si91x/mcu/drivers/systemlevel/src/rsi_temp_sensor.o
                0x082053e8                RSI_Periodic_TempUpdate
 .text.ulpss_time_clk_disable
                0x082053fa       0x34 ./wiseconnect3_sdk_3.1.4/components/device/silabs/si91x/mcu/drivers/systemlevel/src/rsi_ulpss_clk.o
                0x082053fa                ulpss_time_clk_disable
 *fill*         0x0820542e        0x2 
 .text.ulpss_ref_clk_config
                0x08205430       0xbc ./wiseconnect3_sdk_3.1.4/components/device/silabs/si91x/mcu/drivers/systemlevel/src/rsi_ulpss_clk.o
                0x08205430                ulpss_ref_clk_config
 .text.sli_si91x_platform_init
                0x082054ec       0x5c ./wiseconnect3_sdk_3.1.4/components/device/silabs/si91x/wireless/ahb_interface/src/sl_platform.o
                0x082054ec                sli_si91x_platform_init
 .text.si91x_bootup_firmware
                0x08205548       0x94 ./wiseconnect3_sdk_3.1.4/components/device/silabs/si91x/wireless/ahb_interface/src/sl_platform.o
                0x08205548                si91x_bootup_firmware
 .text.sl_si91x_hardware_setup
                0x082055dc       0xcc ./wiseconnect3_sdk_3.1.4/components/device/silabs/si91x/wireless/ahb_interface/src/sl_platform_wireless.o
                0x082055dc                sl_si91x_hardware_setup
 .text.sli_si91x_configure_wireless_frontend_controls
                0x082056a8       0x44 ./wiseconnect3_sdk_3.1.4/components/device/silabs/si91x/wireless/ahb_interface/src/sl_platform_wireless.o
                0x082056a8                sli_si91x_configure_wireless_frontend_controls
 .text.sl_si91x_trigger_sleep
                0x082056ec      0x230 ./wiseconnect3_sdk_3.1.4/components/device/silabs/si91x/wireless/ahb_interface/src/sl_platform_wireless.o
                0x082056ec                sl_si91x_trigger_sleep
 .text.sl_si91x_configure_ram_retention
                0x0820591c       0x48 ./wiseconnect3_sdk_3.1.4/components/device/silabs/si91x/wireless/ahb_interface/src/sl_platform_wireless.o
                0x0820591c                sl_si91x_configure_ram_retention
 .text.rsi_waitfor_boardready
                0x08205964       0x44 ./wiseconnect3_sdk_3.1.4/components/device/silabs/si91x/wireless/ahb_interface/src/sli_siwx917_soc.o
                0x08205964                rsi_waitfor_boardready
 .text.rsi_select_option
                0x082059a8       0x80 ./wiseconnect3_sdk_3.1.4/components/device/silabs/si91x/wireless/ahb_interface/src/sli_siwx917_soc.o
                0x082059a8                rsi_select_option
 .text.unmask_ta_interrupt
                0x08205a28        0xc ./wiseconnect3_sdk_3.1.4/components/device/silabs/si91x/wireless/ahb_interface/src/sli_siwx917_soc.o
                0x08205a28                unmask_ta_interrupt
 .text.sli_m4_ta_interrupt_init
                0x08205a34       0x2c ./wiseconnect3_sdk_3.1.4/components/device/silabs/si91x/wireless/ahb_interface/src/sli_siwx917_soc.o
                0x08205a34                sli_m4_ta_interrupt_init
 .text.sl_si91x_errno
                0x08205a60       0x1c ./wiseconnect3_sdk_3.1.4/components/device/silabs/si91x/wireless/errno/src/sl_si91x_errno.o
                0x08205a60                sl_si91x_errno
 .text.sl_si91x_bus_rx_irq_handler
                0x08205a7c        0x4 ./wiseconnect3_sdk_3.1.4/components/device/silabs/si91x/wireless/host_mcu/si91x/siwx917_soc_ncp_host.o
                0x08205a7c                sl_si91x_bus_rx_irq_handler
 .text.sl_si91x_bus_rx_done_handler
                0x08205a80        0x2 ./wiseconnect3_sdk_3.1.4/components/device/silabs/si91x/wireless/host_mcu/si91x/siwx917_soc_ncp_host.o
                0x08205a80                sl_si91x_bus_rx_done_handler
 .text.sl_si91x_bus_init
                0x08205a82        0x4 ./wiseconnect3_sdk_3.1.4/components/device/silabs/si91x/wireless/host_mcu/si91x/siwx917_soc_ncp_host.o
                0x08205a82                sl_si91x_bus_init
 .text.sl_si91x_host_init
                0x08205a86        0xa ./wiseconnect3_sdk_3.1.4/components/device/silabs/si91x/wireless/host_mcu/si91x/siwx917_soc_ncp_host.o
                0x08205a86                sl_si91x_host_init
 .text.sl_si91x_host_hold_in_reset
                0x08205a90        0x2 ./wiseconnect3_sdk_3.1.4/components/device/silabs/si91x/wireless/host_mcu/si91x/siwx917_soc_ncp_host.o
                0x08205a90                sl_si91x_host_hold_in_reset
 .text.sl_si91x_host_release_from_reset
                0x08205a92        0x2 ./wiseconnect3_sdk_3.1.4/components/device/silabs/si91x/wireless/host_mcu/si91x/siwx917_soc_ncp_host.o
                0x08205a92                sl_si91x_host_release_from_reset
 .text.sl_si91x_host_enable_bus_interrupt
                0x08205a94        0x2 ./wiseconnect3_sdk_3.1.4/components/device/silabs/si91x/wireless/host_mcu/si91x/siwx917_soc_ncp_host.o
                0x08205a94                sl_si91x_host_enable_bus_interrupt
 *fill*         0x08205a96        0x2 
 .text.sl_si91x_host_is_in_irq_context
                0x08205a98       0x14 ./wiseconnect3_sdk_3.1.4/components/device/silabs/si91x/wireless/host_mcu/si91x/siwx917_soc_ncp_host.o
                0x08205a98                sl_si91x_host_is_in_irq_context
 .text.sl_si91x_host_init_buffer_manager
                0x08205aac       0x38 ./wiseconnect3_sdk_3.1.4/components/device/silabs/si91x/wireless/memory/mem_pool_buffers.o
                0x08205aac                sl_si91x_host_init_buffer_manager
 .text.sl_si91x_host_allocate_buffer
                0x08205ae4       0x4c ./wiseconnect3_sdk_3.1.4/components/device/silabs/si91x/wireless/memory/mem_pool_buffers.o
                0x08205ae4                sl_si91x_host_allocate_buffer
 .text.sl_si91x_host_get_buffer_data
                0x08205b30       0x18 ./wiseconnect3_sdk_3.1.4/components/device/silabs/si91x/wireless/memory/mem_pool_buffers.o
                0x08205b30                sl_si91x_host_get_buffer_data
 .text.sl_si91x_host_free_buffer
                0x08205b48       0x18 ./wiseconnect3_sdk_3.1.4/components/device/silabs/si91x/wireless/memory/mem_pool_buffers.o
                0x08205b48                sl_si91x_host_free_buffer
 .text.convert_si91x_dns_response
                0x08205b60       0x2a ./wiseconnect3_sdk_3.1.4/components/device/silabs/si91x/wireless/sl_net/src/sl_net_rsi_utility.o
                0x08205b60                convert_si91x_dns_response
 .text.convert_si91x_event_to_sl_net_event
                0x08205b8a       0x2a ./wiseconnect3_sdk_3.1.4/components/device/silabs/si91x/wireless/sl_net/src/sl_net_rsi_utility.o
                0x08205b8a                convert_si91x_event_to_sl_net_event
 .text.si91x_node_free_function
                0x08205bb4        0x6 ./wiseconnect3_sdk_3.1.4/components/device/silabs/si91x/wireless/sl_net/src/sl_net_si91x_integration_handler.o
 *fill*         0x08205bba        0x2 
 .text.sl_net_si91x_event_dispatch_handler
                0x08205bbc       0xa0 ./wiseconnect3_sdk_3.1.4/components/device/silabs/si91x/wireless/sl_net/src/sl_net_si91x_integration_handler.o
                0x08205bbc                sl_net_si91x_event_dispatch_handler
 .text.sl_si91x_host_get_credentials
                0x08205c5c       0x4a ./wiseconnect3_sdk_3.1.4/components/device/silabs/si91x/wireless/sl_net/src/sl_si91x_net_credentials.o
                0x08205c5c                sl_si91x_host_get_credentials
 *fill*         0x08205ca6        0x2 
 .text.sl_si91x_configure_ip_address
                0x08205ca8      0x1a4 ./wiseconnect3_sdk_3.1.4/components/device/silabs/si91x/wireless/sl_net/src/sl_si91x_net_internal_stack.o
                0x08205ca8                sl_si91x_configure_ip_address
 .text.si91x_socket_node_free_function
                0x08205e4c        0x6 ./wiseconnect3_sdk_3.1.4/components/device/silabs/si91x/wireless/socket/src/sl_si91x_socket_utility.o
 *fill*         0x08205e52        0x2 
 .text.si91x_socket_identification_function
                0x08205e54       0xac ./wiseconnect3_sdk_3.1.4/components/device/silabs/si91x/wireless/socket/src/sl_si91x_socket_utility.o
 .text.reset_socket_state
                0x08205f00       0x14 ./wiseconnect3_sdk_3.1.4/components/device/silabs/si91x/wireless/socket/src/sl_si91x_socket_utility.o
                0x08205f00                reset_socket_state
 .text.sl_si91x_vap_shutdown
                0x08205f14       0x34 ./wiseconnect3_sdk_3.1.4/components/device/silabs/si91x/wireless/socket/src/sl_si91x_socket_utility.o
                0x08205f14                sl_si91x_vap_shutdown
 .text.get_si91x_socket
                0x08205f48       0x24 ./wiseconnect3_sdk_3.1.4/components/device/silabs/si91x/wireless/socket/src/sl_si91x_socket_utility.o
                0x08205f48                get_si91x_socket
 .text.handle_accept_response
                0x08205f6c       0x46 ./wiseconnect3_sdk_3.1.4/components/device/silabs/si91x/wireless/socket/src/sl_si91x_socket_utility.o
                0x08205f6c                handle_accept_response
 .text.handle_select_response
                0x08205fb2       0x6a ./wiseconnect3_sdk_3.1.4/components/device/silabs/si91x/wireless/socket/src/sl_si91x_socket_utility.o
                0x08205fb2                handle_select_response
 .text.si91x_socket_event_handler
                0x0820601c      0x15c ./wiseconnect3_sdk_3.1.4/components/device/silabs/si91x/wireless/socket/src/sl_si91x_socket_utility.o
                0x0820601c                si91x_socket_event_handler
 .text.sl_si91x_register_event_handler
                0x08206178        0xc ./wiseconnect3_sdk_3.1.4/components/device/silabs/si91x/wireless/src/sl_si91x_callback_framework.o
                0x08206178                sl_si91x_register_event_handler
 .text.sl_si91x_default_handler
                0x08206184       0x68 ./wiseconnect3_sdk_3.1.4/components/device/silabs/si91x/wireless/src/sl_si91x_callback_framework.o
                0x08206184                sl_si91x_default_handler
 .text.get_configured_join_request
                0x082061ec      0x106 ./wiseconnect3_sdk_3.1.4/components/protocol/wifi/si91x/sl_wifi.o
 .text.sl_wifi_init
                0x082062f2        0x6 ./wiseconnect3_sdk_3.1.4/components/protocol/wifi/si91x/sl_wifi.o
                0x082062f2                sl_wifi_init
 .text.sl_wifi_set_mac_address
                0x082062f8       0x34 ./wiseconnect3_sdk_3.1.4/components/protocol/wifi/si91x/sl_wifi.o
                0x082062f8                sl_wifi_set_mac_address
 .text.sl_wifi_start_ap
                0x0820632c      0x1c4 ./wiseconnect3_sdk_3.1.4/components/protocol/wifi/si91x/sl_wifi.o
                0x0820632c                sl_wifi_start_ap
 .text.sl_wifi_get_firmware_version
                0x082064f0       0x88 ./wiseconnect3_sdk_3.1.4/components/protocol/wifi/si91x/sl_wifi.o
                0x082064f0                sl_wifi_get_firmware_version
 .text.sl_wifi_set_performance_profile
                0x08206578       0x8c ./wiseconnect3_sdk_3.1.4/components/protocol/wifi/si91x/sl_wifi.o
                0x08206578                sl_wifi_set_performance_profile
 .text.sl_wifi_is_interface_up
                0x08206604       0x70 ./wiseconnect3_sdk_3.1.4/components/protocol/wifi/si91x/sl_wifi.o
                0x08206604                sl_wifi_is_interface_up
 .text.sl_wifi_connect
                0x08206674      0x320 ./wiseconnect3_sdk_3.1.4/components/protocol/wifi/si91x/sl_wifi.o
                0x08206674                sl_wifi_connect
 .text.sl_wifi_get_mac_address
                0x08206994       0x74 ./wiseconnect3_sdk_3.1.4/components/protocol/wifi/si91x/sl_wifi.o
                0x08206994                sl_wifi_get_mac_address
 .text.sl_wifi_filter_broadcast
                0x08206a08       0x2c ./wiseconnect3_sdk_3.1.4/components/protocol/wifi/si91x/sl_wifi.o
                0x08206a08                sl_wifi_filter_broadcast
 .text.sl_wifi_btr_set_channel
                0x08206a34       0x80 ./wiseconnect3_sdk_3.1.4/components/protocol/wifi/si91x/sl_wifi.o
                0x08206a34                sl_wifi_btr_set_channel
 .text.sl_wifi_btr_config_params
                0x08206ab4       0xdc ./wiseconnect3_sdk_3.1.4/components/protocol/wifi/si91x/sl_wifi.o
                0x08206ab4                sl_wifi_btr_config_params
 .text.sl_wifi_btr_up
                0x08206b90      0x18c ./wiseconnect3_sdk_3.1.4/components/protocol/wifi/si91x/sl_wifi.o
                0x08206b90                sl_wifi_btr_up
 .text.get_event_group_from_event
                0x08206d1c       0xbc ./wiseconnect3_sdk_3.1.4/components/protocol/wifi/src/sl_wifi_callback_framework.o
 .text.sl_wifi_default_event_handler
                0x08206dd8      0x118 ./wiseconnect3_sdk_3.1.4/components/protocol/wifi/src/sl_wifi_callback_framework.o
                0x08206dd8                sl_wifi_default_event_handler
 .text.sl_net_wifi_client_init
                0x08206ef0       0x1c ./wiseconnect3_sdk_3.1.4/components/service/network_manager/si91x/sl_net_si91x.o
                0x08206ef0                sl_net_wifi_client_init
 .text.sl_net_wifi_client_up
                0x08206f0c       0x36 ./wiseconnect3_sdk_3.1.4/components/service/network_manager/si91x/sl_net_si91x.o
                0x08206f0c                sl_net_wifi_client_up
 .text.sl_net_wifi_ap_init
                0x08206f42        0x4 ./wiseconnect3_sdk_3.1.4/components/service/network_manager/si91x/sl_net_si91x.o
                0x08206f42                sl_net_wifi_ap_init
 .text.sl_net_wifi_ap_up
                0x08206f46       0x30 ./wiseconnect3_sdk_3.1.4/components/service/network_manager/si91x/sl_net_si91x.o
                0x08206f46                sl_net_wifi_ap_up
 .text.sl_net_wifi_btr_init
                0x08206f76        0x4 ./wiseconnect3_sdk_3.1.4/components/service/network_manager/si91x/sl_net_si91x.o
                0x08206f76                sl_net_wifi_btr_init
 .text.sl_net_wifi_btr_up
                0x08206f7a       0x28 ./wiseconnect3_sdk_3.1.4/components/service/network_manager/si91x/sl_net_si91x.o
                0x08206f7a                sl_net_wifi_btr_up
 *fill*         0x08206fa2        0x2 
 .text.sl_net_init
                0x08206fa4      0x174 ./wiseconnect3_sdk_3.1.4/components/service/network_manager/src/sl_net.o
                0x08206fa4                sl_net_init
 .text.sl_net_up
                0x08207118       0x20 ./wiseconnect3_sdk_3.1.4/components/service/network_manager/src/sl_net.o
                0x08207118                sl_net_up
 .text.sl_net_get_credential
                0x08207138       0x74 ./wiseconnect3_sdk_3.1.4/components/service/network_manager/src/sl_net_basic_credentials.o
                0x08207138                sl_net_get_credential
 .text.sl_net_set_profile
                0x082071ac       0x60 ./wiseconnect3_sdk_3.1.4/components/service/network_manager/src/sl_net_basic_profiles.o
                0x082071ac                sl_net_set_profile
 .text.sl_net_get_profile
                0x0820720c       0x68 ./wiseconnect3_sdk_3.1.4/components/service/network_manager/src/sl_net_basic_profiles.o
                0x0820720c                sl_net_get_profile
 .text          0x08207274      0x378 c:/siliconlabs/simplicitystudio/v5/developer/toolchains/gnu_arm/12.2.rel1_2023.7/bin/../lib/gcc/arm-none-eabi/12.2.1/thumb/v7e-m+fp/softfp\libgcc.a(_arm_addsubdf3.o)
                0x08207274                __aeabi_drsub
                0x0820727c                __aeabi_dsub
                0x0820727c                __subdf3
                0x08207280                __aeabi_dadd
                0x08207280                __adddf3
                0x082074f8                __floatunsidf
                0x082074f8                __aeabi_ui2d
                0x08207518                __floatsidf
                0x08207518                __aeabi_i2d
                0x0820753c                __aeabi_f2d
                0x0820753c                __extendsfdf2
                0x08207580                __floatundidf
                0x08207580                __aeabi_ul2d
                0x08207590                __floatdidf
                0x08207590                __aeabi_l2d
 .text          0x082075ec      0x424 c:/siliconlabs/simplicitystudio/v5/developer/toolchains/gnu_arm/12.2.rel1_2023.7/bin/../lib/gcc/arm-none-eabi/12.2.1/thumb/v7e-m+fp/softfp\libgcc.a(_arm_muldivdf3.o)
                0x082075ec                __aeabi_dmul
                0x082075ec                __muldf3
                0x08207840                __divdf3
                0x08207840                __aeabi_ddiv
 .text          0x08207a10       0x40 c:/siliconlabs/simplicitystudio/v5/developer/toolchains/gnu_arm/12.2.rel1_2023.7/bin/../lib/gcc/arm-none-eabi/12.2.1/thumb/v7e-m+fp/softfp\libgcc.a(_arm_fixunsdfsi.o)
                0x08207a10                __aeabi_d2uiz
                0x08207a10                __fixunsdfsi
 .text.malloc   0x08207a50       0x10 c:/siliconlabs/simplicitystudio/v5/developer/toolchains/gnu_arm/12.2.rel1_2023.7/bin/../lib/gcc/arm-none-eabi/12.2.1/thumb/v7e-m+fp/softfp\libc_nano.a(libc_a-malloc.o)
                0x08207a50                malloc
 .text.free     0x08207a60       0x10 c:/siliconlabs/simplicitystudio/v5/developer/toolchains/gnu_arm/12.2.rel1_2023.7/bin/../lib/gcc/arm-none-eabi/12.2.1/thumb/v7e-m+fp/softfp\libc_nano.a(libc_a-malloc.o)
                0x08207a60                free
 .text.sbrk_aligned
                0x08207a70       0x44 c:/siliconlabs/simplicitystudio/v5/developer/toolchains/gnu_arm/12.2.rel1_2023.7/bin/../lib/gcc/arm-none-eabi/12.2.1/thumb/v7e-m+fp/softfp\libc_nano.a(libc_a-mallocr.o)
 .text._malloc_r
                0x08207ab4       0xf0 c:/siliconlabs/simplicitystudio/v5/developer/toolchains/gnu_arm/12.2.rel1_2023.7/bin/../lib/gcc/arm-none-eabi/12.2.1/thumb/v7e-m+fp/softfp\libc_nano.a(libc_a-mallocr.o)
                0x08207ab4                _malloc_r
 .text.__malloc_lock
                0x08207ba4        0xc c:/siliconlabs/simplicitystudio/v5/developer/toolchains/gnu_arm/12.2.rel1_2023.7/bin/../lib/gcc/arm-none-eabi/12.2.1/thumb/v7e-m+fp/softfp\libc_nano.a(libc_a-mlock.o)
                0x08207ba4                __malloc_lock
 .text.__malloc_unlock
                0x08207bb0        0xc c:/siliconlabs/simplicitystudio/v5/developer/toolchains/gnu_arm/12.2.rel1_2023.7/bin/../lib/gcc/arm-none-eabi/12.2.1/thumb/v7e-m+fp/softfp\libc_nano.a(libc_a-mlock.o)
                0x08207bb0                __malloc_unlock
 .text.__cvt    0x08207bbc       0xce c:/siliconlabs/simplicitystudio/v5/developer/toolchains/gnu_arm/12.2.rel1_2023.7/bin/../lib/gcc/arm-none-eabi/12.2.1/thumb/v7e-m+fp/softfp\libc_nano.a(libc_a-nano-vfprintf_float.o)
                0x08207bbc                __cvt
 .text.__exponent
                0x08207c8a       0x74 c:/siliconlabs/simplicitystudio/v5/developer/toolchains/gnu_arm/12.2.rel1_2023.7/bin/../lib/gcc/arm-none-eabi/12.2.1/thumb/v7e-m+fp/softfp\libc_nano.a(libc_a-nano-vfprintf_float.o)
                0x08207c8a                __exponent
 *fill*         0x08207cfe        0x2 
 .text._printf_float
                0x08207d00      0x46c c:/siliconlabs/simplicitystudio/v5/developer/toolchains/gnu_arm/12.2.rel1_2023.7/bin/../lib/gcc/arm-none-eabi/12.2.1/thumb/v7e-m+fp/softfp\libc_nano.a(libc_a-nano-vfprintf_float.o)
                0x08207d00                _printf_float
 .text._printf_common
                0x0820816c       0xda c:/siliconlabs/simplicitystudio/v5/developer/toolchains/gnu_arm/12.2.rel1_2023.7/bin/../lib/gcc/arm-none-eabi/12.2.1/thumb/v7e-m+fp/softfp\libc_nano.a(libc_a-nano-vfprintf_i.o)
                0x0820816c                _printf_common
 *fill*         0x08208246        0x2 
 .text._printf_i
                0x08208248      0x258 c:/siliconlabs/simplicitystudio/v5/developer/toolchains/gnu_arm/12.2.rel1_2023.7/bin/../lib/gcc/arm-none-eabi/12.2.1/thumb/v7e-m+fp/softfp\libc_nano.a(libc_a-nano-vfprintf_i.o)
                0x08208248                _printf_i
 .text.std      0x082084a0       0x6c c:/siliconlabs/simplicitystudio/v5/developer/toolchains/gnu_arm/12.2.rel1_2023.7/bin/../lib/gcc/arm-none-eabi/12.2.1/thumb/v7e-m+fp/softfp\libc_nano.a(libc_a-findfp.o)
 .text.stdio_exit_handler
                0x0820850c       0x18 c:/siliconlabs/simplicitystudio/v5/developer/toolchains/gnu_arm/12.2.rel1_2023.7/bin/../lib/gcc/arm-none-eabi/12.2.1/thumb/v7e-m+fp/softfp\libc_nano.a(libc_a-findfp.o)
 .text.cleanup_stdio
                0x08208524       0x40 c:/siliconlabs/simplicitystudio/v5/developer/toolchains/gnu_arm/12.2.rel1_2023.7/bin/../lib/gcc/arm-none-eabi/12.2.1/thumb/v7e-m+fp/softfp\libc_nano.a(libc_a-findfp.o)
 .text.global_stdio_init.part.0
                0x08208564       0x3c c:/siliconlabs/simplicitystudio/v5/developer/toolchains/gnu_arm/12.2.rel1_2023.7/bin/../lib/gcc/arm-none-eabi/12.2.1/thumb/v7e-m+fp/softfp\libc_nano.a(libc_a-findfp.o)
 .text.__sfp_lock_acquire
                0x082085a0        0xc c:/siliconlabs/simplicitystudio/v5/developer/toolchains/gnu_arm/12.2.rel1_2023.7/bin/../lib/gcc/arm-none-eabi/12.2.1/thumb/v7e-m+fp/softfp\libc_nano.a(libc_a-findfp.o)
                0x082085a0                __sfp_lock_acquire
 .text.__sfp_lock_release
                0x082085ac        0xc c:/siliconlabs/simplicitystudio/v5/developer/toolchains/gnu_arm/12.2.rel1_2023.7/bin/../lib/gcc/arm-none-eabi/12.2.1/thumb/v7e-m+fp/softfp\libc_nano.a(libc_a-findfp.o)
                0x082085ac                __sfp_lock_release
 .text.__sinit  0x082085b8       0x30 c:/siliconlabs/simplicitystudio/v5/developer/toolchains/gnu_arm/12.2.rel1_2023.7/bin/../lib/gcc/arm-none-eabi/12.2.1/thumb/v7e-m+fp/softfp\libc_nano.a(libc_a-findfp.o)
                0x082085b8                __sinit
 .text._fwalk_sglue
                0x082085e8       0x3c c:/siliconlabs/simplicitystudio/v5/developer/toolchains/gnu_arm/12.2.rel1_2023.7/bin/../lib/gcc/arm-none-eabi/12.2.1/thumb/v7e-m+fp/softfp\libc_nano.a(libc_a-fwalk.o)
                0x082085e8                _fwalk_sglue
 .text.printf   0x08208624       0x24 c:/siliconlabs/simplicitystudio/v5/developer/toolchains/gnu_arm/12.2.rel1_2023.7/bin/../lib/gcc/arm-none-eabi/12.2.1/thumb/v7e-m+fp/softfp\libc_nano.a(libc_a-printf.o)
                0x08208624                iprintf
                0x08208624                printf
 .text._puts_r  0x08208648       0xaa c:/siliconlabs/simplicitystudio/v5/developer/toolchains/gnu_arm/12.2.rel1_2023.7/bin/../lib/gcc/arm-none-eabi/12.2.1/thumb/v7e-m+fp/softfp\libc_nano.a(libc_a-puts.o)
                0x08208648                _puts_r
 *fill*         0x082086f2        0x2 
 .text.puts     0x082086f4       0x10 c:/siliconlabs/simplicitystudio/v5/developer/toolchains/gnu_arm/12.2.rel1_2023.7/bin/../lib/gcc/arm-none-eabi/12.2.1/thumb/v7e-m+fp/softfp\libc_nano.a(libc_a-puts.o)
                0x082086f4                puts
 .text.sprintf  0x08208704       0x40 c:/siliconlabs/simplicitystudio/v5/developer/toolchains/gnu_arm/12.2.rel1_2023.7/bin/../lib/gcc/arm-none-eabi/12.2.1/thumb/v7e-m+fp/softfp\libc_nano.a(libc_a-sprintf.o)
                0x08208704                siprintf
                0x08208704                sprintf
 .text.__sread  0x08208744       0x22 c:/siliconlabs/simplicitystudio/v5/developer/toolchains/gnu_arm/12.2.rel1_2023.7/bin/../lib/gcc/arm-none-eabi/12.2.1/thumb/v7e-m+fp/softfp\libc_nano.a(libc_a-stdio.o)
                0x08208744                __sread
 .text.__swrite
                0x08208766       0x38 c:/siliconlabs/simplicitystudio/v5/developer/toolchains/gnu_arm/12.2.rel1_2023.7/bin/../lib/gcc/arm-none-eabi/12.2.1/thumb/v7e-m+fp/softfp\libc_nano.a(libc_a-stdio.o)
                0x08208766                __swrite
 .text.__sseek  0x0820879e       0x24 c:/siliconlabs/simplicitystudio/v5/developer/toolchains/gnu_arm/12.2.rel1_2023.7/bin/../lib/gcc/arm-none-eabi/12.2.1/thumb/v7e-m+fp/softfp\libc_nano.a(libc_a-stdio.o)
                0x0820879e                __sseek
 .text.__sclose
                0x082087c2        0x8 c:/siliconlabs/simplicitystudio/v5/developer/toolchains/gnu_arm/12.2.rel1_2023.7/bin/../lib/gcc/arm-none-eabi/12.2.1/thumb/v7e-m+fp/softfp\libc_nano.a(libc_a-stdio.o)
                0x082087c2                __sclose
 .text.__swbuf_r
                0x082087ca       0x7c c:/siliconlabs/simplicitystudio/v5/developer/toolchains/gnu_arm/12.2.rel1_2023.7/bin/../lib/gcc/arm-none-eabi/12.2.1/thumb/v7e-m+fp/softfp\libc_nano.a(libc_a-wbuf.o)
                0x082087ca                __swbuf_r
 *fill*         0x08208846        0x2 
 .text.__swsetup_r
                0x08208848       0xac c:/siliconlabs/simplicitystudio/v5/developer/toolchains/gnu_arm/12.2.rel1_2023.7/bin/../lib/gcc/arm-none-eabi/12.2.1/thumb/v7e-m+fp/softfp\libc_nano.a(libc_a-wsetup.o)
                0x08208848                __swsetup_r
 .text.memmove  0x082088f4       0x34 c:/siliconlabs/simplicitystudio/v5/developer/toolchains/gnu_arm/12.2.rel1_2023.7/bin/../lib/gcc/arm-none-eabi/12.2.1/thumb/v7e-m+fp/softfp\libc_nano.a(libc_a-memmove.o)
                0x082088f4                memmove
 .text.memset   0x08208928       0x10 c:/siliconlabs/simplicitystudio/v5/developer/toolchains/gnu_arm/12.2.rel1_2023.7/bin/../lib/gcc/arm-none-eabi/12.2.1/thumb/v7e-m+fp/softfp\libc_nano.a(libc_a-memset.o)
                0x08208928                memset
 .text._localeconv_r
                0x08208938        0x8 c:/siliconlabs/simplicitystudio/v5/developer/toolchains/gnu_arm/12.2.rel1_2023.7/bin/../lib/gcc/arm-none-eabi/12.2.1/thumb/v7e-m+fp/softfp\libc_nano.a(libc_a-localeconv.o)
                0x08208938                _localeconv_r
 .text._close_r
                0x08208940       0x20 c:/siliconlabs/simplicitystudio/v5/developer/toolchains/gnu_arm/12.2.rel1_2023.7/bin/../lib/gcc/arm-none-eabi/12.2.1/thumb/v7e-m+fp/softfp\libc_nano.a(libc_a-closer.o)
                0x08208940                _close_r
 .text._lseek_r
                0x08208960       0x24 c:/siliconlabs/simplicitystudio/v5/developer/toolchains/gnu_arm/12.2.rel1_2023.7/bin/../lib/gcc/arm-none-eabi/12.2.1/thumb/v7e-m+fp/softfp\libc_nano.a(libc_a-lseekr.o)
                0x08208960                _lseek_r
 .text._read_r  0x08208984       0x24 c:/siliconlabs/simplicitystudio/v5/developer/toolchains/gnu_arm/12.2.rel1_2023.7/bin/../lib/gcc/arm-none-eabi/12.2.1/thumb/v7e-m+fp/softfp\libc_nano.a(libc_a-readr.o)
                0x08208984                _read_r
 .text._sbrk_r  0x082089a8       0x20 c:/siliconlabs/simplicitystudio/v5/developer/toolchains/gnu_arm/12.2.rel1_2023.7/bin/../lib/gcc/arm-none-eabi/12.2.1/thumb/v7e-m+fp/softfp\libc_nano.a(libc_a-sbrkr.o)
                0x082089a8                _sbrk_r
 .text._write_r
                0x082089c8       0x24 c:/siliconlabs/simplicitystudio/v5/developer/toolchains/gnu_arm/12.2.rel1_2023.7/bin/../lib/gcc/arm-none-eabi/12.2.1/thumb/v7e-m+fp/softfp\libc_nano.a(libc_a-writer.o)
                0x082089c8                _write_r
 .text.__retarget_lock_init_recursive
                0x082089ec        0x2 c:/siliconlabs/simplicitystudio/v5/developer/toolchains/gnu_arm/12.2.rel1_2023.7/bin/../lib/gcc/arm-none-eabi/12.2.1/thumb/v7e-m+fp/softfp\libc_nano.a(libc_a-lock.o)
                0x082089ec                __retarget_lock_init_recursive
 .text.__retarget_lock_acquire_recursive
                0x082089ee        0x2 c:/siliconlabs/simplicitystudio/v5/developer/toolchains/gnu_arm/12.2.rel1_2023.7/bin/../lib/gcc/arm-none-eabi/12.2.1/thumb/v7e-m+fp/softfp\libc_nano.a(libc_a-lock.o)
                0x082089ee                __retarget_lock_acquire_recursive
 .text.__retarget_lock_release_recursive
                0x082089f0        0x2 c:/siliconlabs/simplicitystudio/v5/developer/toolchains/gnu_arm/12.2.rel1_2023.7/bin/../lib/gcc/arm-none-eabi/12.2.1/thumb/v7e-m+fp/softfp\libc_nano.a(libc_a-lock.o)
                0x082089f0                __retarget_lock_release_recursive
 .text.strcpy   0x082089f2       0x10 c:/siliconlabs/simplicitystudio/v5/developer/toolchains/gnu_arm/12.2.rel1_2023.7/bin/../lib/gcc/arm-none-eabi/12.2.1/thumb/v7e-m+fp/softfp\libc_nano.a(libc_a-strcpy.o)
                0x082089f2                strcpy
 *fill*         0x08208a02        0xe 
 .text          0x08208a10       0xa0 c:/siliconlabs/simplicitystudio/v5/developer/toolchains/gnu_arm/12.2.rel1_2023.7/bin/../lib/gcc/arm-none-eabi/12.2.1/thumb/v7e-m+fp/softfp\libc_nano.a(libc_a-memchr.o)
                0x08208a10                memchr
 .text.memcpy   0x08208ab0       0x1c c:/siliconlabs/simplicitystudio/v5/developer/toolchains/gnu_arm/12.2.rel1_2023.7/bin/../lib/gcc/arm-none-eabi/12.2.1/thumb/v7e-m+fp/softfp\libc_nano.a(libc_a-memcpy-stub.o)
                0x08208ab0                memcpy
 .text          0x08208acc       0x10 c:/siliconlabs/simplicitystudio/v5/developer/toolchains/gnu_arm/12.2.rel1_2023.7/bin/../lib/gcc/arm-none-eabi/12.2.1/thumb/v7e-m+fp/softfp\libc_nano.a(libc_a-strlen.o)
                0x08208acc                strlen
 .text.quorem   0x08208adc      0x110 c:/siliconlabs/simplicitystudio/v5/developer/toolchains/gnu_arm/12.2.rel1_2023.7/bin/../lib/gcc/arm-none-eabi/12.2.1/thumb/v7e-m+fp/softfp\libc_nano.a(libc_a-dtoa.o)
 *fill*         0x08208bec        0x4 
 .text._dtoa_r  0x08208bf0      0xc54 c:/siliconlabs/simplicitystudio/v5/developer/toolchains/gnu_arm/12.2.rel1_2023.7/bin/../lib/gcc/arm-none-eabi/12.2.1/thumb/v7e-m+fp/softfp\libc_nano.a(libc_a-dtoa.o)
                0x08208bf0                _dtoa_r
 .text._free_r  0x08209844       0x94 c:/siliconlabs/simplicitystudio/v5/developer/toolchains/gnu_arm/12.2.rel1_2023.7/bin/../lib/gcc/arm-none-eabi/12.2.1/thumb/v7e-m+fp/softfp\libc_nano.a(libc_a-freer.o)
                0x08209844                _free_r
 .text._Balloc  0x082098d8       0x80 c:/siliconlabs/simplicitystudio/v5/developer/toolchains/gnu_arm/12.2.rel1_2023.7/bin/../lib/gcc/arm-none-eabi/12.2.1/thumb/v7e-m+fp/softfp\libc_nano.a(libc_a-mprec.o)
                0x082098d8                _Balloc
 .text._Bfree   0x08209958       0x44 c:/siliconlabs/simplicitystudio/v5/developer/toolchains/gnu_arm/12.2.rel1_2023.7/bin/../lib/gcc/arm-none-eabi/12.2.1/thumb/v7e-m+fp/softfp\libc_nano.a(libc_a-mprec.o)
                0x08209958                _Bfree
 .text.__multadd
                0x0820999c       0x8c c:/siliconlabs/simplicitystudio/v5/developer/toolchains/gnu_arm/12.2.rel1_2023.7/bin/../lib/gcc/arm-none-eabi/12.2.1/thumb/v7e-m+fp/softfp\libc_nano.a(libc_a-mprec.o)
                0x0820999c                __multadd
 .text.__hi0bits
                0x08209a28       0x44 c:/siliconlabs/simplicitystudio/v5/developer/toolchains/gnu_arm/12.2.rel1_2023.7/bin/../lib/gcc/arm-none-eabi/12.2.1/thumb/v7e-m+fp/softfp\libc_nano.a(libc_a-mprec.o)
                0x08209a28                __hi0bits
 .text.__lo0bits
                0x08209a6c       0x5a c:/siliconlabs/simplicitystudio/v5/developer/toolchains/gnu_arm/12.2.rel1_2023.7/bin/../lib/gcc/arm-none-eabi/12.2.1/thumb/v7e-m+fp/softfp\libc_nano.a(libc_a-mprec.o)
                0x08209a6c                __lo0bits
 *fill*         0x08209ac6        0x2 
 .text.__i2b    0x08209ac8       0x2c c:/siliconlabs/simplicitystudio/v5/developer/toolchains/gnu_arm/12.2.rel1_2023.7/bin/../lib/gcc/arm-none-eabi/12.2.1/thumb/v7e-m+fp/softfp\libc_nano.a(libc_a-mprec.o)
                0x08209ac8                __i2b
 .text.__multiply
                0x08209af4      0x154 c:/siliconlabs/simplicitystudio/v5/developer/toolchains/gnu_arm/12.2.rel1_2023.7/bin/../lib/gcc/arm-none-eabi/12.2.1/thumb/v7e-m+fp/softfp\libc_nano.a(libc_a-mprec.o)
                0x08209af4                __multiply
 .text.__pow5mult
                0x08209c48       0xb4 c:/siliconlabs/simplicitystudio/v5/developer/toolchains/gnu_arm/12.2.rel1_2023.7/bin/../lib/gcc/arm-none-eabi/12.2.1/thumb/v7e-m+fp/softfp\libc_nano.a(libc_a-mprec.o)
                0x08209c48                __pow5mult
 .text.__lshift
                0x08209cfc       0xd8 c:/siliconlabs/simplicitystudio/v5/developer/toolchains/gnu_arm/12.2.rel1_2023.7/bin/../lib/gcc/arm-none-eabi/12.2.1/thumb/v7e-m+fp/softfp\libc_nano.a(libc_a-mprec.o)
                0x08209cfc                __lshift
 .text.__mcmp   0x08209dd4       0x36 c:/siliconlabs/simplicitystudio/v5/developer/toolchains/gnu_arm/12.2.rel1_2023.7/bin/../lib/gcc/arm-none-eabi/12.2.1/thumb/v7e-m+fp/softfp\libc_nano.a(libc_a-mprec.o)
                0x08209dd4                __mcmp
 *fill*         0x08209e0a        0x2 
 .text.__mdiff  0x08209e0c      0x128 c:/siliconlabs/simplicitystudio/v5/developer/toolchains/gnu_arm/12.2.rel1_2023.7/bin/../lib/gcc/arm-none-eabi/12.2.1/thumb/v7e-m+fp/softfp\libc_nano.a(libc_a-mprec.o)
                0x08209e0c                __mdiff
 .text.__d2b    0x08209f34       0xb0 c:/siliconlabs/simplicitystudio/v5/developer/toolchains/gnu_arm/12.2.rel1_2023.7/bin/../lib/gcc/arm-none-eabi/12.2.1/thumb/v7e-m+fp/softfp\libc_nano.a(libc_a-mprec.o)
                0x08209f34                __d2b
 .text.__ssputs_r
                0x08209fe4       0xb6 c:/siliconlabs/simplicitystudio/v5/developer/toolchains/gnu_arm/12.2.rel1_2023.7/bin/../lib/gcc/arm-none-eabi/12.2.1/thumb/v7e-m+fp/softfp\libc_nano.a(libc_a-nano-svfprintf.o)
                0x08209fe4                __ssputs_r
 *fill*         0x0820a09a        0x2 
 .text._svfprintf_r
                0x0820a09c      0x1f8 c:/siliconlabs/simplicitystudio/v5/developer/toolchains/gnu_arm/12.2.rel1_2023.7/bin/../lib/gcc/arm-none-eabi/12.2.1/thumb/v7e-m+fp/softfp\libc_nano.a(libc_a-nano-svfprintf.o)
                0x0820a09c                _svfiprintf_r
                0x0820a09c                _svfprintf_r
 .text.__sfputc_r
                0x0820a294       0x2e c:/siliconlabs/simplicitystudio/v5/developer/toolchains/gnu_arm/12.2.rel1_2023.7/bin/../lib/gcc/arm-none-eabi/12.2.1/thumb/v7e-m+fp/softfp\libc_nano.a(libc_a-nano-vfprintf.o)
 .text.__sfputs_r
                0x0820a2c2       0x24 c:/siliconlabs/simplicitystudio/v5/developer/toolchains/gnu_arm/12.2.rel1_2023.7/bin/../lib/gcc/arm-none-eabi/12.2.1/thumb/v7e-m+fp/softfp\libc_nano.a(libc_a-nano-vfprintf.o)
                0x0820a2c2                __sfputs_r
 *fill*         0x0820a2e6        0x2 
 .text._vfprintf_r
                0x0820a2e8      0x230 c:/siliconlabs/simplicitystudio/v5/developer/toolchains/gnu_arm/12.2.rel1_2023.7/bin/../lib/gcc/arm-none-eabi/12.2.1/thumb/v7e-m+fp/softfp\libc_nano.a(libc_a-nano-vfprintf.o)
                0x0820a2e8                _vfprintf_r
                0x0820a2e8                _vfiprintf_r
 .text.__sflush_r
                0x0820a518      0x108 c:/siliconlabs/simplicitystudio/v5/developer/toolchains/gnu_arm/12.2.rel1_2023.7/bin/../lib/gcc/arm-none-eabi/12.2.1/thumb/v7e-m+fp/softfp\libc_nano.a(libc_a-fflush.o)
                0x0820a518                __sflush_r
 .text._fflush_r
                0x0820a620       0x50 c:/siliconlabs/simplicitystudio/v5/developer/toolchains/gnu_arm/12.2.rel1_2023.7/bin/../lib/gcc/arm-none-eabi/12.2.1/thumb/v7e-m+fp/softfp\libc_nano.a(libc_a-fflush.o)
                0x0820a620                _fflush_r
 .text.__swhatbuf_r
                0x0820a670       0x4c c:/siliconlabs/simplicitystudio/v5/developer/toolchains/gnu_arm/12.2.rel1_2023.7/bin/../lib/gcc/arm-none-eabi/12.2.1/thumb/v7e-m+fp/softfp\libc_nano.a(libc_a-makebuf.o)
                0x0820a670                __swhatbuf_r
 .text.__smakebuf_r
                0x0820a6bc       0x78 c:/siliconlabs/simplicitystudio/v5/developer/toolchains/gnu_arm/12.2.rel1_2023.7/bin/../lib/gcc/arm-none-eabi/12.2.1/thumb/v7e-m+fp/softfp\libc_nano.a(libc_a-makebuf.o)
                0x0820a6bc                __smakebuf_r
 .text._fstat_r
                0x0820a734       0x24 c:/siliconlabs/simplicitystudio/v5/developer/toolchains/gnu_arm/12.2.rel1_2023.7/bin/../lib/gcc/arm-none-eabi/12.2.1/thumb/v7e-m+fp/softfp\libc_nano.a(libc_a-fstatr.o)
                0x0820a734                _fstat_r
 .text._isatty_r
                0x0820a758       0x20 c:/siliconlabs/simplicitystudio/v5/developer/toolchains/gnu_arm/12.2.rel1_2023.7/bin/../lib/gcc/arm-none-eabi/12.2.1/thumb/v7e-m+fp/softfp\libc_nano.a(libc_a-isattyr.o)
                0x0820a758                _isatty_r
 .text.__assert_func
                0x0820a778       0x3c c:/siliconlabs/simplicitystudio/v5/developer/toolchains/gnu_arm/12.2.rel1_2023.7/bin/../lib/gcc/arm-none-eabi/12.2.1/thumb/v7e-m+fp/softfp\libc_nano.a(libc_a-assert.o)
                0x0820a778                __assert_func
 .text._calloc_r
                0x0820a7b4       0x28 c:/siliconlabs/simplicitystudio/v5/developer/toolchains/gnu_arm/12.2.rel1_2023.7/bin/../lib/gcc/arm-none-eabi/12.2.1/thumb/v7e-m+fp/softfp\libc_nano.a(libc_a-callocr.o)
                0x0820a7b4                _calloc_r
 .text.__ascii_mbtowc
                0x0820a7dc       0x24 c:/siliconlabs/simplicitystudio/v5/developer/toolchains/gnu_arm/12.2.rel1_2023.7/bin/../lib/gcc/arm-none-eabi/12.2.1/thumb/v7e-m+fp/softfp\libc_nano.a(libc_a-mbtowc_r.o)
                0x0820a7dc                __ascii_mbtowc
 .text._realloc_r
                0x0820a800       0x5c c:/siliconlabs/simplicitystudio/v5/developer/toolchains/gnu_arm/12.2.rel1_2023.7/bin/../lib/gcc/arm-none-eabi/12.2.1/thumb/v7e-m+fp/softfp\libc_nano.a(libc_a-reallocr.o)
                0x0820a800                _realloc_r
 .text.__ascii_wctomb
                0x0820a85c       0x1a c:/siliconlabs/simplicitystudio/v5/developer/toolchains/gnu_arm/12.2.rel1_2023.7/bin/../lib/gcc/arm-none-eabi/12.2.1/thumb/v7e-m+fp/softfp\libc_nano.a(libc_a-wctomb_r.o)
                0x0820a85c                __ascii_wctomb
 *fill*         0x0820a876        0x2 
 .text.fprintf  0x0820a878       0x24 c:/siliconlabs/simplicitystudio/v5/developer/toolchains/gnu_arm/12.2.rel1_2023.7/bin/../lib/gcc/arm-none-eabi/12.2.1/thumb/v7e-m+fp/softfp\libc_nano.a(libc_a-fprintf.o)
                0x0820a878                fiprintf
                0x0820a878                fprintf
 .text.abort    0x0820a89c        0xe c:/siliconlabs/simplicitystudio/v5/developer/toolchains/gnu_arm/12.2.rel1_2023.7/bin/../lib/gcc/arm-none-eabi/12.2.1/thumb/v7e-m+fp/softfp\libc_nano.a(libc_a-abort.o)
                0x0820a89c                abort
 .text._malloc_usable_size_r
                0x0820a8aa       0x10 c:/siliconlabs/simplicitystudio/v5/developer/toolchains/gnu_arm/12.2.rel1_2023.7/bin/../lib/gcc/arm-none-eabi/12.2.1/thumb/v7e-m+fp/softfp\libc_nano.a(libc_a-msizer.o)
                0x0820a8aa                _malloc_usable_size_r
 .text._raise_r
                0x0820a8ba       0x50 c:/siliconlabs/simplicitystudio/v5/developer/toolchains/gnu_arm/12.2.rel1_2023.7/bin/../lib/gcc/arm-none-eabi/12.2.1/thumb/v7e-m+fp/softfp\libc_nano.a(libc_a-signal.o)
                0x0820a8ba                _raise_r
 *fill*         0x0820a90a        0x2 
 .text.raise    0x0820a90c       0x10 c:/siliconlabs/simplicitystudio/v5/developer/toolchains/gnu_arm/12.2.rel1_2023.7/bin/../lib/gcc/arm-none-eabi/12.2.1/thumb/v7e-m+fp/softfp\libc_nano.a(libc_a-signal.o)
                0x0820a90c                raise
 .text._kill_r  0x0820a91c       0x24 c:/siliconlabs/simplicitystudio/v5/developer/toolchains/gnu_arm/12.2.rel1_2023.7/bin/../lib/gcc/arm-none-eabi/12.2.1/thumb/v7e-m+fp/softfp\libc_nano.a(libc_a-signalr.o)
                0x0820a91c                _kill_r
 .text._getpid_r
                0x0820a940        0x4 c:/siliconlabs/simplicitystudio/v5/developer/toolchains/gnu_arm/12.2.rel1_2023.7/bin/../lib/gcc/arm-none-eabi/12.2.1/thumb/v7e-m+fp/softfp\libc_nano.a(libc_a-signalr.o)
                0x0820a940                _getpid_r
 .text          0x0820a944      0x110 c:/siliconlabs/simplicitystudio/v5/developer/toolchains/gnu_arm/12.2.rel1_2023.7/bin/../lib/gcc/arm-none-eabi/12.2.1/thumb/v7e-m+fp/softfp\libgcc.a(_arm_cmpdf2.o)
                0x0820a944                __gtdf2
                0x0820a944                __gedf2
                0x0820a94c                __ltdf2
                0x0820a94c                __ledf2
                0x0820a954                __nedf2
                0x0820a954                __eqdf2
                0x0820a954                __cmpdf2
                0x0820a9d0                __aeabi_cdrcmple
                0x0820a9e0                __aeabi_cdcmpeq
                0x0820a9e0                __aeabi_cdcmple
                0x0820a9f0                __aeabi_dcmpeq
                0x0820aa04                __aeabi_dcmplt
                0x0820aa18                __aeabi_dcmple
                0x0820aa2c                __aeabi_dcmpge
                0x0820aa40                __aeabi_dcmpgt
 .text          0x0820aa54       0x2c c:/siliconlabs/simplicitystudio/v5/developer/toolchains/gnu_arm/12.2.rel1_2023.7/bin/../lib/gcc/arm-none-eabi/12.2.1/thumb/v7e-m+fp/softfp\libgcc.a(_arm_unorddf2.o)
                0x0820aa54                __unorddf2
                0x0820aa54                __aeabi_dcmpun
 .text          0x0820aa80       0x50 c:/siliconlabs/simplicitystudio/v5/developer/toolchains/gnu_arm/12.2.rel1_2023.7/bin/../lib/gcc/arm-none-eabi/12.2.1/thumb/v7e-m+fp/softfp\libgcc.a(_arm_fixdfsi.o)
                0x0820aa80                __aeabi_d2iz
                0x0820aa80                __fixdfsi
 .text._sbrk    0x0820aad0       0x1c c:/siliconlabs/simplicitystudio/v5/developer/toolchains/gnu_arm/12.2.rel1_2023.7/bin/../lib/gcc/arm-none-eabi/12.2.1/thumb/v7e-m+fp/softfp\libnosys.a(sbrk.o)
                0x0820aad0                _sbrk
 *fill*         0x0820aaec        0x4 
 .text._sbrk.__stub
                0x0820aaf0      0x118 linker stubs
 *crtbegin.o(.ctors)
 *crtbegin?.o(.ctors)
 *(EXCLUDE_FILE(*crtend.o *crtend?.o) .ctors)
 *(SORT_BY_NAME(.ctors.*))
 *(.ctors)
 *crtbegin.o(.dtors)
 *crtbegin?.o(.dtors)
 *(EXCLUDE_FILE(*crtend.o *crtend?.o) .dtors)
 *(SORT_BY_NAME(.dtors.*))
 *(.dtors)
 *(.rodata*)
 .rodata.ampak_m4_sleep_wakeup.str1.1
                0x0820ac08       0x8a ./ampak_wl72917/power_save_manager.o
 .rodata.application_start.str1.1
                0x0820ac92      0x11a ./app.o
                                0x11c (size before relaxing)
 .rodata.str1.1
                0x0820adac        0x4 ./app.o
 .rodata.thread_attributes
                0x0820adb0       0x24 ./app.o
                0x0820adb0                thread_attributes
 .rodata.station_init_configuration
                0x0820add4       0x38 ./app.o
 .rodata.vTaskStartScheduler.str1.1
                0x0820ae0c        0x5 ./gecko_sdk_4.4.1/util/third_party/freertos/kernel/tasks.o
 .rodata.prvCheckForValidListAndQueue.str1.1
                0x0820ae11        0x5 ./gecko_sdk_4.4.1/util/third_party/freertos/kernel/timers.o
 .rodata.xTimerCreateTimerTask.str1.1
                0x0820ae16        0x8 ./gecko_sdk_4.4.1/util/third_party/freertos/kernel/timers.o
 .rodata.print_sl_ipv4_address.str1.1
                0x0820ae1e        0xc ./wiseconnect3_sdk_3.1.4/components/common/src/sl_utility.o
 .rodata.sl_inet_ntop6.str1.1
                0x0820ae2a        0xe ./wiseconnect3_sdk_3.1.4/components/common/src/sl_utility.o
 .rodata.print_sl_ipv6_address.str1.1
                0x0820ae38        0x5 ./wiseconnect3_sdk_3.1.4/components/common/src/sl_utility.o
 .rodata.print_firmware_version.str1.1
                0x0820ae3d       0x30 ./wiseconnect3_sdk_3.1.4/components/common/src/sl_utility.o
 *fill*         0x0820ae6d        0x3 
 .rodata.Driver_ULP_UART
                0x0820ae70       0x38 ./wiseconnect3_sdk_3.1.4/components/device/silabs/si91x/mcu/drivers/cmsis_driver/USART.o
                0x0820ae70                Driver_ULP_UART
 .rodata.ulp_uart_rts
                0x0820aea8        0x4 ./wiseconnect3_sdk_3.1.4/components/device/silabs/si91x/mcu/drivers/cmsis_driver/USART.o
 .rodata.ulp_uart_cts
                0x0820aeac        0x4 ./wiseconnect3_sdk_3.1.4/components/device/silabs/si91x/mcu/drivers/cmsis_driver/USART.o
 .rodata.ulp_uart_rx
                0x0820aeb0        0x4 ./wiseconnect3_sdk_3.1.4/components/device/silabs/si91x/mcu/drivers/cmsis_driver/USART.o
 .rodata.ulp_uart_tx
                0x0820aeb4        0x4 ./wiseconnect3_sdk_3.1.4/components/device/silabs/si91x/mcu/drivers/cmsis_driver/USART.o
 .rodata.uart1_rts
                0x0820aeb8        0x4 ./wiseconnect3_sdk_3.1.4/components/device/silabs/si91x/mcu/drivers/cmsis_driver/USART.o
 .rodata.uart1_cts
                0x0820aebc        0x4 ./wiseconnect3_sdk_3.1.4/components/device/silabs/si91x/mcu/drivers/cmsis_driver/USART.o
 .rodata.uart1_rx
                0x0820aec0        0x4 ./wiseconnect3_sdk_3.1.4/components/device/silabs/si91x/mcu/drivers/cmsis_driver/USART.o
 .rodata.uart1_tx
                0x0820aec4        0x4 ./wiseconnect3_sdk_3.1.4/components/device/silabs/si91x/mcu/drivers/cmsis_driver/USART.o
 .rodata.usart0_ir_rx
                0x0820aec8        0x4 ./wiseconnect3_sdk_3.1.4/components/device/silabs/si91x/mcu/drivers/cmsis_driver/USART.o
 .rodata.usart0_ir_tx
                0x0820aecc        0x4 ./wiseconnect3_sdk_3.1.4/components/device/silabs/si91x/mcu/drivers/cmsis_driver/USART.o
 .rodata.usart0_rts
                0x0820aed0        0x4 ./wiseconnect3_sdk_3.1.4/components/device/silabs/si91x/mcu/drivers/cmsis_driver/USART.o
 .rodata.usart0_cts
                0x0820aed4        0x4 ./wiseconnect3_sdk_3.1.4/components/device/silabs/si91x/mcu/drivers/cmsis_driver/USART.o
 .rodata.usart0_rx
                0x0820aed8        0x4 ./wiseconnect3_sdk_3.1.4/components/device/silabs/si91x/mcu/drivers/cmsis_driver/USART.o
 .rodata.usart0_tx
                0x0820aedc        0x4 ./wiseconnect3_sdk_3.1.4/components/device/silabs/si91x/mcu/drivers/cmsis_driver/USART.o
 .rodata.usart0_clock
                0x0820aee0        0x4 ./wiseconnect3_sdk_3.1.4/components/device/silabs/si91x/mcu/drivers/cmsis_driver/USART.o
 .rodata.UsartDriverVersion
                0x0820aee4        0x4 ./wiseconnect3_sdk_3.1.4/components/device/silabs/si91x/mcu/drivers/cmsis_driver/USART.o
 .rodata.sli_m4_interrupt_isr.str1.1
                0x0820aee8       0xbb ./wiseconnect3_sdk_3.1.4/components/device/silabs/si91x/wireless/ahb_interface/src/rsi_hal_mcu_m4_rom.o
 .rodata.__func__.0
                0x0820afa3       0x15 ./wiseconnect3_sdk_3.1.4/components/device/silabs/si91x/wireless/ahb_interface/src/rsi_hal_mcu_m4_rom.o
 .rodata.CSWTCH.5
                0x0820afb8       0x1d ./wiseconnect3_sdk_3.1.4/components/device/silabs/si91x/wireless/ahb_interface/src/sl_platform.o
 .rodata.sl_si91x_trigger_sleep.str1.1
                0x0820afd5       0x1e ./wiseconnect3_sdk_3.1.4/components/device/silabs/si91x/wireless/ahb_interface/src/sl_platform_wireless.o
 .rodata.sli_si91x_submit_rx_pkt.str1.1
                0x0820aff3       0xc4 ./wiseconnect3_sdk_3.1.4/components/device/silabs/si91x/wireless/ahb_interface/src/sl_si91x_bus.o
 .rodata.sli_si91x_config_m4_dma_desc_on_reset.str1.1
                0x0820b0b7       0x25 ./wiseconnect3_sdk_3.1.4/components/device/silabs/si91x/wireless/ahb_interface/src/sl_si91x_bus.o
 .rodata.__func__.0
                0x0820b0dc       0x26 ./wiseconnect3_sdk_3.1.4/components/device/silabs/si91x/wireless/ahb_interface/src/sl_si91x_bus.o
 .rodata.__func__.1
                0x0820b102       0x18 ./wiseconnect3_sdk_3.1.4/components/device/silabs/si91x/wireless/ahb_interface/src/sl_si91x_bus.o
 .rodata.sl_net_si91x_event_dispatch_handler.str1.1
                0x0820b11a       0xc4 ./wiseconnect3_sdk_3.1.4/components/device/silabs/si91x/wireless/sl_net/src/sl_net_si91x_integration_handler.o
 .rodata.__func__.0
                0x0820b1de       0x24 ./wiseconnect3_sdk_3.1.4/components/device/silabs/si91x/wireless/sl_net/src/sl_net_si91x_integration_handler.o
 .rodata.si91x_socket_identification_function.str1.1
                0x0820b202       0x96 ./wiseconnect3_sdk_3.1.4/components/device/silabs/si91x/wireless/socket/src/sl_si91x_socket_utility.o
                                 0xc8 (size before relaxing)
 .rodata.__func__.0
                0x0820b298       0x25 ./wiseconnect3_sdk_3.1.4/components/device/silabs/si91x/wireless/socket/src/sl_si91x_socket_utility.o
 .rodata.sl_si91x_platform_init.str1.1
                0x0820b2bd       0x16 ./wiseconnect3_sdk_3.1.4/components/device/silabs/si91x/wireless/src/sl_rsi_utility.o
 .rodata.sl_si91x_driver_wait_for_response_packet.str1.1
                0x0820b2d3       0xb5 ./wiseconnect3_sdk_3.1.4/components/device/silabs/si91x/wireless/src/sl_si91x_driver.o
 .rodata.sl_si91x_set_device_region.str1.1
                0x0820b388       0x14 ./wiseconnect3_sdk_3.1.4/components/device/silabs/si91x/wireless/src/sl_si91x_driver.o
 .rodata.__func__.3
                0x0820b39c       0x29 ./wiseconnect3_sdk_3.1.4/components/device/silabs/si91x/wireless/src/sl_si91x_driver.o
 *fill*         0x0820b3c5        0x3 
 .rodata.response_event_map
                0x0820b3c8       0x14 ./wiseconnect3_sdk_3.1.4/components/device/silabs/si91x/wireless/src/sl_si91x_driver.o
 .rodata.firmware_queue_id
                0x0820b3dc        0x5 ./wiseconnect3_sdk_3.1.4/components/device/silabs/si91x/wireless/src/sl_si91x_driver.o
 *fill*         0x0820b3e1        0x3 
 .rodata        0x0820b3e4       0x10 ./wiseconnect3_sdk_3.1.4/components/device/silabs/si91x/wireless/src/sl_si91x_driver.o
 .rodata.sl_create_generic_rx_packet_from_params.str1.1
                0x0820b3f4       0x95 ./wiseconnect3_sdk_3.1.4/components/device/silabs/si91x/wireless/threading/sli_si91x_multithreaded.o
                                 0xc7 (size before relaxing)
 .rodata.si91x_bus_thread.str1.1
                0x0820b489       0xcd ./wiseconnect3_sdk_3.1.4/components/device/silabs/si91x/wireless/threading/sli_si91x_multithreaded.o
 .rodata.__func__.0
                0x0820b556       0x10 ./wiseconnect3_sdk_3.1.4/components/device/silabs/si91x/wireless/threading/sli_si91x_multithreaded.o
 .rodata.__func__.1
                0x0820b566       0x11 ./wiseconnect3_sdk_3.1.4/components/device/silabs/si91x/wireless/threading/sli_si91x_multithreaded.o
 .rodata.__func__.2
                0x0820b577       0x28 ./wiseconnect3_sdk_3.1.4/components/device/silabs/si91x/wireless/threading/sli_si91x_multithreaded.o
 .rodata.sl_wifi_connect.str1.1
                0x0820b59f       0x1f ./wiseconnect3_sdk_3.1.4/components/protocol/wifi/si91x/sl_wifi.o
                                 0x24 (size before relaxing)
 .rodata.sl_wifi_btr_set_channel.str1.1
                0x0820b5be       0xc1 ./wiseconnect3_sdk_3.1.4/components/protocol/wifi/si91x/sl_wifi.o
 .rodata.sl_wifi_btr_up.str1.1
                0x0820b67f      0x1fd ./wiseconnect3_sdk_3.1.4/components/protocol/wifi/si91x/sl_wifi.o
 .rodata.__func__.0
                0x0820b87c        0xf ./wiseconnect3_sdk_3.1.4/components/protocol/wifi/si91x/sl_wifi.o
 .rodata.__func__.1
                0x0820b88b       0x1a ./wiseconnect3_sdk_3.1.4/components/protocol/wifi/si91x/sl_wifi.o
 .rodata.__func__.2
                0x0820b8a5       0x18 ./wiseconnect3_sdk_3.1.4/components/protocol/wifi/si91x/sl_wifi.o
 *fill*         0x0820b8bd        0x3 
 .rodata.sl_wifi_default_btr_configuration
                0x0820b8c0       0x38 ./wiseconnect3_sdk_3.1.4/components/service/network_manager/src/sl_net.o
 .rodata.sl_wifi_default_ap_configuration
                0x0820b8f8       0x38 ./wiseconnect3_sdk_3.1.4/components/service/network_manager/src/sl_net.o
 .rodata.sl_wifi_default_client_configuration
                0x0820b930       0x38 ./wiseconnect3_sdk_3.1.4/components/service/network_manager/src/sl_net.o
 .rodata        0x0820b968       0x20 ./wiseconnect3_sdk_3.1.4/components/service/network_manager/src/sl_net.o
 .rodata._ctype_
                0x0820b988      0x101 c:/siliconlabs/simplicitystudio/v5/developer/toolchains/gnu_arm/12.2.rel1_2023.7/bin/../lib/gcc/arm-none-eabi/12.2.1/thumb/v7e-m+fp/softfp\libc_nano.a(libc_a-ctype_.o)
                0x0820b988                _ctype_
 .rodata._printf_float.str1.1
                0x0820ba89       0x12 c:/siliconlabs/simplicitystudio/v5/developer/toolchains/gnu_arm/12.2.rel1_2023.7/bin/../lib/gcc/arm-none-eabi/12.2.1/thumb/v7e-m+fp/softfp\libc_nano.a(libc_a-nano-vfprintf_float.o)
 .rodata._printf_i.str1.1